#
# There is insufficient memory for the Java Runtime Environment to continue.
# Native memory allocation (malloc) failed to allocate 1259536 bytes. Error detail: Chunk::new
# Possible reasons:
#   The system is out of physical RAM or swap space
#   This process is running with CompressedOops enabled, and the Java Heap may be blocking the growth of the native heap
# Possible solutions:
#   Reduce memory load on the system
#   Increase physical memory or swap space
#   Check if swap backing store is full
#   Decrease Java heap size (-Xmx/-Xms)
#   Decrease number of Java threads
#   Decrease Java thread stack sizes (-Xss)
#   Set larger code cache with -XX:ReservedCodeCacheSize=
#   JVM is running with Unscaled Compressed Oops mode in which the Java heap is
#     placed in the first 4GB address space. The Java Heap base address is the
#     maximum limit for the native heap growth. Please use -XX:HeapBaseMinAddress
#     to set the Java Heap base and to place the Java Heap above 4GB virtual address.
# This output file may be truncated or incomplete.
#
#  Out of Memory Error (arena.cpp:168), pid=27120, tid=27376
#
# JRE version: OpenJDK Runtime Environment Temurin-21.0.10+7 (21.0.10+7) (build 21.0.10+7-LTS)
# Java VM: OpenJDK 64-Bit Server VM Temurin-21.0.10+7 (21.0.10+7-LTS, mixed mode, sharing, tiered, compressed oops, compressed class ptrs, parallel gc, windows-amd64)
# No core dump will be written. Minidumps are not enabled by default on client versions of Windows
#

---------------  S U M M A R Y ------------

Command Line: --add-modules=ALL-SYSTEM --add-opens=java.base/java.util=ALL-UNNAMED --add-opens=java.base/java.lang=ALL-UNNAMED --add-opens=java.base/sun.nio.fs=ALL-UNNAMED -Declipse.application=org.eclipse.jdt.ls.core.id1 -Dosgi.bundles.defaultStartLevel=4 -Declipse.product=org.eclipse.jdt.ls.core.product -Djava.import.generatesMetadataFilesAtProjectRoot=false -DDetectVMInstallationsJob.disabled=true -Dfile.encoding=utf8 -XX:+UseParallelGC -XX:GCTimeRatio=4 -XX:AdaptiveSizePolicyWeight=90 -Dsun.zip.disableMemoryMapping=true -Xmx2G -Xms100m -Xlog:disable -javaagent:c:\Users\Tam\.vscode\extensions\redhat.java-1.54.0-win32-x64\lombok\lombok-1.18.39-4050.jar -XX:+HeapDumpOnOutOfMemoryError -XX:HeapDumpPath=c:\Users\Tam\AppData\Roaming\Code\User\workspaceStorage\1d7532827261c6b6800ebf5311da248f\redhat.java -Daether.dependencyCollector.impl=bf c:\Users\Tam\.vscode\extensions\redhat.java-1.54.0-win32-x64\server\plugins\org.eclipse.equinox.launcher_1.7.100.v20251111-0406.jar -configuration c:\Users\Tam\AppData\Roaming\Code\User\globalStorage\redhat.java\1.54.0\config_win -data c:\Users\Tam\AppData\Roaming\Code\User\workspaceStorage\1d7532827261c6b6800ebf5311da248f\redhat.java\jdt_ws --pipe=\\.\pipe\lsp-9372d1b91da1d0afe125a24c1d2cc93d-sock

Host: 11th Gen Intel(R) Core(TM) i5-11400H @ 2.70GHz, 12 cores, 23G,  Windows 11 , 64 bit Build 26100 (10.0.26100.8246)
Time: Tue May  5 15:07:10 2026 SE Asia Standard Time elapsed time: 111.659715 seconds (0d 0h 1m 51s)

---------------  T H R E A D  ---------------

Current thread (0x000002b2254b5d80):  JavaThread "C2 CompilerThread1" daemon [_thread_in_native, id=27376, stack(0x000000fcf9c00000,0x000000fcf9d00000) (1024K)]


Current CompileTask:
C2:111659 29653       4       org.eclipse.sisu.plexus.CompositeBeanHelper::findMethod (124 bytes)

Stack: [0x000000fcf9c00000,0x000000fcf9d00000]
Native frames: (J=compiled Java code, j=interpreted, Vv=VM code, C=native code)
V  [jvm.dll+0x6d7a39]
V  [jvm.dll+0x8b4b26]
V  [jvm.dll+0x8b70de]
V  [jvm.dll+0x8b77c3]
V  [jvm.dll+0x284346]
V  [jvm.dll+0xc66ed]
V  [jvm.dll+0xc6c31]
V  [jvm.dll+0x3bec01]
V  [jvm.dll+0x38b162]
V  [jvm.dll+0x38a5aa]
V  [jvm.dll+0x24c560]
V  [jvm.dll+0x24bb40]
V  [jvm.dll+0x1cb34e]
V  [jvm.dll+0x25b85d]
V  [jvm.dll+0x259dea]
V  [jvm.dll+0x3f857e]
V  [jvm.dll+0x85f59d]
V  [jvm.dll+0x6d626d]
C  [ucrtbase.dll+0x37b0]
C  [KERNEL32.DLL+0x2e8d7]
C  [ntdll.dll+0x8c3fc]


---------------  P R O C E S S  ---------------

Threads class SMR info:
_java_thread_list=0x000002b22516d940, length=93, elements={
0x000002b1c0cbcf60, 0x000002b1c30dcb10, 0x000002b1c31d12a0, 0x000002b1c31d37b0,
0x000002b1c31d65a0, 0x000002b1c31e2990, 0x000002b1c31e6410, 0x000002b21bf2bfb0,
0x000002b21bf2fe20, 0x000002b21c10cd30, 0x000002b21c1a92f0, 0x000002b2216854c0,
0x000002b2217dd040, 0x000002b221517bb0, 0x000002b2218366e0, 0x000002b2217b37e0,
0x000002b221bbcf50, 0x000002b221f8fd00, 0x000002b221216df0, 0x000002b2212181a0,
0x000002b221217b10, 0x000002b221216760, 0x000002b221218830, 0x000002b2212160d0,
0x000002b221218ec0, 0x000002b221215a40, 0x000002b221217480, 0x000002b223418a60,
0x000002b2234190f0, 0x000002b223419e10, 0x000002b223419780, 0x000002b22341b850,
0x000002b22341a4a0, 0x000002b22341ab30, 0x000002b22341b1c0, 0x000002b2234183d0,
0x000002b22341e640, 0x000002b22341ecd0, 0x000002b22341d290, 0x000002b22341f360,
0x000002b22341d920, 0x000002b22341bee0, 0x000002b22767a350, 0x000002b22767d140,
0x000002b2276805c0, 0x000002b22767d7d0, 0x000002b223ca7e50, 0x000002b227148d40,
0x000002b2271493d0, 0x000002b227148020, 0x000002b227149a60, 0x000002b22714a0f0,
0x000002b22714b4a0, 0x000002b22714bb30, 0x000002b2271486b0, 0x000002b22714c1c0,
0x000002b22714c850, 0x000002b22714cee0, 0x000002b22714d570, 0x000002b22714dc00,
0x000002b22714a780, 0x000002b22714e290, 0x000002b22714e920, 0x000002b22714efb0,
0x000002b22714f640, 0x000002b23d4ce150, 0x000002b23d4cee70, 0x000002b23d4ce7e0,
0x000002b23d4ccda0, 0x000002b23d4cf500, 0x000002b23d4cd430, 0x000002b23d4cc710,
0x000002b23d4d0220, 0x000002b23d4d1c60, 0x000002b23d4d08b0, 0x000002b23d4d22f0,
0x000002b23d4d3010, 0x000002b23d4d36a0, 0x000002b23d4d3d30, 0x000002b228759dc0,
0x000002b2287606c0, 0x000002b227678fa0, 0x000002b22767a9e0, 0x000002b223ca6410,
0x000002b224df0b20, 0x000002b224df11b0, 0x000002b224df0490, 0x000002b224deea50,
0x000002b224df1840, 0x000002b224def770, 0x000002b224df2560, 0x000002b2254b5d80,
0x000002b2254b7f90
}

Java Threads: ( => current thread )
  0x000002b1c0cbcf60 JavaThread "main"                              [_thread_blocked, id=30056, stack(0x000000fcf7e00000,0x000000fcf7f00000) (1024K)]
  0x000002b1c30dcb10 JavaThread "Reference Handler"          daemon [_thread_blocked, id=30064, stack(0x000000fcf8200000,0x000000fcf8300000) (1024K)]
  0x000002b1c31d12a0 JavaThread "Finalizer"                  daemon [_thread_blocked, id=29156, stack(0x000000fcf8300000,0x000000fcf8400000) (1024K)]
  0x000002b1c31d37b0 JavaThread "Signal Dispatcher"          daemon [_thread_blocked, id=11732, stack(0x000000fcf8400000,0x000000fcf8500000) (1024K)]
  0x000002b1c31d65a0 JavaThread "Attach Listener"            daemon [_thread_blocked, id=27504, stack(0x000000fcf8500000,0x000000fcf8600000) (1024K)]
  0x000002b1c31e2990 JavaThread "Service Thread"             daemon [_thread_blocked, id=30296, stack(0x000000fcf8600000,0x000000fcf8700000) (1024K)]
  0x000002b1c31e6410 JavaThread "Monitor Deflation Thread"   daemon [_thread_blocked, id=10984, stack(0x000000fcf8700000,0x000000fcf8800000) (1024K)]
  0x000002b21bf2bfb0 JavaThread "C2 CompilerThread0"         daemon [_thread_blocked, id=25500, stack(0x000000fcf8800000,0x000000fcf8900000) (1024K)]
  0x000002b21bf2fe20 JavaThread "C1 CompilerThread0"         daemon [_thread_blocked, id=28008, stack(0x000000fcf8900000,0x000000fcf8a00000) (1024K)]
  0x000002b21c10cd30 JavaThread "Common-Cleaner"             daemon [_thread_blocked, id=28228, stack(0x000000fcf8b00000,0x000000fcf8c00000) (1024K)]
  0x000002b21c1a92f0 JavaThread "Notification Thread"        daemon [_thread_blocked, id=24828, stack(0x000000fcf8c00000,0x000000fcf8d00000) (1024K)]
  0x000002b2216854c0 JavaThread "Active Thread: Equinox Container: 8d8106cf-3a0e-420b-a7a0-d9f527afd080"        [_thread_blocked, id=15404, stack(0x000000fcf8a00000,0x000000fcf8b00000) (1024K)]
  0x000002b2217dd040 JavaThread "Refresh Thread: Equinox Container: 8d8106cf-3a0e-420b-a7a0-d9f527afd080" daemon [_thread_blocked, id=27412, stack(0x000000fcf9500000,0x000000fcf9600000) (1024K)]
  0x000002b221517bb0 JavaThread "Framework Event Dispatcher: Equinox Container: 8d8106cf-3a0e-420b-a7a0-d9f527afd080" daemon [_thread_blocked, id=27184, stack(0x000000fcf9600000,0x000000fcf9700000) (1024K)]
  0x000002b2218366e0 JavaThread "Start Level: Equinox Container: 8d8106cf-3a0e-420b-a7a0-d9f527afd080" daemon [_thread_blocked, id=29980, stack(0x000000fcf9700000,0x000000fcf9800000) (1024K)]
  0x000002b2217b37e0 JavaThread "Bundle File Closer"         daemon [_thread_blocked, id=11072, stack(0x000000fcf9900000,0x000000fcf9a00000) (1024K)]
  0x000002b221bbcf50 JavaThread "SCR Component Actor"        daemon [_thread_blocked, id=12412, stack(0x000000fcf9a00000,0x000000fcf9b00000) (1024K)]
  0x000002b221f8fd00 JavaThread "Worker-JM"                         [_thread_blocked, id=16716, stack(0x000000fcf9d00000,0x000000fcf9e00000) (1024K)]
  0x000002b221216df0 JavaThread "Worker-0"                          [_thread_blocked, id=23576, stack(0x000000fcf9e00000,0x000000fcf9f00000) (1024K)]
  0x000002b2212181a0 JavaThread "Worker-1"                          [_thread_blocked, id=18904, stack(0x000000fcf9f00000,0x000000fcfa000000) (1024K)]
  0x000002b221217b10 JavaThread "Java indexing"              daemon [_thread_blocked, id=26320, stack(0x000000fcfa000000,0x000000fcfa100000) (1024K)]
  0x000002b221216760 JavaThread "JNA Cleaner"                daemon [_thread_blocked, id=16188, stack(0x000000fcfa100000,0x000000fcfa200000) (1024K)]
  0x000002b221218830 JavaThread "Worker-2"                          [_thread_blocked, id=18068, stack(0x000000fcfa400000,0x000000fcfa500000) (1024K)]
  0x000002b2212160d0 JavaThread "Worker-3"                          [_thread_blocked, id=1048, stack(0x000000fcfa500000,0x000000fcfa600000) (1024K)]
  0x000002b221218ec0 JavaThread "Worker-4"                          [_thread_blocked, id=8788, stack(0x000000fcfa600000,0x000000fcfa700000) (1024K)]
  0x000002b221215a40 JavaThread "Worker-5: Building"                [_thread_blocked, id=28416, stack(0x000000fcfa700000,0x000000fcfa800000) (1024K)]
  0x000002b221217480 JavaThread "Thread-1"                   daemon [_thread_in_native, id=16652, stack(0x000000fcfa800000,0x000000fcfa900000) (1024K)]
  0x000002b223418a60 JavaThread "Thread-2"                   daemon [_thread_in_native, id=30336, stack(0x000000fcfa900000,0x000000fcfaa00000) (1024K)]
  0x000002b2234190f0 JavaThread "Thread-3"                   daemon [_thread_in_native, id=30232, stack(0x000000fcfaa00000,0x000000fcfab00000) (1024K)]
  0x000002b223419e10 JavaThread "Thread-4"                   daemon [_thread_in_native, id=3780, stack(0x000000fcfab00000,0x000000fcfac00000) (1024K)]
  0x000002b223419780 JavaThread "Thread-5"                   daemon [_thread_in_native, id=4476, stack(0x000000fcfac00000,0x000000fcfad00000) (1024K)]
  0x000002b22341b850 JavaThread "Thread-6"                   daemon [_thread_in_native, id=27544, stack(0x000000fcfad00000,0x000000fcfae00000) (1024K)]
  0x000002b22341a4a0 JavaThread "Thread-7"                   daemon [_thread_in_native, id=30076, stack(0x000000fcfae00000,0x000000fcfaf00000) (1024K)]
  0x000002b22341ab30 JavaThread "Thread-8"                   daemon [_thread_in_native, id=15156, stack(0x000000fcfaf00000,0x000000fcfb000000) (1024K)]
  0x000002b22341b1c0 JavaThread "Thread-9"                   daemon [_thread_in_native, id=27748, stack(0x000000fcfb000000,0x000000fcfb100000) (1024K)]
  0x000002b2234183d0 JavaThread "Thread-10"                  daemon [_thread_in_native, id=28840, stack(0x000000fcfb100000,0x000000fcfb200000) (1024K)]
  0x000002b22341e640 JavaThread "Thread-11"                  daemon [_thread_in_native, id=4500, stack(0x000000fcfb200000,0x000000fcfb300000) (1024K)]
  0x000002b22341ecd0 JavaThread "Thread-12"                  daemon [_thread_in_native, id=2816, stack(0x000000fcfb300000,0x000000fcfb400000) (1024K)]
  0x000002b22341d290 JavaThread "Thread-13"                  daemon [_thread_in_native, id=30072, stack(0x000000fcfb400000,0x000000fcfb500000) (1024K)]
  0x000002b22341f360 JavaThread "pool-2-thread-1"                   [_thread_blocked, id=24708, stack(0x000000fcfb500000,0x000000fcfb600000) (1024K)]
  0x000002b22341d920 JavaThread "WorkspaceEventsHandler"            [_thread_blocked, id=21116, stack(0x000000fcfb700000,0x000000fcfb800000) (1024K)]
  0x000002b22341bee0 JavaThread "pool-1-thread-1"                   [_thread_blocked, id=12112, stack(0x000000fcfb800000,0x000000fcfb900000) (1024K)]
  0x000002b22767a350 JavaThread "ForkJoinPool.commonPool-worker-1" daemon [_thread_blocked, id=13736, stack(0x000000fcf7b00000,0x000000fcf7c00000) (1024K)]
  0x000002b22767d140 JavaThread "Worker-6: Initialize workspace"        [_thread_blocked, id=30504, stack(0x000000fcf9b00000,0x000000fcf9c00000) (1024K)]
  0x000002b2276805c0 JavaThread "ForkJoinPool.commonPool-worker-2" daemon [_thread_blocked, id=4668, stack(0x000000fcf7d00000,0x000000fcf7e00000) (1024K)]
  0x000002b22767d7d0 JavaThread "ForkJoinPool.commonPool-worker-3" daemon [_thread_blocked, id=26032, stack(0x000000fcfb900000,0x000000fcfba00000) (1024K)]
  0x000002b223ca7e50 JavaThread "Worker-7"                          [_thread_blocked, id=2136, stack(0x000000fcfba00000,0x000000fcfbb00000) (1024K)]
  0x000002b227148d40 JavaThread "LocalFile Deleter"          daemon [_thread_blocked, id=26860, stack(0x000000fcfbb00000,0x000000fcfbc00000) (1024K)]
  0x000002b2271493d0 JavaThread "LocalFile Deleter"          daemon [_thread_blocked, id=18944, stack(0x000000fcfbc00000,0x000000fcfbd00000) (1024K)]
  0x000002b227148020 JavaThread "LocalFile Deleter"          daemon [_thread_blocked, id=26080, stack(0x000000fcfbd00000,0x000000fcfbe00000) (1024K)]
  0x000002b227149a60 JavaThread "LocalFile Deleter"          daemon [_thread_blocked, id=29524, stack(0x000000fcfbe00000,0x000000fcfbf00000) (1024K)]
  0x000002b22714a0f0 JavaThread "LocalFile Deleter"          daemon [_thread_blocked, id=19376, stack(0x000000fcfbf00000,0x000000fcfc000000) (1024K)]
  0x000002b22714b4a0 JavaThread "LocalFile Deleter"          daemon [_thread_blocked, id=2232, stack(0x000000fcfc000000,0x000000fcfc100000) (1024K)]
  0x000002b22714bb30 JavaThread "LocalFile Deleter"          daemon [_thread_blocked, id=25984, stack(0x000000fcfc100000,0x000000fcfc200000) (1024K)]
  0x000002b2271486b0 JavaThread "Compiler Source File Reader" daemon [_thread_blocked, id=30136, stack(0x000000fcfc200000,0x000000fcfc300000) (1024K)]
  0x000002b22714c1c0 JavaThread "Compiler Source File Reader" daemon [_thread_blocked, id=3332, stack(0x000000fcfc300000,0x000000fcfc400000) (1024K)]
  0x000002b22714c850 JavaThread "Compiler Source File Reader" daemon [_thread_blocked, id=18828, stack(0x000000fcfc400000,0x000000fcfc500000) (1024K)]
  0x000002b22714cee0 JavaThread "Compiler Source File Reader" daemon [_thread_blocked, id=26564, stack(0x000000fcfc500000,0x000000fcfc600000) (1024K)]
  0x000002b22714d570 JavaThread "Compiler Source File Reader" daemon [_thread_blocked, id=24728, stack(0x000000fcfc600000,0x000000fcfc700000) (1024K)]
  0x000002b22714dc00 JavaThread "Compiler Processing Task"   daemon [_thread_blocked, id=20020, stack(0x000000fcfc700000,0x000000fcfc800000) (1024K)]
  0x000002b22714a780 JavaThread "Compiler Class File Writer" daemon [_thread_blocked, id=27016, stack(0x000000fcfc800000,0x000000fcfc900000) (1024K)]
  0x000002b22714e290 JavaThread "Compiler Class File Writer" daemon [_thread_blocked, id=16264, stack(0x000000fcfc900000,0x000000fcfca00000) (1024K)]
  0x000002b22714e920 JavaThread "Compiler Class File Writer" daemon [_thread_blocked, id=7276, stack(0x000000fcfca00000,0x000000fcfcb00000) (1024K)]
  0x000002b22714efb0 JavaThread "Compiler Class File Writer" daemon [_thread_blocked, id=29752, stack(0x000000fcfcb00000,0x000000fcfcc00000) (1024K)]
  0x000002b22714f640 JavaThread "Compiler Class File Writer" daemon [_thread_blocked, id=29808, stack(0x000000fcfcc00000,0x000000fcfcd00000) (1024K)]
  0x000002b23d4ce150 JavaThread "LocalFile Deleter"          daemon [_thread_blocked, id=20660, stack(0x000000fcfcd00000,0x000000fcfce00000) (1024K)]
  0x000002b23d4cee70 JavaThread "LocalFile Deleter"          daemon [_thread_blocked, id=28344, stack(0x000000fcfce00000,0x000000fcfcf00000) (1024K)]
  0x000002b23d4ce7e0 JavaThread "LocalFile Deleter"          daemon [_thread_blocked, id=11336, stack(0x000000fcfcf00000,0x000000fcfd000000) (1024K)]
  0x000002b23d4ccda0 JavaThread "LocalFile Deleter"          daemon [_thread_blocked, id=15960, stack(0x000000fcfd000000,0x000000fcfd100000) (1024K)]
  0x000002b23d4cf500 JavaThread "LocalFile Deleter"          daemon [_thread_blocked, id=27520, stack(0x000000fcfd100000,0x000000fcfd200000) (1024K)]
  0x000002b23d4cd430 JavaThread "Compiler Source File Reader" daemon [_thread_blocked, id=24776, stack(0x000000fcfd200000,0x000000fcfd300000) (1024K)]
  0x000002b23d4cc710 JavaThread "Compiler Source File Reader" daemon [_thread_blocked, id=26016, stack(0x000000fcfd300000,0x000000fcfd400000) (1024K)]
  0x000002b23d4d0220 JavaThread "Compiler Source File Reader" daemon [_thread_blocked, id=27212, stack(0x000000fcfd400000,0x000000fcfd500000) (1024K)]
  0x000002b23d4d1c60 JavaThread "Compiler Source File Reader" daemon [_thread_blocked, id=17720, stack(0x000000fcfd500000,0x000000fcfd600000) (1024K)]
  0x000002b23d4d08b0 JavaThread "Compiler Source File Reader" daemon [_thread_blocked, id=25764, stack(0x000000fcfd600000,0x000000fcfd700000) (1024K)]
  0x000002b23d4d22f0 JavaThread "Compiler Class File Writer" daemon [_thread_blocked, id=28444, stack(0x000000fcfd700000,0x000000fcfd800000) (1024K)]
  0x000002b23d4d3010 JavaThread "Compiler Class File Writer" daemon [_thread_blocked, id=26312, stack(0x000000fcfd800000,0x000000fcfd900000) (1024K)]
  0x000002b23d4d36a0 JavaThread "Compiler Class File Writer" daemon [_thread_blocked, id=26984, stack(0x000000fcfd900000,0x000000fcfda00000) (1024K)]
  0x000002b23d4d3d30 JavaThread "Compiler Class File Writer" daemon [_thread_blocked, id=19500, stack(0x000000fcfda00000,0x000000fcfdb00000) (1024K)]
  0x000002b228759dc0 JavaThread "Compiler Class File Writer" daemon [_thread_blocked, id=22436, stack(0x000000fcfdb00000,0x000000fcfdc00000) (1024K)]
  0x000002b2287606c0 JavaThread "resolver-1"                 daemon [_thread_blocked, id=1856, stack(0x000000fcfdd00000,0x000000fcfde00000) (1024K)]
  0x000002b227678fa0 JavaThread "ForkJoinPool.commonPool-worker-4" daemon [_thread_blocked, id=26236, stack(0x000000fcfe000000,0x000000fcfe100000) (1024K)]
  0x000002b22767a9e0 JavaThread "ForkJoinPool.commonPool-worker-5" daemon [_thread_blocked, id=9224, stack(0x000000fcfe100000,0x000000fcfe200000) (1024K)]
  0x000002b223ca6410 JavaThread "ForkJoinPool.commonPool-worker-7" daemon [_thread_blocked, id=24620, stack(0x000000fcfe200000,0x000000fcfe300000) (1024K)]
  0x000002b224df0b20 JavaThread "ForkJoinPool.commonPool-worker-6" daemon [_thread_blocked, id=13852, stack(0x000000fcfe300000,0x000000fcfe400000) (1024K)]
  0x000002b224df11b0 JavaThread "ForkJoinPool.commonPool-worker-8" daemon [_thread_blocked, id=25232, stack(0x000000fcfe400000,0x000000fcfe500000) (1024K)]
  0x000002b224df0490 JavaThread "ForkJoinPool.commonPool-worker-9" daemon [_thread_blocked, id=25064, stack(0x000000fcfe500000,0x000000fcfe600000) (1024K)]
  0x000002b224deea50 JavaThread "ForkJoinPool.commonPool-worker-10" daemon [_thread_blocked, id=2924, stack(0x000000fcfe600000,0x000000fcfe700000) (1024K)]
  0x000002b224df1840 JavaThread "ForkJoinPool.commonPool-worker-11" daemon [_thread_blocked, id=27688, stack(0x000000fcfde00000,0x000000fcfdf00000) (1024K)]
  0x000002b224def770 JavaThread "resolver-2"                 daemon [_thread_blocked, id=26640, stack(0x000000fcfdf00000,0x000000fcfe000000) (1024K)]
  0x000002b224df2560 JavaThread "resolver-3"                 daemon [_thread_blocked, id=14020, stack(0x000000fcfe700000,0x000000fcfe800000) (1024K)]
=>0x000002b2254b5d80 JavaThread "C2 CompilerThread1"         daemon [_thread_in_native, id=27376, stack(0x000000fcf9c00000,0x000000fcf9d00000) (1024K)]
  0x000002b2254b7f90 JavaThread "C2 CompilerThread2"         daemon [_thread_blocked, id=3904, stack(0x000000fcfdc00000,0x000000fcfdd00000) (1024K)]
Total: 93

Other Threads:
  0x000002b1c30c4520 VMThread "VM Thread"                           [id=29872, stack(0x000000fcf8100000,0x000000fcf8200000) (1024K)]
  0x000002b1c319f6f0 WatcherThread "VM Periodic Task Thread"        [id=29008, stack(0x000000fcf8000000,0x000000fcf8100000) (1024K)]
  0x000002b1c314e890 WorkerThread "GC Thread#0"                     [id=4880, stack(0x000000fcf7f00000,0x000000fcf8000000) (1024K)]
  0x000002b2211611b0 WorkerThread "GC Thread#1"                     [id=29360, stack(0x000000fcf8e00000,0x000000fcf8f00000) (1024K)]
  0x000002b2215e23c0 WorkerThread "GC Thread#2"                     [id=3884, stack(0x000000fcf8f00000,0x000000fcf9000000) (1024K)]
  0x000002b2215e2770 WorkerThread "GC Thread#3"                     [id=28780, stack(0x000000fcf9000000,0x000000fcf9100000) (1024K)]
  0x000002b2215e2b20 WorkerThread "GC Thread#4"                     [id=2000, stack(0x000000fcf9100000,0x000000fcf9200000) (1024K)]
  0x000002b22147fc70 WorkerThread "GC Thread#5"                     [id=19308, stack(0x000000fcf9200000,0x000000fcf9300000) (1024K)]
  0x000002b221480020 WorkerThread "GC Thread#6"                     [id=8760, stack(0x000000fcf9300000,0x000000fcf9400000) (1024K)]
  0x000002b2217a02d0 WorkerThread "GC Thread#7"                     [id=22752, stack(0x000000fcf9400000,0x000000fcf9500000) (1024K)]
  0x000002b221d5f2f0 WorkerThread "GC Thread#8"                     [id=11304, stack(0x000000fcf8d00000,0x000000fcf8e00000) (1024K)]
  0x000002b221d07250 WorkerThread "GC Thread#9"                     [id=19712, stack(0x000000fcf9800000,0x000000fcf9900000) (1024K)]
Total: 12

Threads with active compile tasks:
C2 CompilerThread0  111683 29666   !   4       java.util.zip.ZipFile$Source::findEND (669 bytes)
C2 CompilerThread1  111684 29653       4       org.eclipse.sisu.plexus.CompositeBeanHelper::findMethod (124 bytes)
Total: 2

VM state: at safepoint (normal execution)

VM Mutex/Monitor currently owned by a thread:  ([mutex/lock_event])
[0x00007ffcf2d9e560] Threads_lock - owner thread: 0x000002b1c30c4520
[0x00007ffcf2d9e660] Heap_lock - owner thread: 0x000002b221215a40

Heap address: 0x0000000080000000, size: 2048 MB, Compressed Oops mode: 32-bit

CDS archive(s) mapped at: [0x000002b1da000000-0x000002b1daba0000-0x000002b1daba0000), size 12189696, SharedBaseAddress: 0x000002b1da000000, ArchiveRelocationMode: 1.
Compressed class space mapped at: 0x000002b1db000000-0x000002b21b000000, reserved size: 1073741824
Narrow klass base: 0x000002b1da000000, Narrow klass shift: 0, Narrow klass range: 0x100000000

GC Precious Log:
 CardTable entry size: 512
 CPUs: 12 total, 12 available
 Memory: 24355M
 Large Page Support: Disabled
 NUMA Support: Disabled
 Compressed Oops: Enabled (32-bit)
 Alignments: Space 512K, Generation 512K, Heap 2M
 Heap Min Capacity: 100M
 Heap Initial Capacity: 100M
 Heap Max Capacity: 2G
 Pre-touch: Disabled
 Parallel Workers: 10

Heap:
 PSYoungGen      total 3584K, used 1022K [0x00000000d5580000, 0x00000000d5a00000, 0x0000000100000000)
  eden space 2560K, 0% used [0x00000000d5580000,0x00000000d5580000,0x00000000d5800000)
  from space 1024K, 99% used [0x00000000d5800000,0x00000000d58ffba8,0x00000000d5900000)
  to   space 512K, 0% used [0x00000000d5980000,0x00000000d5980000,0x00000000d5a00000)
 ParOldGen       total 1085952K, used 491421K [0x0000000080000000, 0x00000000c2480000, 0x00000000d5580000)
  object space 1085952K, 45% used [0x0000000080000000,0x000000009dfe7588,0x00000000c2480000)
 Metaspace       used 124726K, committed 127040K, reserved 1179648K
  class space    used 13761K, committed 14848K, reserved 1048576K

Card table byte_map: [0x000002b1c2ad0000,0x000002b1c2ee0000] _byte_map_base: 0x000002b1c26d0000

Marking Bits: (ParMarkBitMap*) 0x00007ffcf2da3450
 Begin Bits: [0x000002b1d55e0000, 0x000002b1d75e0000)
 End Bits:   [0x000002b1d75e0000, 0x000002b1d95e0000)

Polling page: 0x000002b1c0ee0000

Metaspace:

Usage:
  Non-class:    108.36 MB used.
      Class:     13.44 MB used.
       Both:    121.80 MB used.

Virtual space:
  Non-class space:      128.00 MB reserved,     109.56 MB ( 86%) committed,  2 nodes.
      Class space:        1.00 GB reserved,      14.50 MB (  1%) committed,  1 nodes.
             Both:        1.12 GB reserved,     124.06 MB ( 11%) committed. 

Chunk freelists:
   Non-Class:  2.25 MB
       Class:  1.43 MB
        Both:  3.68 MB

MaxMetaspaceSize: unlimited
CompressedClassSpaceSize: 1.00 GB
Initial GC threshold: 21.00 MB
Current GC threshold: 187.62 MB
CDS: on
 - commit_granule_bytes: 65536.
 - commit_granule_words: 8192.
 - virtual_space_node_default_size: 8388608.
 - enlarge_chunks_in_place: 1.
 - use_allocation_guard: 0.


Internal statistics:

num_allocs_failed_limit: 9.
num_arena_births: 1896.
num_arena_deaths: 24.
num_vsnodes_births: 3.
num_vsnodes_deaths: 0.
num_space_committed: 1981.
num_space_uncommitted: 0.
num_chunks_returned_to_freelist: 38.
num_chunks_taken_from_freelist: 7424.
num_chunk_merges: 14.
num_chunk_splits: 4870.
num_chunks_enlarged: 3232.
num_inconsistent_stats: 0.

CodeHeap 'non-profiled nmethods': size=120000Kb used=28160Kb max_used=31248Kb free=91839Kb
 bounds [0x000002b1cde00000, 0x000002b1cfc90000, 0x000002b1d5330000]
CodeHeap 'profiled nmethods': size=120000Kb used=49719Kb max_used=55702Kb free=70280Kb
 bounds [0x000002b1c6330000, 0x000002b1c9a10000, 0x000002b1cd860000]
CodeHeap 'non-nmethods': size=5760Kb used=1545Kb max_used=1645Kb free=4214Kb
 bounds [0x000002b1cd860000, 0x000002b1cdad0000, 0x000002b1cde00000]
CodeCache: size=245760Kb, used=79424Kb, max_used=88595Kb, free=166333Kb
 total_blobs=22255, nmethods=21393, adapters=763, full_count=0
Compilation: enabled, stopped_count=0, restarted_count=0

Compilation events (20 events):
Event: 110.568 Thread 0x000002b2254b7f90 nmethod 29656 0x000002b1cf484f10 code [0x000002b1cf4850a0, 0x000002b1cf485500]
Event: 110.571 Thread 0x000002b21bf2fe20 29657       3       java.util.ImmutableCollections$AbstractImmutableList::subList (18 bytes)
Event: 110.571 Thread 0x000002b21bf2fe20 nmethod 29657 0x000002b1c7a65990 code [0x000002b1c7a65b60, 0x000002b1c7a65dc0]
Event: 110.571 Thread 0x000002b21bf2fe20 29658       3       java.util.ImmutableCollections$AbstractImmutableList::subListRangeCheck (110 bytes)
Event: 110.572 Thread 0x000002b21bf2fe20 nmethod 29658 0x000002b1c746e510 code [0x000002b1c746e8a0, 0x000002b1c746f9f8]
Event: 110.574 Thread 0x000002b2254b7f90 29659       4       java.util.Arrays::sort (24 bytes)
Event: 110.579 Thread 0x000002b2254b7f90 nmethod 29659 0x000002b1ce219710 code [0x000002b1ce219920, 0x000002b1ce21a010]
Event: 110.587 Thread 0x000002b2254b7f90 29660       4       com.sun.org.apache.xerces.internal.parsers.XIncludeAwareParserConfiguration::getFeatureState (40 bytes)
Event: 110.597 Thread 0x000002b2254b7f90 nmethod 29660 0x000002b1ce616710 code [0x000002b1ce616980, 0x000002b1ce617398]
Event: 110.599 Thread 0x000002b21bf2fe20 29661       3       java.util.concurrent.ForkJoinPool::getAndAddCtl (12 bytes)
Event: 110.599 Thread 0x000002b21bf2fe20 nmethod 29661 0x000002b1c7154c10 code [0x000002b1c7154da0, 0x000002b1c7154eb8]
Event: 110.602 Thread 0x000002b21bf2fe20 29662       3       org.eclipse.jdt.internal.core.builder.JavaBuilder::filterExtraResource (181 bytes)
Event: 110.603 Thread 0x000002b21bf2fe20 nmethod 29662 0x000002b1c6badc10 code [0x000002b1c6badee0, 0x000002b1c6baebd8]
Event: 110.606 Thread 0x000002b21bf2bfb0 29663       4       org.eclipse.core.runtime.Status::isOK (11 bytes)
Event: 110.607 Thread 0x000002b21bf2bfb0 nmethod 29663 0x000002b1ce616210 code [0x000002b1ce6163a0, 0x000002b1ce616448]
Event: 110.609 Thread 0x000002b21bf2bfb0 29664       4       org.eclipse.core.internal.content.ContentType::hashCode (8 bytes)
Event: 110.610 Thread 0x000002b2254b7f90 29665  s!   4       org.eclipse.core.internal.content.ContentTypeManager::getCatalog (65 bytes)
Event: 110.610 Thread 0x000002b2254b7f90 nmethod 29665 0x000002b1cf0d6890 code [0x000002b1cf0d6a20, 0x000002b1cf0d6c10]
Event: 110.611 Thread 0x000002b21bf2bfb0 nmethod 29664 0x000002b1cf0d6010 code [0x000002b1cf0d61e0, 0x000002b1cf0d6538]
Event: 110.631 Thread 0x000002b21bf2bfb0 29666   !   4       java.util.zip.ZipFile$Source::findEND (669 bytes)

GC Heap History (20 events):
Event: 110.283 GC heap after
{Heap after GC invocations=3243 (full 6):
 PSYoungGen      total 3072K, used 512K [0x00000000d5580000, 0x00000000d5a00000, 0x0000000100000000)
  eden space 2560K, 0% used [0x00000000d5580000,0x00000000d5580000,0x00000000d5800000)
  from space 512K, 100% used [0x00000000d5880000,0x00000000d5900000,0x00000000d5900000)
  to   space 1024K, 0% used [0x00000000d5900000,0x00000000d5900000,0x00000000d5a00000)
 ParOldGen       total 1085952K, used 487026K [0x0000000080000000, 0x00000000c2480000, 0x00000000d5580000)
  object space 1085952K, 44% used [0x0000000080000000,0x000000009db9c820,0x00000000c2480000)
 Metaspace       used 124199K, committed 126464K, reserved 1179648K
  class space    used 13693K, committed 14720K, reserved 1048576K
}
Event: 110.391 GC heap before
{Heap before GC invocations=3244 (full 6):
 PSYoungGen      total 3072K, used 3072K [0x00000000d5580000, 0x00000000d5a00000, 0x0000000100000000)
  eden space 2560K, 100% used [0x00000000d5580000,0x00000000d5800000,0x00000000d5800000)
  from space 512K, 100% used [0x00000000d5880000,0x00000000d5900000,0x00000000d5900000)
  to   space 1024K, 0% used [0x00000000d5900000,0x00000000d5900000,0x00000000d5a00000)
 ParOldGen       total 1085952K, used 487026K [0x0000000080000000, 0x00000000c2480000, 0x00000000d5580000)
  object space 1085952K, 44% used [0x0000000080000000,0x000000009db9c820,0x00000000c2480000)
 Metaspace       used 124512K, committed 126848K, reserved 1179648K
  class space    used 13727K, committed 14784K, reserved 1048576K
}
Event: 110.393 GC heap after
{Heap after GC invocations=3244 (full 6):
 PSYoungGen      total 3072K, used 288K [0x00000000d5580000, 0x00000000d5980000, 0x0000000100000000)
  eden space 2560K, 0% used [0x00000000d5580000,0x00000000d5580000,0x00000000d5800000)
  from space 512K, 56% used [0x00000000d5900000,0x00000000d5948000,0x00000000d5980000)
  to   space 512K, 0% used [0x00000000d5880000,0x00000000d5880000,0x00000000d5900000)
 ParOldGen       total 1085952K, used 487529K [0x0000000080000000, 0x00000000c2480000, 0x00000000d5580000)
  object space 1085952K, 44% used [0x0000000080000000,0x000000009dc1a638,0x00000000c2480000)
 Metaspace       used 124512K, committed 126848K, reserved 1179648K
  class space    used 13727K, committed 14784K, reserved 1048576K
}
Event: 110.424 GC heap before
{Heap before GC invocations=3245 (full 6):
 PSYoungGen      total 3072K, used 2848K [0x00000000d5580000, 0x00000000d5980000, 0x0000000100000000)
  eden space 2560K, 100% used [0x00000000d5580000,0x00000000d5800000,0x00000000d5800000)
  from space 512K, 56% used [0x00000000d5900000,0x00000000d5948000,0x00000000d5980000)
  to   space 512K, 0% used [0x00000000d5880000,0x00000000d5880000,0x00000000d5900000)
 ParOldGen       total 1085952K, used 487529K [0x0000000080000000, 0x00000000c2480000, 0x00000000d5580000)
  object space 1085952K, 44% used [0x0000000080000000,0x000000009dc1a638,0x00000000c2480000)
 Metaspace       used 124589K, committed 126912K, reserved 1179648K
  class space    used 13740K, committed 14784K, reserved 1048576K
}
Event: 110.426 GC heap after
{Heap after GC invocations=3245 (full 6):
 PSYoungGen      total 3072K, used 448K [0x00000000d5580000, 0x00000000d5980000, 0x0000000100000000)
  eden space 2560K, 0% used [0x00000000d5580000,0x00000000d5580000,0x00000000d5800000)
  from space 512K, 87% used [0x00000000d5880000,0x00000000d58f0000,0x00000000d5900000)
  to   space 512K, 0% used [0x00000000d5900000,0x00000000d5900000,0x00000000d5980000)
 ParOldGen       total 1085952K, used 487649K [0x0000000080000000, 0x00000000c2480000, 0x00000000d5580000)
  object space 1085952K, 44% used [0x0000000080000000,0x000000009dc38638,0x00000000c2480000)
 Metaspace       used 124589K, committed 126912K, reserved 1179648K
  class space    used 13740K, committed 14784K, reserved 1048576K
}
Event: 110.454 GC heap before
{Heap before GC invocations=3246 (full 6):
 PSYoungGen      total 3072K, used 3007K [0x00000000d5580000, 0x00000000d5980000, 0x0000000100000000)
  eden space 2560K, 99% used [0x00000000d5580000,0x00000000d57fffa8,0x00000000d5800000)
  from space 512K, 87% used [0x00000000d5880000,0x00000000d58f0000,0x00000000d5900000)
  to   space 512K, 0% used [0x00000000d5900000,0x00000000d5900000,0x00000000d5980000)
 ParOldGen       total 1085952K, used 487649K [0x0000000080000000, 0x00000000c2480000, 0x00000000d5580000)
  object space 1085952K, 44% used [0x0000000080000000,0x000000009dc38638,0x00000000c2480000)
 Metaspace       used 124623K, committed 126912K, reserved 1179648K
  class space    used 13747K, committed 14784K, reserved 1048576K
}
Event: 110.455 GC heap after
{Heap after GC invocations=3246 (full 6):
 PSYoungGen      total 3072K, used 224K [0x00000000d5580000, 0x00000000d5980000, 0x0000000100000000)
  eden space 2560K, 0% used [0x00000000d5580000,0x00000000d5580000,0x00000000d5800000)
  from space 512K, 43% used [0x00000000d5900000,0x00000000d5938000,0x00000000d5980000)
  to   space 512K, 0% used [0x00000000d5880000,0x00000000d5880000,0x00000000d5900000)
 ParOldGen       total 1085952K, used 487769K [0x0000000080000000, 0x00000000c2480000, 0x00000000d5580000)
  object space 1085952K, 44% used [0x0000000080000000,0x000000009dc56638,0x00000000c2480000)
 Metaspace       used 124623K, committed 126912K, reserved 1179648K
  class space    used 13747K, committed 14784K, reserved 1048576K
}
Event: 110.467 GC heap before
{Heap before GC invocations=3247 (full 6):
 PSYoungGen      total 3072K, used 2784K [0x00000000d5580000, 0x00000000d5980000, 0x0000000100000000)
  eden space 2560K, 100% used [0x00000000d5580000,0x00000000d5800000,0x00000000d5800000)
  from space 512K, 43% used [0x00000000d5900000,0x00000000d5938000,0x00000000d5980000)
  to   space 512K, 0% used [0x00000000d5880000,0x00000000d5880000,0x00000000d5900000)
 ParOldGen       total 1085952K, used 487769K [0x0000000080000000, 0x00000000c2480000, 0x00000000d5580000)
  object space 1085952K, 44% used [0x0000000080000000,0x000000009dc56638,0x00000000c2480000)
 Metaspace       used 124641K, committed 126912K, reserved 1179648K
  class space    used 13750K, committed 14784K, reserved 1048576K
}
Event: 110.469 GC heap after
{Heap after GC invocations=3247 (full 6):
 PSYoungGen      total 3072K, used 512K [0x00000000d5580000, 0x00000000d5a00000, 0x0000000100000000)
  eden space 2560K, 0% used [0x00000000d5580000,0x00000000d5580000,0x00000000d5800000)
  from space 512K, 100% used [0x00000000d5880000,0x00000000d5900000,0x00000000d5900000)
  to   space 1024K, 0% used [0x00000000d5900000,0x00000000d5900000,0x00000000d5a00000)
 ParOldGen       total 1085952K, used 487897K [0x0000000080000000, 0x00000000c2480000, 0x00000000d5580000)
  object space 1085952K, 44% used [0x0000000080000000,0x000000009dc76638,0x00000000c2480000)
 Metaspace       used 124641K, committed 126912K, reserved 1179648K
  class space    used 13750K, committed 14784K, reserved 1048576K
}
Event: 110.472 GC heap before
{Heap before GC invocations=3248 (full 6):
 PSYoungGen      total 3072K, used 3071K [0x00000000d5580000, 0x00000000d5a00000, 0x0000000100000000)
  eden space 2560K, 99% used [0x00000000d5580000,0x00000000d57ffff0,0x00000000d5800000)
  from space 512K, 100% used [0x00000000d5880000,0x00000000d5900000,0x00000000d5900000)
  to   space 1024K, 0% used [0x00000000d5900000,0x00000000d5900000,0x00000000d5a00000)
 ParOldGen       total 1085952K, used 487897K [0x0000000080000000, 0x00000000c2480000, 0x00000000d5580000)
  object space 1085952K, 44% used [0x0000000080000000,0x000000009dc76638,0x00000000c2480000)
 Metaspace       used 124641K, committed 126912K, reserved 1179648K
  class space    used 13750K, committed 14784K, reserved 1048576K
}
Event: 110.475 GC heap after
{Heap after GC invocations=3248 (full 6):
 PSYoungGen      total 3584K, used 800K [0x00000000d5580000, 0x00000000d5a00000, 0x0000000100000000)
  eden space 2560K, 0% used [0x00000000d5580000,0x00000000d5580000,0x00000000d5800000)
  from space 1024K, 78% used [0x00000000d5900000,0x00000000d59c8080,0x00000000d5a00000)
  to   space 1024K, 0% used [0x00000000d5800000,0x00000000d5800000,0x00000000d5900000)
 ParOldGen       total 1085952K, used 488281K [0x0000000080000000, 0x00000000c2480000, 0x00000000d5580000)
  object space 1085952K, 44% used [0x0000000080000000,0x000000009dcd6658,0x00000000c2480000)
 Metaspace       used 124641K, committed 126912K, reserved 1179648K
  class space    used 13750K, committed 14784K, reserved 1048576K
}
Event: 110.479 GC heap before
{Heap before GC invocations=3249 (full 6):
 PSYoungGen      total 3584K, used 3360K [0x00000000d5580000, 0x00000000d5a00000, 0x0000000100000000)
  eden space 2560K, 100% used [0x00000000d5580000,0x00000000d5800000,0x00000000d5800000)
  from space 1024K, 78% used [0x00000000d5900000,0x00000000d59c8080,0x00000000d5a00000)
  to   space 1024K, 0% used [0x00000000d5800000,0x00000000d5800000,0x00000000d5900000)
 ParOldGen       total 1085952K, used 488281K [0x0000000080000000, 0x00000000c2480000, 0x00000000d5580000)
  object space 1085952K, 44% used [0x0000000080000000,0x000000009dcd6658,0x00000000c2480000)
 Metaspace       used 124641K, committed 126912K, reserved 1179648K
  class space    used 13750K, committed 14784K, reserved 1048576K
}
Event: 110.482 GC heap after
{Heap after GC invocations=3249 (full 6):
 PSYoungGen      total 3584K, used 800K [0x00000000d5580000, 0x00000000d5a80000, 0x0000000100000000)
  eden space 2560K, 0% used [0x00000000d5580000,0x00000000d5580000,0x00000000d5800000)
  from space 1024K, 78% used [0x00000000d5800000,0x00000000d58c8000,0x00000000d5900000)
  to   space 1024K, 0% used [0x00000000d5980000,0x00000000d5980000,0x00000000d5a80000)
 ParOldGen       total 1085952K, used 488761K [0x0000000080000000, 0x00000000c2480000, 0x00000000d5580000)
  object space 1085952K, 45% used [0x0000000080000000,0x000000009dd4e658,0x00000000c2480000)
 Metaspace       used 124641K, committed 126912K, reserved 1179648K
  class space    used 13750K, committed 14784K, reserved 1048576K
}
Event: 110.530 GC heap before
{Heap before GC invocations=3250 (full 6):
 PSYoungGen      total 3584K, used 3360K [0x00000000d5580000, 0x00000000d5a80000, 0x0000000100000000)
  eden space 2560K, 100% used [0x00000000d5580000,0x00000000d5800000,0x00000000d5800000)
  from space 1024K, 78% used [0x00000000d5800000,0x00000000d58c8000,0x00000000d5900000)
  to   space 1024K, 0% used [0x00000000d5980000,0x00000000d5980000,0x00000000d5a80000)
 ParOldGen       total 1085952K, used 488761K [0x0000000080000000, 0x00000000c2480000, 0x00000000d5580000)
  object space 1085952K, 45% used [0x0000000080000000,0x000000009dd4e658,0x00000000c2480000)
 Metaspace       used 124709K, committed 127040K, reserved 1179648K
  class space    used 13760K, committed 14848K, reserved 1048576K
}
Event: 110.532 GC heap after
{Heap after GC invocations=3250 (full 6):
 PSYoungGen      total 3072K, used 304K [0x00000000d5580000, 0x00000000d5a00000, 0x0000000100000000)
  eden space 2560K, 0% used [0x00000000d5580000,0x00000000d5580000,0x00000000d5800000)
  from space 512K, 59% used [0x00000000d5980000,0x00000000d59cc010,0x00000000d5a00000)
  to   space 512K, 0% used [0x00000000d5900000,0x00000000d5900000,0x00000000d5980000)
 ParOldGen       total 1085952K, used 489409K [0x0000000080000000, 0x00000000c2480000, 0x00000000d5580000)
  object space 1085952K, 45% used [0x0000000080000000,0x000000009ddf0658,0x00000000c2480000)
 Metaspace       used 124709K, committed 127040K, reserved 1179648K
  class space    used 13760K, committed 14848K, reserved 1048576K
}
Event: 110.581 GC heap before
{Heap before GC invocations=3251 (full 6):
 PSYoungGen      total 3072K, used 2864K [0x00000000d5580000, 0x00000000d5a00000, 0x0000000100000000)
  eden space 2560K, 100% used [0x00000000d5580000,0x00000000d5800000,0x00000000d5800000)
  from space 512K, 59% used [0x00000000d5980000,0x00000000d59cc010,0x00000000d5a00000)
  to   space 512K, 0% used [0x00000000d5900000,0x00000000d5900000,0x00000000d5980000)
 ParOldGen       total 1085952K, used 489409K [0x0000000080000000, 0x00000000c2480000, 0x00000000d5580000)
  object space 1085952K, 45% used [0x0000000080000000,0x000000009ddf0658,0x00000000c2480000)
 Metaspace       used 124726K, committed 127040K, reserved 1179648K
  class space    used 13761K, committed 14848K, reserved 1048576K
}
Event: 110.583 GC heap after
{Heap after GC invocations=3251 (full 6):
 PSYoungGen      total 3072K, used 288K [0x00000000d5580000, 0x00000000d5a00000, 0x0000000100000000)
  eden space 2560K, 0% used [0x00000000d5580000,0x00000000d5580000,0x00000000d5800000)
  from space 512K, 56% used [0x00000000d5900000,0x00000000d5948000,0x00000000d5980000)
  to   space 512K, 0% used [0x00000000d5980000,0x00000000d5980000,0x00000000d5a00000)
 ParOldGen       total 1085952K, used 489545K [0x0000000080000000, 0x00000000c2480000, 0x00000000d5580000)
  object space 1085952K, 45% used [0x0000000080000000,0x000000009de12658,0x00000000c2480000)
 Metaspace       used 124726K, committed 127040K, reserved 1179648K
  class space    used 13761K, committed 14848K, reserved 1048576K
}
Event: 110.613 GC heap before
{Heap before GC invocations=3252 (full 6):
 PSYoungGen      total 3072K, used 2756K [0x00000000d5580000, 0x00000000d5a00000, 0x0000000100000000)
  eden space 2560K, 96% used [0x00000000d5580000,0x00000000d57e93f8,0x00000000d5800000)
  from space 512K, 56% used [0x00000000d5900000,0x00000000d5948000,0x00000000d5980000)
  to   space 512K, 0% used [0x00000000d5980000,0x00000000d5980000,0x00000000d5a00000)
 ParOldGen       total 1085952K, used 489545K [0x0000000080000000, 0x00000000c2480000, 0x00000000d5580000)
  object space 1085952K, 45% used [0x0000000080000000,0x000000009de12658,0x00000000c2480000)
 Metaspace       used 124726K, committed 127040K, reserved 1179648K
  class space    used 13761K, committed 14848K, reserved 1048576K
}
Event: 110.614 GC heap after
{Heap after GC invocations=3252 (full 6):
 PSYoungGen      total 3072K, used 504K [0x00000000d5580000, 0x00000000d5a00000, 0x0000000100000000)
  eden space 2560K, 0% used [0x00000000d5580000,0x00000000d5580000,0x00000000d5800000)
  from space 512K, 98% used [0x00000000d5980000,0x00000000d59fe018,0x00000000d5a00000)
  to   space 1024K, 0% used [0x00000000d5800000,0x00000000d5800000,0x00000000d5900000)
 ParOldGen       total 1085952K, used 489646K [0x0000000080000000, 0x00000000c2480000, 0x00000000d5580000)
  object space 1085952K, 45% used [0x0000000080000000,0x000000009de2b998,0x00000000c2480000)
 Metaspace       used 124726K, committed 127040K, reserved 1179648K
  class space    used 13761K, committed 14848K, reserved 1048576K
}
Event: 110.658 GC heap before
{Heap before GC invocations=3253 (full 6):
 PSYoungGen      total 3072K, used 2911K [0x00000000d5580000, 0x00000000d5a00000, 0x0000000100000000)
  eden space 2560K, 94% used [0x00000000d5580000,0x00000000d57d9cb0,0x00000000d5800000)
  from space 512K, 98% used [0x00000000d5980000,0x00000000d59fe018,0x00000000d5a00000)
  to   space 1024K, 0% used [0x00000000d5800000,0x00000000d5800000,0x00000000d5900000)
 ParOldGen       total 1085952K, used 489646K [0x0000000080000000, 0x00000000c2480000, 0x00000000d5580000)
  object space 1085952K, 45% used [0x0000000080000000,0x000000009de2b998,0x00000000c2480000)
 Metaspace       used 124726K, committed 127040K, reserved 1179648K
  class space    used 13761K, committed 14848K, reserved 1048576K
}

Dll operation events (14 events):
Event: 0.012 Loaded shared library c:\Users\Tam\.vscode\extensions\redhat.java-1.54.0-win32-x64\jre\21.0.10-win32-x86_64\bin\java.dll
Event: 0.074 Loaded shared library c:\Users\Tam\.vscode\extensions\redhat.java-1.54.0-win32-x64\jre\21.0.10-win32-x86_64\bin\zip.dll
Event: 0.110 Loaded shared library C:\Users\Tam\.vscode\extensions\redhat.java-1.54.0-win32-x64\jre\21.0.10-win32-x86_64\bin\instrument.dll
Event: 0.116 Loaded shared library C:\Users\Tam\.vscode\extensions\redhat.java-1.54.0-win32-x64\jre\21.0.10-win32-x86_64\bin\net.dll
Event: 0.119 Loaded shared library C:\Users\Tam\.vscode\extensions\redhat.java-1.54.0-win32-x64\jre\21.0.10-win32-x86_64\bin\nio.dll
Event: 0.121 Loaded shared library C:\Users\Tam\.vscode\extensions\redhat.java-1.54.0-win32-x64\jre\21.0.10-win32-x86_64\bin\zip.dll
Event: 0.156 Loaded shared library C:\Users\Tam\.vscode\extensions\redhat.java-1.54.0-win32-x64\jre\21.0.10-win32-x86_64\bin\jimage.dll
Event: 0.297 Loaded shared library c:\Users\Tam\.vscode\extensions\redhat.java-1.54.0-win32-x64\jre\21.0.10-win32-x86_64\bin\verify.dll
Event: 1.820 Loaded shared library C:\Users\Tam\AppData\Roaming\Code\User\globalStorage\redhat.java\1.54.0\config_win\org.eclipse.equinox.launcher\org.eclipse.equinox.launcher.win32.win32.x86_64_1.3.0.v20260203-2149\eclipse_11919.dll
Event: 5.580 Loaded shared library C:\Users\Tam\.vscode\extensions\redhat.java-1.54.0-win32-x64\jre\21.0.10-win32-x86_64\bin\management.dll
Event: 5.583 Loaded shared library C:\Users\Tam\.vscode\extensions\redhat.java-1.54.0-win32-x64\jre\21.0.10-win32-x86_64\bin\management_ext.dll
Event: 6.959 Loaded shared library C:\Users\Tam\AppData\Local\Temp\jna-83840\jna14981273133361198555.dll
Event: 7.178 Loaded shared library C:\Users\Tam\.vscode\extensions\redhat.java-1.54.0-win32-x64\jre\21.0.10-win32-x86_64\bin\sunmscapi.dll
Event: 7.638 Loaded shared library C:\Users\Tam\.vscode\extensions\redhat.java-1.54.0-win32-x64\jre\21.0.10-win32-x86_64\bin\extnet.dll

Deoptimization events (20 events):
Event: 109.902 Thread 0x000002b221217b10 DEOPT PACKING pc=0x000002b1c886c919 sp=0x000000fcfa0feac0
Event: 109.902 Thread 0x000002b221217b10 DEOPT UNPACKING pc=0x000002b1cd8b78e2 sp=0x000000fcfa0fdf98 mode 0
Event: 110.421 Thread 0x000002b224df59e0 DEOPT PACKING pc=0x000002b1c94959c5 sp=0x000000fcfe9fdb10
Event: 110.421 Thread 0x000002b224df59e0 DEOPT UNPACKING pc=0x000002b1cd8b78e2 sp=0x000000fcfe9fd128 mode 0
Event: 110.542 Thread 0x000002b221215a40 Uncommon trap: trap_request=0xffffffbe fr.pc=0x000002b1ce70d4b4 relative=0x0000000000005454
Event: 110.542 Thread 0x000002b221215a40 Uncommon trap: reason=profile_predicate action=maybe_recompile pc=0x000002b1ce70d4b4 method=org.eclipse.sisu.plexus.CompositeBeanHelper.findMethod(Ljava/lang/Class;[Ljava/lang/reflect/Type;Ljava/lang/String;Ljava/lang/Class;)Ljava/lang/reflect/Method; @ 2
Event: 110.542 Thread 0x000002b221215a40 DEOPT PACKING pc=0x000002b1ce70d4b4 sp=0x000000fcfa7fce50
Event: 110.542 Thread 0x000002b221215a40 DEOPT UNPACKING pc=0x000002b1cd8b6da2 sp=0x000000fcfa7fce48 mode 2
Event: 110.542 Thread 0x000002b221215a40 Uncommon trap: trap_request=0xffffffbe fr.pc=0x000002b1ce70d4b4 relative=0x0000000000005454
Event: 110.542 Thread 0x000002b221215a40 Uncommon trap: reason=profile_predicate action=maybe_recompile pc=0x000002b1ce70d4b4 method=org.eclipse.sisu.plexus.CompositeBeanHelper.findMethod(Ljava/lang/Class;[Ljava/lang/reflect/Type;Ljava/lang/String;Ljava/lang/Class;)Ljava/lang/reflect/Method; @ 2
Event: 110.542 Thread 0x000002b221215a40 DEOPT PACKING pc=0x000002b1ce70d4b4 sp=0x000000fcfa7fce50
Event: 110.542 Thread 0x000002b221215a40 DEOPT UNPACKING pc=0x000002b1cd8b6da2 sp=0x000000fcfa7fce48 mode 2
Event: 110.542 Thread 0x000002b221215a40 Uncommon trap: trap_request=0xffffffbe fr.pc=0x000002b1ce70d4b4 relative=0x0000000000005454
Event: 110.542 Thread 0x000002b221215a40 Uncommon trap: reason=profile_predicate action=maybe_recompile pc=0x000002b1ce70d4b4 method=org.eclipse.sisu.plexus.CompositeBeanHelper.findMethod(Ljava/lang/Class;[Ljava/lang/reflect/Type;Ljava/lang/String;Ljava/lang/Class;)Ljava/lang/reflect/Method; @ 2
Event: 110.542 Thread 0x000002b221215a40 DEOPT PACKING pc=0x000002b1ce70d4b4 sp=0x000000fcfa7fce50
Event: 110.542 Thread 0x000002b221215a40 DEOPT UNPACKING pc=0x000002b1cd8b6da2 sp=0x000000fcfa7fce48 mode 2
Event: 110.542 Thread 0x000002b221215a40 Uncommon trap: trap_request=0xffffffbe fr.pc=0x000002b1ce70d4b4 relative=0x0000000000005454
Event: 110.542 Thread 0x000002b221215a40 Uncommon trap: reason=profile_predicate action=maybe_recompile pc=0x000002b1ce70d4b4 method=org.eclipse.sisu.plexus.CompositeBeanHelper.findMethod(Ljava/lang/Class;[Ljava/lang/reflect/Type;Ljava/lang/String;Ljava/lang/Class;)Ljava/lang/reflect/Method; @ 2
Event: 110.542 Thread 0x000002b221215a40 DEOPT PACKING pc=0x000002b1ce70d4b4 sp=0x000000fcfa7fce50
Event: 110.542 Thread 0x000002b221215a40 DEOPT UNPACKING pc=0x000002b1cd8b6da2 sp=0x000000fcfa7fce48 mode 2

Classes loaded (20 events):
Event: 92.565 Loading class java/util/function/IntBinaryOperator
Event: 92.565 Loading class java/util/function/IntBinaryOperator done
Event: 92.566 Loading class java/util/stream/ReduceOps$7
Event: 92.566 Loading class java/util/stream/ReduceOps$7 done
Event: 92.566 Loading class java/util/stream/ReduceOps$6ReducingSink
Event: 92.566 Loading class java/util/stream/ReduceOps$6ReducingSink done
Event: 92.570 Loading class java/lang/StackStreamFactory$CallerClassFinder
Event: 92.571 Loading class java/lang/StackStreamFactory$CallerClassFinder done
Event: 92.571 Loading class java/lang/StackStreamFactory$CallerClassFinder$ClassBuffer
Event: 92.571 Loading class java/lang/StackStreamFactory$CallerClassFinder$ClassBuffer done
Event: 92.894 Loading class jdk/internal/module/IllegalAccessLogger
Event: 92.894 Loading class jdk/internal/module/IllegalAccessLogger done
Event: 105.021 Loading class jdk/internal/module/IllegalAccessLogger
Event: 105.021 Loading class jdk/internal/module/IllegalAccessLogger done
Event: 107.719 Loading class java/time/Instant$1
Event: 107.719 Loading class java/time/Instant$1 done
Event: 108.029 Loading class jdk/internal/module/IllegalAccessLogger
Event: 108.029 Loading class jdk/internal/module/IllegalAccessLogger done
Event: 109.215 Loading class jdk/internal/module/IllegalAccessLogger
Event: 109.215 Loading class jdk/internal/module/IllegalAccessLogger done

Classes unloaded (12 events):
Event: 6.275 Thread 0x000002b1c30c4520 Unloading class 0x000002b1db1a4000 'java/lang/invoke/LambdaForm$MH+0x000002b1db1a4000'
Event: 6.275 Thread 0x000002b1c30c4520 Unloading class 0x000002b1db1a3c00 'java/lang/invoke/LambdaForm$MH+0x000002b1db1a3c00'
Event: 6.275 Thread 0x000002b1c30c4520 Unloading class 0x000002b1db1a3800 'java/lang/invoke/LambdaForm$MH+0x000002b1db1a3800'
Event: 6.275 Thread 0x000002b1c30c4520 Unloading class 0x000002b1db1a3400 'java/lang/invoke/LambdaForm$MH+0x000002b1db1a3400'
Event: 6.275 Thread 0x000002b1c30c4520 Unloading class 0x000002b1db1a3000 'java/lang/invoke/LambdaForm$BMH+0x000002b1db1a3000'
Event: 6.275 Thread 0x000002b1c30c4520 Unloading class 0x000002b1db1a2c00 'java/lang/invoke/LambdaForm$DMH+0x000002b1db1a2c00'
Event: 6.275 Thread 0x000002b1c30c4520 Unloading class 0x000002b1db1a1800 'java/lang/invoke/LambdaForm$DMH+0x000002b1db1a1800'
Event: 31.168 Thread 0x000002b1c30c4520 Unloading class 0x000002b1db678000 'java/lang/invoke/LambdaForm$DMH+0x000002b1db678000'
Event: 31.168 Thread 0x000002b1c30c4520 Unloading class 0x000002b1db673c00 'java/lang/invoke/LambdaForm$DMH+0x000002b1db673c00'
Event: 31.168 Thread 0x000002b1c30c4520 Unloading class 0x000002b1db673400 'java/lang/invoke/LambdaForm$DMH+0x000002b1db673400'
Event: 31.168 Thread 0x000002b1c30c4520 Unloading class 0x000002b1db672c00 'java/lang/invoke/LambdaForm$DMH+0x000002b1db672c00'
Event: 31.168 Thread 0x000002b1c30c4520 Unloading class 0x000002b1db5dc800 'java/lang/invoke/LambdaForm$DMH+0x000002b1db5dc800'

Classes redefined (0 events):
No events

Internal exceptions (20 events):
Event: 110.378 Thread 0x000002b221215a40 Exception <a 'sun/nio/fs/WindowsException'{0x00000000d57495d8}> (0x00000000d57495d8) 
thrown [s\src\hotspot\share\prims\jni.cpp, line 520]
Event: 110.378 Thread 0x000002b221215a40 Exception <a 'sun/nio/fs/WindowsException'{0x00000000d5749f80}> (0x00000000d5749f80) 
thrown [s\src\hotspot\share\prims\jni.cpp, line 520]
Event: 110.379 Thread 0x000002b221215a40 Exception <a 'java/io/FileNotFoundException'{0x00000000d574a5f0}> (0x00000000d574a5f0) 
thrown [s\src\hotspot\share\prims\jni.cpp, line 520]
Event: 110.396 Thread 0x000002b221215a40 Exception <a 'sun/nio/fs/WindowsException'{0x00000000d55cafd0}> (0x00000000d55cafd0) 
thrown [s\src\hotspot\share\prims\jni.cpp, line 520]
Event: 110.458 Thread 0x000002b221215a40 Exception <a 'java/lang/NoSuchMethodError'{0x00000000d55a0740}: static [Lcom/diffplug/spotless/FileSignature$Sig;.<clinit>()V> (0x00000000d55a0740) 
thrown [s\src\hotspot\share\prims\jni.cpp, line 1111]
Event: 110.595 Thread 0x000002b221215a40 Exception <a 'sun/nio/fs/WindowsException'{0x00000000d56e24b0}> (0x00000000d56e24b0) 
thrown [s\src\hotspot\share\prims\jni.cpp, line 520]
Event: 110.595 Thread 0x000002b227149a60 Exception <a 'sun/nio/fs/WindowsException'{0x00000000d56e9e80}> (0x00000000d56e9e80) 
thrown [s\src\hotspot\share\prims\jni.cpp, line 520]
Event: 110.596 Thread 0x000002b23d4ccda0 Exception <a 'sun/nio/fs/WindowsException'{0x00000000d56eb3e0}> (0x00000000d56eb3e0) 
thrown [s\src\hotspot\share\prims\jni.cpp, line 520]
Event: 110.596 Thread 0x000002b227148d40 Exception <a 'sun/nio/fs/WindowsException'{0x00000000d56eddf8}> (0x00000000d56eddf8) 
thrown [s\src\hotspot\share\prims\jni.cpp, line 520]
Event: 110.596 Thread 0x000002b23d4ce150 Exception <a 'sun/nio/fs/WindowsException'{0x00000000d56ee888}> (0x00000000d56ee888) 
thrown [s\src\hotspot\share\prims\jni.cpp, line 520]
Event: 110.596 Thread 0x000002b22714bb30 Exception <a 'sun/nio/fs/WindowsException'{0x00000000d56f11f0}> (0x00000000d56f11f0) 
thrown [s\src\hotspot\share\prims\jni.cpp, line 520]
Event: 110.596 Thread 0x000002b22714b4a0 Exception <a 'sun/nio/fs/WindowsException'{0x00000000d56efd08}> (0x00000000d56efd08) 
thrown [s\src\hotspot\share\prims\jni.cpp, line 520]
Event: 110.596 Thread 0x000002b2271493d0 Exception <a 'sun/nio/fs/WindowsException'{0x00000000d56f0778}> (0x00000000d56f0778) 
thrown [s\src\hotspot\share\prims\jni.cpp, line 520]
Event: 110.596 Thread 0x000002b227148020 Exception <a 'sun/nio/fs/WindowsException'{0x00000000d56ef2d0}> (0x00000000d56ef2d0) 
thrown [s\src\hotspot\share\prims\jni.cpp, line 520]
Event: 110.596 Thread 0x000002b23d4cee70 Exception <a 'sun/nio/fs/WindowsException'{0x00000000d56f9388}> (0x00000000d56f9388) 
thrown [s\src\hotspot\share\prims\jni.cpp, line 520]
Event: 110.597 Thread 0x000002b23d4cf500 Exception <a 'sun/nio/fs/WindowsException'{0x00000000d56f7448}> (0x00000000d56f7448) 
thrown [s\src\hotspot\share\prims\jni.cpp, line 520]
Event: 110.597 Thread 0x000002b23d4ce7e0 Exception <a 'sun/nio/fs/WindowsException'{0x00000000d56f7ec0}> (0x00000000d56f7ec0) 
thrown [s\src\hotspot\share\prims\jni.cpp, line 520]
Event: 110.598 Thread 0x000002b22714bb30 Exception <a 'sun/nio/fs/WindowsException'{0x00000000d56fcba8}> (0x00000000d56fcba8) 
thrown [s\src\hotspot\share\prims\jni.cpp, line 520]
Event: 110.598 Thread 0x000002b227148020 Exception <a 'sun/nio/fs/WindowsException'{0x00000000d5708ab0}> (0x00000000d5708ab0) 
thrown [s\src\hotspot\share\prims\jni.cpp, line 520]
Event: 110.598 Thread 0x000002b23d4cf500 Exception <a 'sun/nio/fs/WindowsException'{0x00000000d57082d0}> (0x00000000d57082d0) 
thrown [s\src\hotspot\share\prims\jni.cpp, line 520]

ZGC Phase Switch (0 events):
No events

VM Operations (20 events):
Event: 110.283 Executing safepoint VM operation: ParallelGCFailedAllocation (Allocation Failure) done
Event: 110.391 Executing safepoint VM operation: ParallelGCFailedAllocation (Allocation Failure)
Event: 110.393 Executing safepoint VM operation: ParallelGCFailedAllocation (Allocation Failure) done
Event: 110.424 Executing safepoint VM operation: ParallelGCFailedAllocation (Allocation Failure)
Event: 110.426 Executing safepoint VM operation: ParallelGCFailedAllocation (Allocation Failure) done
Event: 110.454 Executing safepoint VM operation: ParallelGCFailedAllocation (Allocation Failure)
Event: 110.455 Executing safepoint VM operation: ParallelGCFailedAllocation (Allocation Failure) done
Event: 110.467 Executing safepoint VM operation: ParallelGCFailedAllocation (Allocation Failure)
Event: 110.469 Executing safepoint VM operation: ParallelGCFailedAllocation (Allocation Failure) done
Event: 110.472 Executing safepoint VM operation: ParallelGCFailedAllocation (Allocation Failure)
Event: 110.475 Executing safepoint VM operation: ParallelGCFailedAllocation (Allocation Failure) done
Event: 110.479 Executing safepoint VM operation: ParallelGCFailedAllocation (Allocation Failure)
Event: 110.482 Executing safepoint VM operation: ParallelGCFailedAllocation (Allocation Failure) done
Event: 110.530 Executing safepoint VM operation: ParallelGCFailedAllocation (Allocation Failure)
Event: 110.532 Executing safepoint VM operation: ParallelGCFailedAllocation (Allocation Failure) done
Event: 110.581 Executing safepoint VM operation: ParallelGCFailedAllocation (Allocation Failure)
Event: 110.583 Executing safepoint VM operation: ParallelGCFailedAllocation (Allocation Failure) done
Event: 110.613 Executing safepoint VM operation: ParallelGCFailedAllocation (Allocation Failure)
Event: 110.614 Executing safepoint VM operation: ParallelGCFailedAllocation (Allocation Failure) done
Event: 110.658 Executing safepoint VM operation: ParallelGCFailedAllocation (Allocation Failure)

Memory protections (0 events):
No events

Nmethod flushes (20 events):
Event: 105.860 Thread 0x000002b1c30c4520 flushing  nmethod 0x000002b1c9338b90
Event: 105.860 Thread 0x000002b1c30c4520 flushing  nmethod 0x000002b1c9352310
Event: 105.860 Thread 0x000002b1c30c4520 flushing  nmethod 0x000002b1c935b290
Event: 105.860 Thread 0x000002b1c30c4520 flushing  nmethod 0x000002b1c935fd90
Event: 105.860 Thread 0x000002b1c30c4520 flushing  nmethod 0x000002b1c9360190
Event: 105.860 Thread 0x000002b1c30c4520 flushing  nmethod 0x000002b1c9378190
Event: 105.860 Thread 0x000002b1c30c4520 flushing  nmethod 0x000002b1c9384210
Event: 105.860 Thread 0x000002b1c30c4520 flushing  nmethod 0x000002b1c9399b10
Event: 105.860 Thread 0x000002b1c30c4520 flushing  nmethod 0x000002b1c939c510
Event: 105.860 Thread 0x000002b1c30c4520 flushing  nmethod 0x000002b1c939ca10
Event: 105.860 Thread 0x000002b1c30c4520 flushing  nmethod 0x000002b1c93a0790
Event: 105.860 Thread 0x000002b1c30c4520 flushing  nmethod 0x000002b1c93af710
Event: 105.860 Thread 0x000002b1c30c4520 flushing  nmethod 0x000002b1c93b8890
Event: 105.860 Thread 0x000002b1c30c4520 flushing  nmethod 0x000002b1c93c4090
Event: 105.860 Thread 0x000002b1c30c4520 flushing  nmethod 0x000002b1c93dbb90
Event: 105.860 Thread 0x000002b1c30c4520 flushing  nmethod 0x000002b1c93ea290
Event: 105.860 Thread 0x000002b1c30c4520 flushing  nmethod 0x000002b1c93ece10
Event: 105.860 Thread 0x000002b1c30c4520 flushing  nmethod 0x000002b1c9409210
Event: 105.860 Thread 0x000002b1c30c4520 flushing osr nmethod 0x000002b1c9420b10
Event: 105.860 Thread 0x000002b1c30c4520 flushing  nmethod 0x000002b1c946f090

Events (20 events):
Event: 110.412 Thread 0x000002b221215a40 Thread added: 0x000002b224df4cc0
Event: 110.417 Thread 0x000002b221215a40 Thread added: 0x000002b224df59e0
Event: 110.423 Thread 0x000002b221215a40 Thread added: 0x000002b224df4630
Event: 110.423 Thread 0x000002b221215a40 Thread added: 0x000002b224df6070
Event: 110.423 Thread 0x000002b221215a40 Thread added: 0x000002b224df3910
Event: 110.432 Thread 0x000002b224df3910 Thread exited: 0x000002b224df3910
Event: 110.432 Thread 0x000002b224df59e0 Thread exited: 0x000002b224df59e0
Event: 110.432 Thread 0x000002b224df4cc0 Thread exited: 0x000002b224df4cc0
Event: 110.432 Thread 0x000002b224df6070 Thread exited: 0x000002b224df6070
Event: 110.432 Thread 0x000002b224df4630 Thread exited: 0x000002b224df4630
Event: 110.460 Thread 0x000002b221215a40 Thread added: 0x000002b224df3910
Event: 110.463 Thread 0x000002b221215a40 Thread added: 0x000002b224df4cc0
Event: 110.463 Thread 0x000002b221215a40 Thread added: 0x000002b224df4630
Event: 110.463 Thread 0x000002b221215a40 Thread added: 0x000002b224df6070
Event: 110.463 Thread 0x000002b221215a40 Thread added: 0x000002b224df59e0
Event: 110.489 Thread 0x000002b224df4cc0 Thread exited: 0x000002b224df4cc0
Event: 110.489 Thread 0x000002b224df6070 Thread exited: 0x000002b224df6070
Event: 110.489 Thread 0x000002b224df4630 Thread exited: 0x000002b224df4630
Event: 110.489 Thread 0x000002b224df59e0 Thread exited: 0x000002b224df59e0
Event: 110.489 Thread 0x000002b224df3910 Thread exited: 0x000002b224df3910


Dynamic libraries:
0x00007ff7d24e0000 - 0x00007ff7d24ee000 	c:\Users\Tam\.vscode\extensions\redhat.java-1.54.0-win32-x64\jre\21.0.10-win32-x86_64\bin\java.exe
0x00007ffd8d720000 - 0x00007ffd8d987000 	C:\WINDOWS\SYSTEM32\ntdll.dll
0x00007ffd8c910000 - 0x00007ffd8c9d9000 	C:\WINDOWS\System32\KERNEL32.DLL
0x00007ffd8b0b0000 - 0x00007ffd8b4a4000 	C:\WINDOWS\System32\KERNELBASE.dll
0x00007ffd8ac50000 - 0x00007ffd8ad9b000 	C:\WINDOWS\System32\ucrtbase.dll
0x00007ffd82990000 - 0x00007ffd829a8000 	c:\Users\Tam\.vscode\extensions\redhat.java-1.54.0-win32-x64\jre\21.0.10-win32-x86_64\bin\jli.dll
0x00007ffd829b0000 - 0x00007ffd829ce000 	c:\Users\Tam\.vscode\extensions\redhat.java-1.54.0-win32-x64\jre\21.0.10-win32-x86_64\bin\VCRUNTIME140.dll
0x00007ffd8caa0000 - 0x00007ffd8cc65000 	C:\WINDOWS\System32\USER32.dll
0x00007ffd714e0000 - 0x00007ffd71773000 	C:\WINDOWS\WinSxS\amd64_microsoft.windows.common-controls_6595b64144ccf1df_6.0.26100.8115_none_3e075c82e3354f9c\COMCTL32.dll
0x00007ffd8ada0000 - 0x00007ffd8adc7000 	C:\WINDOWS\System32\win32u.dll
0x00007ffd8b550000 - 0x00007ffd8b5f9000 	C:\WINDOWS\System32\msvcrt.dll
0x00007ffd8b7b0000 - 0x00007ffd8b7db000 	C:\WINDOWS\System32\GDI32.dll
0x00007ffd8a140000 - 0x00007ffd8a26b000 	C:\WINDOWS\System32\gdi32full.dll
0x00007ffd8b000000 - 0x00007ffd8b0a3000 	C:\WINDOWS\System32\msvcp_win.dll
0x00007ffd8b950000 - 0x00007ffd8b982000 	C:\WINDOWS\System32\IMM32.DLL
0x00007ffd82980000 - 0x00007ffd8298c000 	c:\Users\Tam\.vscode\extensions\redhat.java-1.54.0-win32-x64\jre\21.0.10-win32-x86_64\bin\vcruntime140_1.dll
0x00007ffd694d0000 - 0x00007ffd6955d000 	c:\Users\Tam\.vscode\extensions\redhat.java-1.54.0-win32-x64\jre\21.0.10-win32-x86_64\bin\msvcp140.dll
0x00007ffcf20e0000 - 0x00007ffcf2e81000 	c:\Users\Tam\.vscode\extensions\redhat.java-1.54.0-win32-x64\jre\21.0.10-win32-x86_64\bin\server\jvm.dll
0x00007ffd8bcf0000 - 0x00007ffd8bda6000 	C:\WINDOWS\System32\ADVAPI32.dll
0x00007ffd8bf50000 - 0x00007ffd8bff7000 	C:\WINDOWS\System32\sechost.dll
0x00007ffd8b690000 - 0x00007ffd8b7a8000 	C:\WINDOWS\System32\RPCRT4.dll
0x00007ffd8b600000 - 0x00007ffd8b680000 	C:\WINDOWS\System32\WS2_32.dll
0x00007ffd88bd0000 - 0x00007ffd88c2e000 	C:\WINDOWS\SYSTEM32\POWRPROF.dll
0x00007ffd7a460000 - 0x00007ffd7a496000 	C:\WINDOWS\SYSTEM32\WINMM.dll
0x00007ffd7f5d0000 - 0x00007ffd7f5db000 	C:\WINDOWS\SYSTEM32\VERSION.dll
0x00007ffd88bb0000 - 0x00007ffd88bc4000 	C:\WINDOWS\SYSTEM32\UMPDC.dll
0x00007ffd88ea0000 - 0x00007ffd88ebb000 	C:\WINDOWS\SYSTEM32\kernel.appcore.dll
0x00007ffd82970000 - 0x00007ffd8297a000 	c:\Users\Tam\.vscode\extensions\redhat.java-1.54.0-win32-x64\jre\21.0.10-win32-x86_64\bin\jimage.dll
0x00007ffd87ed0000 - 0x00007ffd88112000 	C:\WINDOWS\SYSTEM32\DBGHELP.DLL
0x00007ffd8d180000 - 0x00007ffd8d502000 	C:\WINDOWS\System32\combase.dll
0x00007ffd8b830000 - 0x00007ffd8b908000 	C:\WINDOWS\System32\OLEAUT32.dll
0x00007ffd70370000 - 0x00007ffd703ab000 	C:\WINDOWS\SYSTEM32\dbgcore.DLL
0x00007ffd8add0000 - 0x00007ffd8ae75000 	C:\WINDOWS\System32\bcryptPrimitives.dll
0x00007ffd82960000 - 0x00007ffd8296f000 	c:\Users\Tam\.vscode\extensions\redhat.java-1.54.0-win32-x64\jre\21.0.10-win32-x86_64\bin\instrument.dll
0x00007ffd82940000 - 0x00007ffd82960000 	c:\Users\Tam\.vscode\extensions\redhat.java-1.54.0-win32-x64\jre\21.0.10-win32-x86_64\bin\java.dll
0x00007ffd8c1a0000 - 0x00007ffd8c907000 	C:\WINDOWS\System32\SHELL32.dll
0x00007ffd8aae0000 - 0x00007ffd8ac4a000 	C:\WINDOWS\System32\wintypes.dll
0x00007ffd8a270000 - 0x00007ffd8aad8000 	C:\WINDOWS\System32\windows.storage.dll
0x00007ffd8bdb0000 - 0x00007ffd8bea8000 	C:\WINDOWS\System32\SHCORE.dll
0x00007ffd8d670000 - 0x00007ffd8d6d6000 	C:\WINDOWS\System32\shlwapi.dll
0x00007ffd89f10000 - 0x00007ffd89f39000 	C:\WINDOWS\SYSTEM32\profapi.dll
0x00007ffd82920000 - 0x00007ffd82938000 	c:\Users\Tam\.vscode\extensions\redhat.java-1.54.0-win32-x64\jre\21.0.10-win32-x86_64\bin\zip.dll
0x00007ffd82910000 - 0x00007ffd82920000 	C:\Users\Tam\.vscode\extensions\redhat.java-1.54.0-win32-x64\jre\21.0.10-win32-x86_64\bin\net.dll
0x00007ffd7fc40000 - 0x00007ffd7fd6d000 	C:\WINDOWS\SYSTEM32\WINHTTP.dll
0x00007ffd89410000 - 0x00007ffd8947c000 	C:\WINDOWS\system32\mswsock.dll
0x00007ffd70fe0000 - 0x00007ffd70ff6000 	C:\Users\Tam\.vscode\extensions\redhat.java-1.54.0-win32-x64\jre\21.0.10-win32-x86_64\bin\nio.dll
0x00007ffd82900000 - 0x00007ffd82910000 	c:\Users\Tam\.vscode\extensions\redhat.java-1.54.0-win32-x64\jre\21.0.10-win32-x86_64\bin\verify.dll
0x00007ffd63aa0000 - 0x00007ffd63ae5000 	C:\Users\Tam\AppData\Roaming\Code\User\globalStorage\redhat.java\1.54.0\config_win\org.eclipse.equinox.launcher\org.eclipse.equinox.launcher.win32.win32.x86_64_1.3.0.v20260203-2149\eclipse_11919.dll
0x00007ffd8c000000 - 0x00007ffd8c197000 	C:\WINDOWS\System32\ole32.dll
0x00007ffd828c0000 - 0x00007ffd828ca000 	C:\Users\Tam\.vscode\extensions\redhat.java-1.54.0-win32-x64\jre\21.0.10-win32-x86_64\bin\management.dll
0x00007ffd69470000 - 0x00007ffd6947c000 	C:\Users\Tam\.vscode\extensions\redhat.java-1.54.0-win32-x64\jre\21.0.10-win32-x86_64\bin\management_ext.dll
0x00007ffd8b910000 - 0x00007ffd8b918000 	C:\WINDOWS\System32\PSAPI.DLL
0x00007ffd896f0000 - 0x00007ffd8970b000 	C:\WINDOWS\SYSTEM32\CRYPTSP.dll
0x00007ffd88e00000 - 0x00007ffd88e39000 	C:\WINDOWS\system32\rsaenh.dll
0x00007ffd894c0000 - 0x00007ffd894f3000 	C:\WINDOWS\SYSTEM32\USERENV.dll
0x00007ffd89ee0000 - 0x00007ffd89f0a000 	C:\WINDOWS\SYSTEM32\bcrypt.dll
0x00007ffd89710000 - 0x00007ffd8971c000 	C:\WINDOWS\SYSTEM32\CRYPTBASE.dll
0x00007ffd887c0000 - 0x00007ffd887f2000 	C:\WINDOWS\SYSTEM32\IPHLPAPI.DLL
0x00007ffd8baa0000 - 0x00007ffd8baaa000 	C:\WINDOWS\System32\NSI.dll
0x00007ffd58870000 - 0x00007ffd588b9000 	C:\Users\Tam\AppData\Local\Temp\jna-83840\jna14981273133361198555.dll
0x00007ffd804e0000 - 0x00007ffd804fd000 	C:\WINDOWS\SYSTEM32\dhcpcsvc6.DLL
0x00007ffd80320000 - 0x00007ffd80345000 	C:\WINDOWS\SYSTEM32\dhcpcsvc.DLL
0x00007ffd69460000 - 0x00007ffd6946e000 	C:\Users\Tam\.vscode\extensions\redhat.java-1.54.0-win32-x64\jre\21.0.10-win32-x86_64\bin\sunmscapi.dll
0x00007ffd8ae80000 - 0x00007ffd8aff7000 	C:\WINDOWS\System32\CRYPT32.dll
0x00007ffd89910000 - 0x00007ffd89940000 	C:\WINDOWS\SYSTEM32\ncrypt.dll
0x00007ffd898c0000 - 0x00007ffd898ff000 	C:\WINDOWS\SYSTEM32\NTASN1.dll
0x00007ffd88850000 - 0x00007ffd88982000 	C:\WINDOWS\SYSTEM32\DNSAPI.dll
0x00007ffd80e00000 - 0x00007ffd80e0b000 	C:\Windows\System32\rasadhlp.dll
0x00007ffd7f440000 - 0x00007ffd7f4c6000 	C:\WINDOWS\System32\fwpuclnt.dll
0x00007ffd63a90000 - 0x00007ffd63a99000 	C:\Users\Tam\.vscode\extensions\redhat.java-1.54.0-win32-x64\jre\21.0.10-win32-x86_64\bin\extnet.dll
0x00007ffd88fc0000 - 0x00007ffd88ff6000 	C:\WINDOWS\SYSTEM32\ntmarta.dll

JVMTI agents:
c:\Users\Tam\.vscode\extensions\redhat.java-1.54.0-win32-x64\lombok\lombok-1.18.39-4050.jar path:c:\Users\Tam\.vscode\extensions\redhat.java-1.54.0-win32-x64\jre\21.0.10-win32-x86_64\bin\instrument.dll, loaded, initialized, instrumentlib options:none

dbghelp: loaded successfully - version: 4.0.5 - missing functions: none
symbol engine: initialized successfully - sym options: 0x614 - pdb path: .;c:\Users\Tam\.vscode\extensions\redhat.java-1.54.0-win32-x64\jre\21.0.10-win32-x86_64\bin;C:\WINDOWS\SYSTEM32;C:\WINDOWS\WinSxS\amd64_microsoft.windows.common-controls_6595b64144ccf1df_6.0.26100.8115_none_3e075c82e3354f9c;c:\Users\Tam\.vscode\extensions\redhat.java-1.54.0-win32-x64\jre\21.0.10-win32-x86_64\bin\server;C:\Users\Tam\AppData\Roaming\Code\User\globalStorage\redhat.java\1.54.0\config_win\org.eclipse.equinox.launcher\org.eclipse.equinox.launcher.win32.win32.x86_64_1.3.0.v20260203-2149;C:\Users\Tam\AppData\Local\Temp\jna-83840

VM Arguments:
jvm_args: --add-modules=ALL-SYSTEM --add-opens=java.base/java.util=ALL-UNNAMED --add-opens=java.base/java.lang=ALL-UNNAMED --add-opens=java.base/sun.nio.fs=ALL-UNNAMED -Declipse.application=org.eclipse.jdt.ls.core.id1 -Dosgi.bundles.defaultStartLevel=4 -Declipse.product=org.eclipse.jdt.ls.core.product -Djava.import.generatesMetadataFilesAtProjectRoot=false -DDetectVMInstallationsJob.disabled=true -Dfile.encoding=utf8 -XX:+UseParallelGC -XX:GCTimeRatio=4 -XX:AdaptiveSizePolicyWeight=90 -Dsun.zip.disableMemoryMapping=true -Xmx2G -Xms100m -Xlog:disable -javaagent:c:\Users\Tam\.vscode\extensions\redhat.java-1.54.0-win32-x64\lombok\lombok-1.18.39-4050.jar -XX:+HeapDumpOnOutOfMemoryError -XX:HeapDumpPath=c:\Users\Tam\AppData\Roaming\Code\User\workspaceStorage\1d7532827261c6b6800ebf5311da248f\redhat.java -Daether.dependencyCollector.impl=bf 
java_command: c:\Users\Tam\.vscode\extensions\redhat.java-1.54.0-win32-x64\server\plugins\org.eclipse.equinox.launcher_1.7.100.v20251111-0406.jar -configuration c:\Users\Tam\AppData\Roaming\Code\User\globalStorage\redhat.java\1.54.0\config_win -data c:\Users\Tam\AppData\Roaming\Code\User\workspaceStorage\1d7532827261c6b6800ebf5311da248f\redhat.java\jdt_ws --pipe=\\.\pipe\lsp-9372d1b91da1d0afe125a24c1d2cc93d-sock
java_class_path (initial): c:\Users\Tam\.vscode\extensions\redhat.java-1.54.0-win32-x64\server\plugins\org.eclipse.equinox.launcher_1.7.100.v20251111-0406.jar
Launcher Type: SUN_STANDARD

[Global flags]
    uintx AdaptiveSizePolicyWeight                 = 90                                        {product} {command line}
     intx CICompilerCount                          = 4                                         {product} {ergonomic}
    uintx GCTimeRatio                              = 4                                         {product} {command line}
     bool HeapDumpOnOutOfMemoryError               = true                                   {manageable} {command line}
    ccstr HeapDumpPath                             = c:\Users\Tam\AppData\Roaming\Code\User\workspaceStorage\1d7532827261c6b6800ebf5311da248f\redhat.java         {manageable} {command line}
   size_t InitialHeapSize                          = 104857600                                 {product} {command line}
   size_t MaxHeapSize                              = 2147483648                                {product} {command line}
   size_t MaxNewSize                               = 715653120                                 {product} {ergonomic}
   size_t MinHeapDeltaBytes                        = 524288                                    {product} {ergonomic}
   size_t MinHeapSize                              = 104857600                                 {product} {command line}
   size_t NewSize                                  = 34603008                                  {product} {ergonomic}
    uintx NonNMethodCodeHeapSize                   = 5839372                                {pd product} {ergonomic}
    uintx NonProfiledCodeHeapSize                  = 122909434                              {pd product} {ergonomic}
   size_t OldSize                                  = 70254592                                  {product} {ergonomic}
    uintx ProfiledCodeHeapSize                     = 122909434                              {pd product} {ergonomic}
    uintx ReservedCodeCacheSize                    = 251658240                              {pd product} {ergonomic}
     bool SegmentedCodeCache                       = true                                      {product} {ergonomic}
   size_t SoftMaxHeapSize                          = 2147483648                             {manageable} {ergonomic}
     bool UseCompressedOops                        = true                           {product lp64_product} {ergonomic}
     bool UseLargePagesIndividualAllocation        = false                                  {pd product} {ergonomic}
     bool UseParallelGC                            = true                                      {product} {command line}

Logging:
Log output configuration:
 #0: stdout all=off uptime,level,tags foldmultilines=false
 #1: stderr all=off uptime,level,tags foldmultilines=false

Release file:
JAVA_VERSION="21.0.10" 
MODULES="java.base java.compiler java.datatransfer java.xml java.prefs java.desktop java.instrument java.logging java.management java.security.sasl java.naming java.rmi java.management.rmi java.net.http java.scripting java.security.jgss java.transaction.xa java.sql java.sql.rowset java.xml.crypto java.se java.smartcardio jdk.accessibility jdk.internal.jvmstat jdk.attach jdk.charsets jdk.internal.opt jdk.zipfs jdk.compiler jdk.crypto.ec jdk.crypto.cryptoki jdk.crypto.mscapi jdk.dynalink jdk.internal.ed jdk.editpad jdk.hotspot.agent jdk.httpserver jdk.internal.le jdk.internal.vm.ci jdk.internal.vm.compiler jdk.internal.vm.compiler.management jdk.jartool jdk.javadoc jdk.jcmd jdk.management jdk.management.agent jdk.jconsole jdk.jdeps jdk.jdwp.agent jdk.jdi jdk.jfr jdk.jshell jdk.jsobject jdk.jstatd jdk.localedata jdk.management.jfr jdk.naming.dns jdk.naming.rmi jdk.net jdk.nio.mapmode jdk.random jdk.sctp jdk.security.auth jdk.security.jgss jdk.unsupported jdk.unsupported.desktop jdk.xml.dom" 

Environment Variables:
PATH=C:\Program Files\Microsoft VS Code;C:\oraclexe\app\oracle\product\11.2.0\server\bin;E:\bin\;C:\WINDOWS\system32;C:\WINDOWS;C:\WINDOWS\System32\Wbem;C:\WINDOWS\System32\WindowsPowerShell\v1.0\;C:\WINDOWS\System32\OpenSSH\;C:\Program Files\NVIDIA Corporation\NVIDIA NvDLISR;C:\Program Files\Microsoft VS Code\bin;D:\MinGW\bin;C:\WINDOWS\system32;C:\WINDOWS;C:\WINDOWS\System32\Wbem;C:\WINDOWS\System32\WindowsPowerShell\v1.0\;C:\WINDOWS\System32\OpenSSH\;C:\Program Files\Azure Data Studio\bin;C:\Program Files\Git\cmd;C:\Program Files\MongoDB\Server\6.0\bin\mongod.cfg;C:\Program Files\MongoDB\Tools\100\bin;C:\Program Files\Docker\Docker\resources\bin;C:\Users\Tam\AppData\Roaming\nvm;C:\Program Files\nodejs;C:\Program Files\Microsoft SQL Server\Client SDK\ODBC\170\Tools\Binn\;C:\Program Files (x86)\Microsoft SQL Server\150\Tools\Binn\;C:\Program Files\Microsoft SQL Server\150\Tools\Binn\;C:\Program Files\Microsoft SQL Server\150\DTS\Binn\;C:\Program Files (x86)\Microsoft SQL Server\160\DTS\Binn\;C:\Program Files\nodejs\;C:\Program Files (x86)\Windows Kits\10\Windows Performance Toolkit\;C:\Program Files\apache-maven-3.9.9\bin;C:\Program Files\Gradle\gradle-8.11.1\bin;C:\gradle-8.12;C:\Users\Tam\AppData\Local\Google\Cloud SDK\google-cloud-sdk\bin;C:\Program Files (x86)\NVIDIA Corporation\PhysX\Common;C:\Program Files\NVIDIA Corporation\NVIDIA App\NvDLISR;C:\Program Files\JetBrains\IntelliJ IDEA Ultimate 2023.3.1\bin;C:\Program Files\JetBrains\WebStorm 2024.1.3\bin;C:\Program Files\dotnet\;D:\AndroidStudioSDK\tools\bin;D:\AndroidStudioSDK\tools;D:\AndroidStudioSDK\emulator;D:\AndroidStudioSDK\platform-tools;D:\Redis\;C:\Program Files\MySQL\MySQL Shell 8.0\bin\;C:\Users\Tam\AppData\Local\Microsoft\WindowsApps;C:\Program Files\Azure Data Studio\bin;C:\Users\Tam\AppData\Local\Programs\mongosh\;C:\Program Files\MongoDB\Server\6.0\bin;C:\Users\Tam\AppData\Roaming\nvm;C:\Program Files\nodejs;C:\Program Files\JetBrains\WebStorm 2024.1.3\bin;C:\Users\Tam\AppData\Roaming\npm;C:\Program Files\MySQL\MySQL Server 8.0\bin;C:\Users\Tam\AppData\Local\Programs\Python\Launcher\;C:\Users\Tam\AppData\Local\Programs\Python\Python312;C:\Users\Tam\AppData\Local\Programs\Python\Python312\Scripts;C:\Program Files\Java\jdk-21\bin;D:\apache\apache-maven-3.9.9\bin;C:\Users\Tam\AppData\Local\Google\Cloud SDK\google-cloud-sdk\bin;C:\Program Files\PostgreSQL\17\bin;;C:\Users\Tam\AppData\Local\Microsoft\WindowsApps;C:\Users\Tam\.dotnet\tools;D:\JetBrains\IntelliJ IDEA 2025.3.3\bin
USERNAME=Tam
OS=Windows_NT
PROCESSOR_IDENTIFIER=Intel64 Family 6 Model 141 Stepping 1, GenuineIntel
TMP=C:\Users\Tam\AppData\Local\Temp
TEMP=C:\Users\Tam\AppData\Local\Temp




Periodic native trim disabled

---------------  S Y S T E M  ---------------

OS:
 Windows 11 , 64 bit Build 26100 (10.0.26100.8246)
OS uptime: 0 days 0:23 hours
Hyper-V role detected

CPU: total 12 (initial active 12) (6 cores per cpu, 2 threads per core) family 6 model 141 stepping 1 microcode 0x3c, cx8, cmov, fxsr, ht, mmx, 3dnowpref, sse, sse2, sse3, ssse3, sse4.1, sse4.2, popcnt, lzcnt, tsc, tscinvbit, avx, avx2, aes, erms, clmul, bmi1, bmi2, adx, avx512f, avx512dq, avx512cd, avx512bw, avx512vl, sha, fma, vzeroupper, avx512_vpopcntdq, avx512_vpclmulqdq, avx512_vaes, avx512_vnni, clflush, clflushopt, clwb, avx512_vbmi2, avx512_vbmi, hv, rdtscp, rdpid, fsrm, gfni, avx512_bitalg, f16c, cet_ibt, cet_ss, avx512_ifma
Processor Information for the first 12 processors :
  Max Mhz: 2688, Current Mhz: 2688, Mhz Limit: 2688

Memory: 4k page, system-wide physical 24355M (1077M free)
TotalPageFile size 32547M (AvailPageFile size 4M)
current process WorkingSet (physical memory assigned to process): 1649M, peak: 1660M
current process commit charge ("private bytes"): 1565M, peak: 1578M

vm_info: OpenJDK 64-Bit Server VM (21.0.10+7-LTS) for windows-amd64 JRE (21.0.10+7-LTS), built on 2026-01-20T00:00:00Z by "admin" with MS VC++ 17.12 (VS2022)

END.
