#
# There is insufficient memory for the Java Runtime Environment to continue.
# Native memory allocation (malloc) failed to allocate 882128 bytes. Error detail: Chunk::new
# Possible reasons:
#   The system is out of physical RAM or swap space
#   This process is running with CompressedOops enabled, and the Java Heap may be blocking the growth of the native heap
# Possible solutions:
#   Reduce memory load on the system
#   Increase physical memory or swap space
#   Check if swap backing store is full
#   Decrease Java heap size (-Xmx/-Xms)
#   Decrease number of Java threads
#   Decrease Java thread stack sizes (-Xss)
#   Set larger code cache with -XX:ReservedCodeCacheSize=
#   JVM is running with Unscaled Compressed Oops mode in which the Java heap is
#     placed in the first 4GB address space. The Java Heap base address is the
#     maximum limit for the native heap growth. Please use -XX:HeapBaseMinAddress
#     to set the Java Heap base and to place the Java Heap above 4GB virtual address.
# This output file may be truncated or incomplete.
#
#  Out of Memory Error (arena.cpp:168), pid=31640, tid=26988
#
# JRE version: OpenJDK Runtime Environment Temurin-21.0.10+7 (21.0.10+7) (build 21.0.10+7-LTS)
# Java VM: OpenJDK 64-Bit Server VM Temurin-21.0.10+7 (21.0.10+7-LTS, mixed mode, sharing, tiered, compressed oops, compressed class ptrs, parallel gc, windows-amd64)
# No core dump will be written. Minidumps are not enabled by default on client versions of Windows
#

---------------  S U M M A R Y ------------

Command Line: --add-modules=ALL-SYSTEM --add-opens=java.base/java.util=ALL-UNNAMED --add-opens=java.base/java.lang=ALL-UNNAMED --add-opens=java.base/sun.nio.fs=ALL-UNNAMED -Declipse.application=org.eclipse.jdt.ls.core.id1 -Dosgi.bundles.defaultStartLevel=4 -Declipse.product=org.eclipse.jdt.ls.core.product -Djava.import.generatesMetadataFilesAtProjectRoot=false -DDetectVMInstallationsJob.disabled=true -Dfile.encoding=utf8 -XX:+UseParallelGC -XX:GCTimeRatio=4 -XX:AdaptiveSizePolicyWeight=90 -Dsun.zip.disableMemoryMapping=true -Xmx2G -Xms100m -Xlog:disable -javaagent:c:\Users\Tam\.vscode\extensions\redhat.java-1.54.0-win32-x64\lombok\lombok-1.18.39-4050.jar -XX:+HeapDumpOnOutOfMemoryError -XX:HeapDumpPath=c:\Users\Tam\AppData\Roaming\Code\User\workspaceStorage\1d7532827261c6b6800ebf5311da248f\redhat.java -Daether.dependencyCollector.impl=bf c:\Users\Tam\.vscode\extensions\redhat.java-1.54.0-win32-x64\server\plugins\org.eclipse.equinox.launcher_1.7.100.v20251111-0406.jar -configuration c:\Users\Tam\AppData\Roaming\Code\User\globalStorage\redhat.java\1.54.0\config_win -data c:\Users\Tam\AppData\Roaming\Code\User\workspaceStorage\1d7532827261c6b6800ebf5311da248f\redhat.java\jdt_ws --pipe=\\.\pipe\lsp-c2aa540df85b799926f65389f67cd873-sock

Host: 11th Gen Intel(R) Core(TM) i5-11400H @ 2.70GHz, 12 cores, 23G,  Windows 11 , 64 bit Build 26100 (10.0.26100.8328)
Time: Mon Jun  1 15:09:19 2026 SE Asia Standard Time elapsed time: 27.882171 seconds (0d 0h 0m 27s)

---------------  T H R E A D  ---------------

Current thread (0x00000295086505e0):  JavaThread "C2 CompilerThread0" daemon [_thread_in_native, id=26988, stack(0x000000d5c4000000,0x000000d5c4100000) (1024K)]


Current CompileTask:
C2:27882 7438   !   4       java.nio.file.FileTreeWalker::next (144 bytes)

Stack: [0x000000d5c4000000,0x000000d5c4100000]
Native frames: (J=compiled Java code, j=interpreted, Vv=VM code, C=native code)
V  [jvm.dll+0x6d7a39]
V  [jvm.dll+0x8b4b26]
V  [jvm.dll+0x8b70de]
V  [jvm.dll+0x8b77c3]
V  [jvm.dll+0x284346]
V  [jvm.dll+0xc66ed]
V  [jvm.dll+0xc6c31]
V  [jvm.dll+0x3bec3b]
V  [jvm.dll+0x38b162]
V  [jvm.dll+0x38a5aa]
V  [jvm.dll+0x24c560]
V  [jvm.dll+0x24bb40]
V  [jvm.dll+0x1cb34e]
V  [jvm.dll+0x25b85d]
V  [jvm.dll+0x259dea]
V  [jvm.dll+0x3f857e]
V  [jvm.dll+0x85f59d]
V  [jvm.dll+0x6d626d]
C  [ucrtbase.dll+0x37b0]
C  [KERNEL32.DLL+0x2e957]
C  [ntdll.dll+0x427c]


---------------  P R O C E S S  ---------------

Threads class SMR info:
_java_thread_list=0x000002956addac40, length=53, elements={
0x000002950620cdf0, 0x000002950854baa0, 0x00000295086462e0, 0x000002950864b870,
0x000002950864c2d0, 0x000002950864cd30, 0x000002950864d790, 0x00000295086505e0,
0x0000029561383b90, 0x0000029561582650, 0x000002956163cd30, 0x000002956236b8d0,
0x0000029567109870, 0x00000295628c7f00, 0x0000029562967c80, 0x0000029567700590,
0x0000029567b39230, 0x00000295676d88c0, 0x00000295675c3d80, 0x00000295675c4410,
0x00000295675c36f0, 0x0000029569814060, 0x00000295698167c0, 0x00000295698146f0,
0x0000029569815410, 0x0000029569815aa0, 0x0000029569814d80, 0x0000029569816e50,
0x00000295698174e0, 0x0000029568451430, 0x0000029568452150, 0x0000029568451ac0,
0x00000295684527e0, 0x0000029568450080, 0x0000029568450710, 0x000002956844f360,
0x000002956844f9f0, 0x0000029568450da0, 0x0000029568af2580, 0x0000029568af0b40,
0x0000029568af11d0, 0x0000029568af1860, 0x0000029568af2c10, 0x0000029568aefe20,
0x0000029568af1ef0, 0x0000029568af04b0, 0x0000029568af3930, 0x0000029568af3fc0,
0x0000029568af6090, 0x0000029568af4ce0, 0x0000029568af6db0, 0x0000029568af5a00,
0x0000029568af6720
}

Java Threads: ( => current thread )
  0x000002950620cdf0 JavaThread "main"                              [_thread_blocked, id=396, stack(0x000000d5c3600000,0x000000d5c3700000) (1024K)]
  0x000002950854baa0 JavaThread "Reference Handler"          daemon [_thread_blocked, id=18176, stack(0x000000d5c3a00000,0x000000d5c3b00000) (1024K)]
  0x00000295086462e0 JavaThread "Finalizer"                  daemon [_thread_blocked, id=36972, stack(0x000000d5c3b00000,0x000000d5c3c00000) (1024K)]
  0x000002950864b870 JavaThread "Signal Dispatcher"          daemon [_thread_blocked, id=22776, stack(0x000000d5c3c00000,0x000000d5c3d00000) (1024K)]
  0x000002950864c2d0 JavaThread "Attach Listener"            daemon [_thread_blocked, id=28864, stack(0x000000d5c3d00000,0x000000d5c3e00000) (1024K)]
  0x000002950864cd30 JavaThread "Service Thread"             daemon [_thread_blocked, id=27388, stack(0x000000d5c3e00000,0x000000d5c3f00000) (1024K)]
  0x000002950864d790 JavaThread "Monitor Deflation Thread"   daemon [_thread_blocked, id=20464, stack(0x000000d5c3f00000,0x000000d5c4000000) (1024K)]
=>0x00000295086505e0 JavaThread "C2 CompilerThread0"         daemon [_thread_in_native, id=26988, stack(0x000000d5c4000000,0x000000d5c4100000) (1024K)]
  0x0000029561383b90 JavaThread "C1 CompilerThread0"         daemon [_thread_blocked, id=32676, stack(0x000000d5c4100000,0x000000d5c4200000) (1024K)]
  0x0000029561582650 JavaThread "Common-Cleaner"             daemon [_thread_blocked, id=21588, stack(0x000000d5c4200000,0x000000d5c4300000) (1024K)]
  0x000002956163cd30 JavaThread "Notification Thread"        daemon [_thread_blocked, id=24036, stack(0x000000d5c4400000,0x000000d5c4500000) (1024K)]
  0x000002956236b8d0 JavaThread "Active Thread: Equinox Container: 5d6defb6-f1d3-4c20-8489-1b1597ba22a1"        [_thread_blocked, id=16768, stack(0x000000d5c4c00000,0x000000d5c4d00000) (1024K)]
  0x0000029567109870 JavaThread "Refresh Thread: Equinox Container: 5d6defb6-f1d3-4c20-8489-1b1597ba22a1" daemon [_thread_blocked, id=1916, stack(0x000000d5c4e00000,0x000000d5c4f00000) (1024K)]
  0x00000295628c7f00 JavaThread "Framework Event Dispatcher: Equinox Container: 5d6defb6-f1d3-4c20-8489-1b1597ba22a1" daemon [_thread_blocked, id=36980, stack(0x000000d5c4f00000,0x000000d5c5000000) (1024K)]
  0x0000029562967c80 JavaThread "Start Level: Equinox Container: 5d6defb6-f1d3-4c20-8489-1b1597ba22a1" daemon [_thread_blocked, id=19816, stack(0x000000d5c5000000,0x000000d5c5100000) (1024K)]
  0x0000029567700590 JavaThread "Bundle File Closer"         daemon [_thread_blocked, id=23416, stack(0x000000d5c5300000,0x000000d5c5400000) (1024K)]
  0x0000029567b39230 JavaThread "SCR Component Actor"        daemon [_thread_blocked, id=20732, stack(0x000000d5c4300000,0x000000d5c4400000) (1024K)]
  0x00000295676d88c0 JavaThread "Worker-JM"                         [_thread_blocked, id=25608, stack(0x000000d5c5400000,0x000000d5c5500000) (1024K)]
  0x00000295675c3d80 JavaThread "JNA Cleaner"                daemon [_thread_blocked, id=35316, stack(0x000000d5c4500000,0x000000d5c4600000) (1024K)]
  0x00000295675c4410 JavaThread "Worker-0"                          [_thread_blocked, id=10272, stack(0x000000d5c5700000,0x000000d5c5800000) (1024K)]
  0x00000295675c36f0 JavaThread "Worker-1"                          [_thread_blocked, id=12252, stack(0x000000d5c5500000,0x000000d5c5600000) (1024K)]
  0x0000029569814060 JavaThread "Java indexing"              daemon [_thread_blocked, id=36392, stack(0x000000d5c5900000,0x000000d5c5a00000) (1024K)]
  0x00000295698167c0 JavaThread "Worker-2"                          [_thread_blocked, id=13608, stack(0x000000d5c5a00000,0x000000d5c5b00000) (1024K)]
  0x00000295698146f0 JavaThread "Worker-3: Initialize Workspace"        [_thread_in_native, id=30160, stack(0x000000d5c5d00000,0x000000d5c5e00000) (1024K)]
  0x0000029569815410 JavaThread "Worker-4"                          [_thread_blocked, id=38188, stack(0x000000d5c5e00000,0x000000d5c5f00000) (1024K)]
  0x0000029569815aa0 JavaThread "Thread-1"                   daemon [_thread_in_native, id=19020, stack(0x000000d5c5f00000,0x000000d5c6000000) (1024K)]
  0x0000029569814d80 JavaThread "Thread-2"                   daemon [_thread_in_native, id=35124, stack(0x000000d5c6000000,0x000000d5c6100000) (1024K)]
  0x0000029569816e50 JavaThread "Thread-3"                   daemon [_thread_in_native, id=39620, stack(0x000000d5c6100000,0x000000d5c6200000) (1024K)]
  0x00000295698174e0 JavaThread "Thread-4"                   daemon [_thread_in_native, id=15216, stack(0x000000d5c6200000,0x000000d5c6300000) (1024K)]
  0x0000029568451430 JavaThread "Thread-5"                   daemon [_thread_in_native, id=27276, stack(0x000000d5c6300000,0x000000d5c6400000) (1024K)]
  0x0000029568452150 JavaThread "Thread-6"                   daemon [_thread_in_native, id=35768, stack(0x000000d5c6400000,0x000000d5c6500000) (1024K)]
  0x0000029568451ac0 JavaThread "Thread-7"                   daemon [_thread_in_native, id=40068, stack(0x000000d5c6500000,0x000000d5c6600000) (1024K)]
  0x00000295684527e0 JavaThread "Thread-8"                   daemon [_thread_in_native, id=24520, stack(0x000000d5c6600000,0x000000d5c6700000) (1024K)]
  0x0000029568450080 JavaThread "Thread-9"                   daemon [_thread_in_native, id=16876, stack(0x000000d5c6700000,0x000000d5c6800000) (1024K)]
  0x0000029568450710 JavaThread "Thread-10"                  daemon [_thread_in_native, id=31172, stack(0x000000d5c6800000,0x000000d5c6900000) (1024K)]
  0x000002956844f360 JavaThread "Thread-11"                  daemon [_thread_in_native, id=40948, stack(0x000000d5c6900000,0x000000d5c6a00000) (1024K)]
  0x000002956844f9f0 JavaThread "Thread-12"                  daemon [_thread_in_native, id=37584, stack(0x000000d5c6a00000,0x000000d5c6b00000) (1024K)]
  0x0000029568450da0 JavaThread "Thread-13"                  daemon [_thread_in_native, id=29676, stack(0x000000d5c6b00000,0x000000d5c6c00000) (1024K)]
  0x0000029568af2580 JavaThread "pool-2-thread-1"                   [_thread_blocked, id=24072, stack(0x000000d5c6c00000,0x000000d5c6d00000) (1024K)]
  0x0000029568af0b40 JavaThread "WorkspaceEventsHandler"            [_thread_blocked, id=40784, stack(0x000000d5c6d00000,0x000000d5c6e00000) (1024K)]
  0x0000029568af11d0 JavaThread "pool-1-thread-1"                   [_thread_blocked, id=23964, stack(0x000000d5c6e00000,0x000000d5c6f00000) (1024K)]
  0x0000029568af1860 JavaThread "ForkJoinPool.commonPool-worker-1" daemon [_thread_blocked, id=10464, stack(0x000000d5c5600000,0x000000d5c5700000) (1024K)]
  0x0000029568af2c10 JavaThread "ForkJoinPool.commonPool-worker-2" daemon [_thread_blocked, id=30372, stack(0x000000d5c5800000,0x000000d5c5900000) (1024K)]
  0x0000029568aefe20 JavaThread "ForkJoinPool.commonPool-worker-3" daemon [_thread_blocked, id=21608, stack(0x000000d5c6f00000,0x000000d5c7000000) (1024K)]
  0x0000029568af1ef0 JavaThread "ForkJoinPool.commonPool-worker-4" daemon [_thread_blocked, id=3208, stack(0x000000d5c7000000,0x000000d5c7100000) (1024K)]
  0x0000029568af04b0 JavaThread "ForkJoinPool.commonPool-worker-5" daemon [_thread_blocked, id=36900, stack(0x000000d5c7100000,0x000000d5c7200000) (1024K)]
  0x0000029568af3930 JavaThread "ForkJoinPool.commonPool-worker-6" daemon [_thread_blocked, id=6788, stack(0x000000d5c7200000,0x000000d5c7300000) (1024K)]
  0x0000029568af3fc0 JavaThread "ForkJoinPool.commonPool-worker-7" daemon [_thread_blocked, id=30272, stack(0x000000d5c7300000,0x000000d5c7400000) (1024K)]
  0x0000029568af6090 JavaThread "ForkJoinPool.commonPool-worker-8" daemon [_thread_blocked, id=14992, stack(0x000000d5c7400000,0x000000d5c7500000) (1024K)]
  0x0000029568af4ce0 JavaThread "ForkJoinPool.commonPool-worker-9" daemon [_thread_blocked, id=26524, stack(0x000000d5c7500000,0x000000d5c7600000) (1024K)]
  0x0000029568af6db0 JavaThread "ForkJoinPool.commonPool-worker-10" daemon [_thread_blocked, id=16508, stack(0x000000d5c7600000,0x000000d5c7700000) (1024K)]
  0x0000029568af5a00 JavaThread "ForkJoinPool.commonPool-worker-11" daemon [_thread_blocked, id=30228, stack(0x000000d5c7700000,0x000000d5c7800000) (1024K)]
  0x0000029568af6720 JavaThread "ProjectImportProgressReporter" daemon [_thread_blocked, id=20812, stack(0x000000d5c7800000,0x000000d5c7900000) (1024K)]
Total: 53

Other Threads:
  0x0000029508644a60 VMThread "VM Thread"                           [id=40520, stack(0x000000d5c3900000,0x000000d5c3a00000) (1024K)]
  0x0000029508611a10 WatcherThread "VM Periodic Task Thread"        [id=12168, stack(0x000000d5c3800000,0x000000d5c3900000) (1024K)]
  0x00000295085c2d60 WorkerThread "GC Thread#0"                     [id=33128, stack(0x000000d5c3700000,0x000000d5c3800000) (1024K)]
  0x0000029567163950 WorkerThread "GC Thread#1"                     [id=40868, stack(0x000000d5c4600000,0x000000d5c4700000) (1024K)]
  0x0000029567163d00 WorkerThread "GC Thread#2"                     [id=31188, stack(0x000000d5c4700000,0x000000d5c4800000) (1024K)]
  0x000002956716e3c0 WorkerThread "GC Thread#3"                     [id=9084, stack(0x000000d5c4800000,0x000000d5c4900000) (1024K)]
  0x000002956716e770 WorkerThread "GC Thread#4"                     [id=2964, stack(0x000000d5c4900000,0x000000d5c4a00000) (1024K)]
  0x0000029562a6b8b0 WorkerThread "GC Thread#5"                     [id=25936, stack(0x000000d5c4a00000,0x000000d5c4b00000) (1024K)]
  0x0000029562a6bc60 WorkerThread "GC Thread#6"                     [id=34048, stack(0x000000d5c4b00000,0x000000d5c4c00000) (1024K)]
  0x0000029567142350 WorkerThread "GC Thread#7"                     [id=16692, stack(0x000000d5c4d00000,0x000000d5c4e00000) (1024K)]
  0x00000295673ea7f0 WorkerThread "GC Thread#8"                     [id=10604, stack(0x000000d5c5100000,0x000000d5c5200000) (1024K)]
  0x00000295673eaba0 WorkerThread "GC Thread#9"                     [id=29408, stack(0x000000d5c5200000,0x000000d5c5300000) (1024K)]
Total: 12

Threads with active compile tasks:
C2 CompilerThread0  27914 7438   !   4       java.nio.file.FileTreeWalker::next (144 bytes)
Total: 1

VM state: not at safepoint (normal execution)

VM Mutex/Monitor currently owned by a thread: None

Heap address: 0x0000000080000000, size: 2048 MB, Compressed Oops mode: 32-bit

CDS archive(s) mapped at: [0x000002951f000000-0x000002951fba0000-0x000002951fba0000), size 12189696, SharedBaseAddress: 0x000002951f000000, ArchiveRelocationMode: 1.
Compressed class space mapped at: 0x0000029520000000-0x0000029560000000, reserved size: 1073741824
Narrow klass base: 0x000002951f000000, Narrow klass shift: 0, Narrow klass range: 0x100000000

GC Precious Log:
 CardTable entry size: 512
 CPUs: 12 total, 12 available
 Memory: 24355M
 Large Page Support: Disabled
 NUMA Support: Disabled
 Compressed Oops: Enabled (32-bit)
 Alignments: Space 512K, Generation 512K, Heap 2M
 Heap Min Capacity: 100M
 Heap Initial Capacity: 100M
 Heap Max Capacity: 2G
 Pre-touch: Disabled
 Parallel Workers: 10

Heap:
 PSYoungGen      total 3072K, used 196K [0x00000000d5580000, 0x00000000d6980000, 0x0000000100000000)
  eden space 2560K, 3% used [0x00000000d5580000,0x00000000d5599228,0x00000000d5800000)
  from space 512K, 18% used [0x00000000d6900000,0x00000000d6918000,0x00000000d6980000)
  to   space 512K, 0% used [0x00000000d6880000,0x00000000d6880000,0x00000000d6900000)
 ParOldGen       total 99840K, used 99535K [0x0000000080000000, 0x0000000086180000, 0x00000000d5580000)
  object space 99840K, 99% used [0x0000000080000000,0x0000000086133e90,0x0000000086180000)
 Metaspace       used 47527K, committed 48768K, reserved 1114112K
  class space    used 5116K, committed 5696K, reserved 1048576K

Card table byte_map: [0x0000029507f40000,0x0000029508350000] _byte_map_base: 0x0000029507b40000

Marking Bits: (ParMarkBitMap*) 0x00007fff924d3450
 Begin Bits: [0x000002951aa50000, 0x000002951ca50000)
 End Bits:   [0x000002951ca50000, 0x000002951ea50000)

Polling page: 0x0000029506420000

Metaspace:

Usage:
  Non-class:     41.42 MB used.
      Class:      5.00 MB used.
       Both:     46.41 MB used.

Virtual space:
  Non-class space:       64.00 MB reserved,      42.06 MB ( 66%) committed,  1 nodes.
      Class space:        1.00 GB reserved,       5.56 MB ( <1%) committed,  1 nodes.
             Both:        1.06 GB reserved,      47.62 MB (  4%) committed. 

Chunk freelists:
   Non-Class:  5.62 MB
       Class:  10.45 MB
        Both:  16.08 MB

MaxMetaspaceSize: unlimited
CompressedClassSpaceSize: 1.00 GB
Initial GC threshold: 21.00 MB
Current GC threshold: 58.38 MB
CDS: on
 - commit_granule_bytes: 65536.
 - commit_granule_words: 8192.
 - virtual_space_node_default_size: 8388608.
 - enlarge_chunks_in_place: 1.
 - use_allocation_guard: 0.


Internal statistics:

num_allocs_failed_limit: 6.
num_arena_births: 990.
num_arena_deaths: 14.
num_vsnodes_births: 2.
num_vsnodes_deaths: 0.
num_space_committed: 762.
num_space_uncommitted: 0.
num_chunks_returned_to_freelist: 20.
num_chunks_taken_from_freelist: 3189.
num_chunk_merges: 9.
num_chunk_splits: 1948.
num_chunks_enlarged: 1071.
num_inconsistent_stats: 0.

CodeHeap 'non-profiled nmethods': size=120000Kb used=4204Kb max_used=4204Kb free=115795Kb
 bounds [0x0000029513270000, 0x0000029513690000, 0x000002951a7a0000]
CodeHeap 'profiled nmethods': size=120000Kb used=14791Kb max_used=14791Kb free=105209Kb
 bounds [0x000002950b7a0000, 0x000002950c620000, 0x0000029512cd0000]
CodeHeap 'non-nmethods': size=5760Kb used=1376Kb max_used=1455Kb free=4383Kb
 bounds [0x0000029512cd0000, 0x0000029512f40000, 0x0000029513270000]
CodeCache: size=245760Kb, used=20371Kb, max_used=20450Kb, free=225387Kb
 total_blobs=7460, nmethods=6795, adapters=571, full_count=0
Compilation: enabled, stopped_count=0, restarted_count=0

Compilation events (20 events):
Event: 25.450 Thread 0x00000295086505e0 7431       4       java.util.regex.Pattern$CharProperty::<init> (10 bytes)
Event: 25.450 Thread 0x0000029561383b90 nmethod 7428 0x000002950c601a10 code [0x000002950c601da0, 0x000002950c603390]
Event: 25.450 Thread 0x0000029561383b90 7430       3       java.util.regex.Pattern::sequence (647 bytes)
Event: 25.451 Thread 0x00000295086505e0 nmethod 7431 0x0000029513689510 code [0x00000295136896a0, 0x0000029513689748]
Event: 25.451 Thread 0x00000295086505e0 7435       4       java.util.regex.Pattern::DOT (6 bytes)
Event: 25.451 Thread 0x00000295086505e0 nmethod 7435 0x0000029513689810 code [0x00000295136899a0, 0x0000029513689a10]
Event: 25.453 Thread 0x0000029561383b90 nmethod 7430 0x000002950c603a90 code [0x000002950c604060, 0x000002950c606dd8]
Event: 25.453 Thread 0x0000029561383b90 7429       3       sun.nio.fs.Globs::toRegexPattern (745 bytes)
Event: 25.459 Thread 0x0000029561383b90 nmethod 7429 0x000002950c607c90 code [0x000002950c6086e0, 0x000002950c60e578]
Event: 25.459 Thread 0x0000029561383b90 7432       3       java.util.regex.Pattern$Dollar::<init> (10 bytes)
Event: 25.459 Thread 0x0000029561383b90 nmethod 7432 0x000002950c610710 code [0x000002950c6108c0, 0x000002950c610ab0]
Event: 25.459 Thread 0x0000029561383b90 7434       3       java.util.regex.Pattern$Begin::<init> (5 bytes)
Event: 25.459 Thread 0x0000029561383b90 nmethod 7434 0x000002950c610b90 code [0x000002950c610d40, 0x000002950c610f28]
Event: 25.459 Thread 0x0000029561383b90 7433       3       sun.nio.fs.Globs::next (18 bytes)
Event: 25.460 Thread 0x0000029561383b90 nmethod 7433 0x000002950c611010 code [0x000002950c611220, 0x000002950c6118d8]
Event: 25.469 Thread 0x00000295086505e0 7436       4       java.util.regex.Pattern$Begin::match (62 bytes)
Event: 25.478 Thread 0x00000295086505e0 nmethod 7436 0x0000029513689b10 code [0x0000029513689d20, 0x000002951368a3a0]
Event: 25.478 Thread 0x00000295086505e0 7437       4       java.util.regex.Pattern::append (43 bytes)
Event: 25.483 Thread 0x00000295086505e0 nmethod 7437 0x000002951368a910 code [0x000002951368aac0, 0x000002951368afd8]
Event: 25.524 Thread 0x00000295086505e0 7438   !   4       java.nio.file.FileTreeWalker::next (144 bytes)

GC Heap History (20 events):
Event: 26.200 GC heap before
{Heap before GC invocations=72 (full 2):
 PSYoungGen      total 2048K, used 1696K [0x00000000d5580000, 0x00000000d6980000, 0x0000000100000000)
  eden space 1536K, 100% used [0x00000000d5580000,0x00000000d5700000,0x00000000d5700000)
  from space 512K, 31% used [0x00000000d6880000,0x00000000d68a8000,0x00000000d6900000)
  to   space 512K, 0% used [0x00000000d6900000,0x00000000d6900000,0x00000000d6980000)
 ParOldGen       total 99840K, used 99479K [0x0000000080000000, 0x0000000086180000, 0x00000000d5580000)
  object space 99840K, 99% used [0x0000000080000000,0x0000000086125e90,0x0000000086180000)
 Metaspace       used 47527K, committed 48768K, reserved 1114112K
  class space    used 5116K, committed 5696K, reserved 1048576K
}
Event: 26.201 GC heap after
{Heap after GC invocations=72 (full 2):
 PSYoungGen      total 2048K, used 224K [0x00000000d5580000, 0x00000000d6980000, 0x0000000100000000)
  eden space 1536K, 0% used [0x00000000d5580000,0x00000000d5580000,0x00000000d5700000)
  from space 512K, 43% used [0x00000000d6900000,0x00000000d6938000,0x00000000d6980000)
  to   space 512K, 0% used [0x00000000d6880000,0x00000000d6880000,0x00000000d6900000)
 ParOldGen       total 99840K, used 99479K [0x0000000080000000, 0x0000000086180000, 0x00000000d5580000)
  object space 99840K, 99% used [0x0000000080000000,0x0000000086125e90,0x0000000086180000)
 Metaspace       used 47527K, committed 48768K, reserved 1114112K
  class space    used 5116K, committed 5696K, reserved 1048576K
}
Event: 26.215 GC heap before
{Heap before GC invocations=73 (full 2):
 PSYoungGen      total 2048K, used 1760K [0x00000000d5580000, 0x00000000d6980000, 0x0000000100000000)
  eden space 1536K, 100% used [0x00000000d5580000,0x00000000d5700000,0x00000000d5700000)
  from space 512K, 43% used [0x00000000d6900000,0x00000000d6938000,0x00000000d6980000)
  to   space 512K, 0% used [0x00000000d6880000,0x00000000d6880000,0x00000000d6900000)
 ParOldGen       total 99840K, used 99479K [0x0000000080000000, 0x0000000086180000, 0x00000000d5580000)
  object space 99840K, 99% used [0x0000000080000000,0x0000000086125e90,0x0000000086180000)
 Metaspace       used 47527K, committed 48768K, reserved 1114112K
  class space    used 5116K, committed 5696K, reserved 1048576K
}
Event: 26.216 GC heap after
{Heap after GC invocations=73 (full 2):
 PSYoungGen      total 2048K, used 224K [0x00000000d5580000, 0x00000000d6980000, 0x0000000100000000)
  eden space 1536K, 0% used [0x00000000d5580000,0x00000000d5580000,0x00000000d5700000)
  from space 512K, 43% used [0x00000000d6880000,0x00000000d68b8000,0x00000000d6900000)
  to   space 512K, 0% used [0x00000000d6900000,0x00000000d6900000,0x00000000d6980000)
 ParOldGen       total 99840K, used 99479K [0x0000000080000000, 0x0000000086180000, 0x00000000d5580000)
  object space 99840K, 99% used [0x0000000080000000,0x0000000086125e90,0x0000000086180000)
 Metaspace       used 47527K, committed 48768K, reserved 1114112K
  class space    used 5116K, committed 5696K, reserved 1048576K
}
Event: 26.234 GC heap before
{Heap before GC invocations=74 (full 2):
 PSYoungGen      total 2048K, used 1760K [0x00000000d5580000, 0x00000000d6980000, 0x0000000100000000)
  eden space 1536K, 100% used [0x00000000d5580000,0x00000000d5700000,0x00000000d5700000)
  from space 512K, 43% used [0x00000000d6880000,0x00000000d68b8000,0x00000000d6900000)
  to   space 512K, 0% used [0x00000000d6900000,0x00000000d6900000,0x00000000d6980000)
 ParOldGen       total 99840K, used 99479K [0x0000000080000000, 0x0000000086180000, 0x00000000d5580000)
  object space 99840K, 99% used [0x0000000080000000,0x0000000086125e90,0x0000000086180000)
 Metaspace       used 47527K, committed 48768K, reserved 1114112K
  class space    used 5116K, committed 5696K, reserved 1048576K
}
Event: 26.234 GC heap after
{Heap after GC invocations=74 (full 2):
 PSYoungGen      total 2048K, used 288K [0x00000000d5580000, 0x00000000d6980000, 0x0000000100000000)
  eden space 1536K, 0% used [0x00000000d5580000,0x00000000d5580000,0x00000000d5700000)
  from space 512K, 56% used [0x00000000d6900000,0x00000000d6948000,0x00000000d6980000)
  to   space 512K, 0% used [0x00000000d6880000,0x00000000d6880000,0x00000000d6900000)
 ParOldGen       total 99840K, used 99479K [0x0000000080000000, 0x0000000086180000, 0x00000000d5580000)
  object space 99840K, 99% used [0x0000000080000000,0x0000000086125e90,0x0000000086180000)
 Metaspace       used 47527K, committed 48768K, reserved 1114112K
  class space    used 5116K, committed 5696K, reserved 1048576K
}
Event: 26.253 GC heap before
{Heap before GC invocations=75 (full 2):
 PSYoungGen      total 2048K, used 1824K [0x00000000d5580000, 0x00000000d6980000, 0x0000000100000000)
  eden space 1536K, 100% used [0x00000000d5580000,0x00000000d5700000,0x00000000d5700000)
  from space 512K, 56% used [0x00000000d6900000,0x00000000d6948000,0x00000000d6980000)
  to   space 512K, 0% used [0x00000000d6880000,0x00000000d6880000,0x00000000d6900000)
 ParOldGen       total 99840K, used 99479K [0x0000000080000000, 0x0000000086180000, 0x00000000d5580000)
  object space 99840K, 99% used [0x0000000080000000,0x0000000086125e90,0x0000000086180000)
 Metaspace       used 47527K, committed 48768K, reserved 1114112K
  class space    used 5116K, committed 5696K, reserved 1048576K
}
Event: 26.254 GC heap after
{Heap after GC invocations=75 (full 2):
 PSYoungGen      total 2048K, used 160K [0x00000000d5580000, 0x00000000d6980000, 0x0000000100000000)
  eden space 1536K, 0% used [0x00000000d5580000,0x00000000d5580000,0x00000000d5700000)
  from space 512K, 31% used [0x00000000d6880000,0x00000000d68a8000,0x00000000d6900000)
  to   space 512K, 0% used [0x00000000d6900000,0x00000000d6900000,0x00000000d6980000)
 ParOldGen       total 99840K, used 99479K [0x0000000080000000, 0x0000000086180000, 0x00000000d5580000)
  object space 99840K, 99% used [0x0000000080000000,0x0000000086125e90,0x0000000086180000)
 Metaspace       used 47527K, committed 48768K, reserved 1114112K
  class space    used 5116K, committed 5696K, reserved 1048576K
}
Event: 26.273 GC heap before
{Heap before GC invocations=76 (full 2):
 PSYoungGen      total 2048K, used 1696K [0x00000000d5580000, 0x00000000d6980000, 0x0000000100000000)
  eden space 1536K, 100% used [0x00000000d5580000,0x00000000d5700000,0x00000000d5700000)
  from space 512K, 31% used [0x00000000d6880000,0x00000000d68a8000,0x00000000d6900000)
  to   space 512K, 0% used [0x00000000d6900000,0x00000000d6900000,0x00000000d6980000)
 ParOldGen       total 99840K, used 99479K [0x0000000080000000, 0x0000000086180000, 0x00000000d5580000)
  object space 99840K, 99% used [0x0000000080000000,0x0000000086125e90,0x0000000086180000)
 Metaspace       used 47527K, committed 48768K, reserved 1114112K
  class space    used 5116K, committed 5696K, reserved 1048576K
}
Event: 26.274 GC heap after
{Heap after GC invocations=76 (full 2):
 PSYoungGen      total 2048K, used 160K [0x00000000d5580000, 0x00000000d6980000, 0x0000000100000000)
  eden space 1536K, 0% used [0x00000000d5580000,0x00000000d5580000,0x00000000d5700000)
  from space 512K, 31% used [0x00000000d6900000,0x00000000d6928000,0x00000000d6980000)
  to   space 512K, 0% used [0x00000000d6880000,0x00000000d6880000,0x00000000d6900000)
 ParOldGen       total 99840K, used 99479K [0x0000000080000000, 0x0000000086180000, 0x00000000d5580000)
  object space 99840K, 99% used [0x0000000080000000,0x0000000086125e90,0x0000000086180000)
 Metaspace       used 47527K, committed 48768K, reserved 1114112K
  class space    used 5116K, committed 5696K, reserved 1048576K
}
Event: 26.292 GC heap before
{Heap before GC invocations=77 (full 2):
 PSYoungGen      total 2048K, used 1696K [0x00000000d5580000, 0x00000000d6980000, 0x0000000100000000)
  eden space 1536K, 100% used [0x00000000d5580000,0x00000000d5700000,0x00000000d5700000)
  from space 512K, 31% used [0x00000000d6900000,0x00000000d6928000,0x00000000d6980000)
  to   space 512K, 0% used [0x00000000d6880000,0x00000000d6880000,0x00000000d6900000)
 ParOldGen       total 99840K, used 99479K [0x0000000080000000, 0x0000000086180000, 0x00000000d5580000)
  object space 99840K, 99% used [0x0000000080000000,0x0000000086125e90,0x0000000086180000)
 Metaspace       used 47527K, committed 48768K, reserved 1114112K
  class space    used 5116K, committed 5696K, reserved 1048576K
}
Event: 26.293 GC heap after
{Heap after GC invocations=77 (full 2):
 PSYoungGen      total 2048K, used 192K [0x00000000d5580000, 0x00000000d6980000, 0x0000000100000000)
  eden space 1536K, 0% used [0x00000000d5580000,0x00000000d5580000,0x00000000d5700000)
  from space 512K, 37% used [0x00000000d6880000,0x00000000d68b0000,0x00000000d6900000)
  to   space 512K, 0% used [0x00000000d6900000,0x00000000d6900000,0x00000000d6980000)
 ParOldGen       total 99840K, used 99495K [0x0000000080000000, 0x0000000086180000, 0x00000000d5580000)
  object space 99840K, 99% used [0x0000000080000000,0x0000000086129e90,0x0000000086180000)
 Metaspace       used 47527K, committed 48768K, reserved 1114112K
  class space    used 5116K, committed 5696K, reserved 1048576K
}
Event: 26.314 GC heap before
{Heap before GC invocations=78 (full 2):
 PSYoungGen      total 2048K, used 1728K [0x00000000d5580000, 0x00000000d6980000, 0x0000000100000000)
  eden space 1536K, 100% used [0x00000000d5580000,0x00000000d5700000,0x00000000d5700000)
  from space 512K, 37% used [0x00000000d6880000,0x00000000d68b0000,0x00000000d6900000)
  to   space 512K, 0% used [0x00000000d6900000,0x00000000d6900000,0x00000000d6980000)
 ParOldGen       total 99840K, used 99495K [0x0000000080000000, 0x0000000086180000, 0x00000000d5580000)
  object space 99840K, 99% used [0x0000000080000000,0x0000000086129e90,0x0000000086180000)
 Metaspace       used 47527K, committed 48768K, reserved 1114112K
  class space    used 5116K, committed 5696K, reserved 1048576K
}
Event: 26.315 GC heap after
{Heap after GC invocations=78 (full 2):
 PSYoungGen      total 2048K, used 128K [0x00000000d5580000, 0x00000000d6980000, 0x0000000100000000)
  eden space 1536K, 0% used [0x00000000d5580000,0x00000000d5580000,0x00000000d5700000)
  from space 512K, 25% used [0x00000000d6900000,0x00000000d6920000,0x00000000d6980000)
  to   space 512K, 0% used [0x00000000d6880000,0x00000000d6880000,0x00000000d6900000)
 ParOldGen       total 99840K, used 99519K [0x0000000080000000, 0x0000000086180000, 0x00000000d5580000)
  object space 99840K, 99% used [0x0000000080000000,0x000000008612fe90,0x0000000086180000)
 Metaspace       used 47527K, committed 48768K, reserved 1114112K
  class space    used 5116K, committed 5696K, reserved 1048576K
}
Event: 26.338 GC heap before
{Heap before GC invocations=79 (full 2):
 PSYoungGen      total 2048K, used 1664K [0x00000000d5580000, 0x00000000d6980000, 0x0000000100000000)
  eden space 1536K, 100% used [0x00000000d5580000,0x00000000d5700000,0x00000000d5700000)
  from space 512K, 25% used [0x00000000d6900000,0x00000000d6920000,0x00000000d6980000)
  to   space 512K, 0% used [0x00000000d6880000,0x00000000d6880000,0x00000000d6900000)
 ParOldGen       total 99840K, used 99519K [0x0000000080000000, 0x0000000086180000, 0x00000000d5580000)
  object space 99840K, 99% used [0x0000000080000000,0x000000008612fe90,0x0000000086180000)
 Metaspace       used 47527K, committed 48768K, reserved 1114112K
  class space    used 5116K, committed 5696K, reserved 1048576K
}
Event: 26.339 GC heap after
{Heap after GC invocations=79 (full 2):
 PSYoungGen      total 2048K, used 224K [0x00000000d5580000, 0x00000000d6980000, 0x0000000100000000)
  eden space 1536K, 0% used [0x00000000d5580000,0x00000000d5580000,0x00000000d5700000)
  from space 512K, 43% used [0x00000000d6880000,0x00000000d68b8000,0x00000000d6900000)
  to   space 512K, 0% used [0x00000000d6900000,0x00000000d6900000,0x00000000d6980000)
 ParOldGen       total 99840K, used 99519K [0x0000000080000000, 0x0000000086180000, 0x00000000d5580000)
  object space 99840K, 99% used [0x0000000080000000,0x000000008612fe90,0x0000000086180000)
 Metaspace       used 47527K, committed 48768K, reserved 1114112K
  class space    used 5116K, committed 5696K, reserved 1048576K
}
Event: 26.357 GC heap before
{Heap before GC invocations=80 (full 2):
 PSYoungGen      total 2048K, used 1760K [0x00000000d5580000, 0x00000000d6980000, 0x0000000100000000)
  eden space 1536K, 100% used [0x00000000d5580000,0x00000000d5700000,0x00000000d5700000)
  from space 512K, 43% used [0x00000000d6880000,0x00000000d68b8000,0x00000000d6900000)
  to   space 512K, 0% used [0x00000000d6900000,0x00000000d6900000,0x00000000d6980000)
 ParOldGen       total 99840K, used 99519K [0x0000000080000000, 0x0000000086180000, 0x00000000d5580000)
  object space 99840K, 99% used [0x0000000080000000,0x000000008612fe90,0x0000000086180000)
 Metaspace       used 47527K, committed 48768K, reserved 1114112K
  class space    used 5116K, committed 5696K, reserved 1048576K
}
Event: 26.358 GC heap after
{Heap after GC invocations=80 (full 2):
 PSYoungGen      total 2048K, used 128K [0x00000000d5580000, 0x00000000d6980000, 0x0000000100000000)
  eden space 1536K, 0% used [0x00000000d5580000,0x00000000d5580000,0x00000000d5700000)
  from space 512K, 25% used [0x00000000d6900000,0x00000000d6920000,0x00000000d6980000)
  to   space 512K, 0% used [0x00000000d6880000,0x00000000d6880000,0x00000000d6900000)
 ParOldGen       total 99840K, used 99519K [0x0000000080000000, 0x0000000086180000, 0x00000000d5580000)
  object space 99840K, 99% used [0x0000000080000000,0x000000008612fe90,0x0000000086180000)
 Metaspace       used 47527K, committed 48768K, reserved 1114112K
  class space    used 5116K, committed 5696K, reserved 1048576K
}
Event: 26.381 GC heap before
{Heap before GC invocations=81 (full 2):
 PSYoungGen      total 2048K, used 1664K [0x00000000d5580000, 0x00000000d6980000, 0x0000000100000000)
  eden space 1536K, 100% used [0x00000000d5580000,0x00000000d5700000,0x00000000d5700000)
  from space 512K, 25% used [0x00000000d6900000,0x00000000d6920000,0x00000000d6980000)
  to   space 512K, 0% used [0x00000000d6880000,0x00000000d6880000,0x00000000d6900000)
 ParOldGen       total 99840K, used 99519K [0x0000000080000000, 0x0000000086180000, 0x00000000d5580000)
  object space 99840K, 99% used [0x0000000080000000,0x000000008612fe90,0x0000000086180000)
 Metaspace       used 47527K, committed 48768K, reserved 1114112K
  class space    used 5116K, committed 5696K, reserved 1048576K
}
Event: 27.879 GC heap after
{Heap after GC invocations=81 (full 2):
 PSYoungGen      total 2560K, used 160K [0x00000000d5580000, 0x00000000d6980000, 0x0000000100000000)
  eden space 2048K, 0% used [0x00000000d5580000,0x00000000d5580000,0x00000000d5780000)
  from space 512K, 31% used [0x00000000d6880000,0x00000000d68a8000,0x00000000d6900000)
  to   space 512K, 0% used [0x00000000d6900000,0x00000000d6900000,0x00000000d6980000)
 ParOldGen       total 99840K, used 99535K [0x0000000080000000, 0x0000000086180000, 0x00000000d5580000)
  object space 99840K, 99% used [0x0000000080000000,0x0000000086133e90,0x0000000086180000)
 Metaspace       used 47527K, committed 48768K, reserved 1114112K
  class space    used 5116K, committed 5696K, reserved 1048576K
}

Dll operation events (10 events):
Event: 0.019 Loaded shared library c:\Users\Tam\.vscode\extensions\redhat.java-1.54.0-win32-x64\jre\21.0.10-win32-x86_64\bin\java.dll
Event: 0.113 Loaded shared library c:\Users\Tam\.vscode\extensions\redhat.java-1.54.0-win32-x64\jre\21.0.10-win32-x86_64\bin\zip.dll
Event: 0.141 Loaded shared library C:\Users\Tam\.vscode\extensions\redhat.java-1.54.0-win32-x64\jre\21.0.10-win32-x86_64\bin\instrument.dll
Event: 0.147 Loaded shared library C:\Users\Tam\.vscode\extensions\redhat.java-1.54.0-win32-x64\jre\21.0.10-win32-x86_64\bin\net.dll
Event: 0.149 Loaded shared library C:\Users\Tam\.vscode\extensions\redhat.java-1.54.0-win32-x64\jre\21.0.10-win32-x86_64\bin\nio.dll
Event: 0.155 Loaded shared library C:\Users\Tam\.vscode\extensions\redhat.java-1.54.0-win32-x64\jre\21.0.10-win32-x86_64\bin\zip.dll
Event: 0.179 Loaded shared library C:\Users\Tam\.vscode\extensions\redhat.java-1.54.0-win32-x64\jre\21.0.10-win32-x86_64\bin\jimage.dll
Event: 0.273 Loaded shared library c:\Users\Tam\.vscode\extensions\redhat.java-1.54.0-win32-x64\jre\21.0.10-win32-x86_64\bin\verify.dll
Event: 1.380 Loaded shared library C:\Users\Tam\AppData\Roaming\Code\User\globalStorage\redhat.java\1.54.0\config_win\org.eclipse.equinox.launcher\org.eclipse.equinox.launcher.win32.win32.x86_64_1.3.0.v20260203-2149\eclipse_11919.dll
Event: 6.945 Loaded shared library C:\Users\Tam\AppData\Local\Temp\jna-83840\jna3342701715865448945.dll

Deoptimization events (20 events):
Event: 25.445 Thread 0x00000295698146f0 Uncommon trap: trap_request=0xffffff45 fr.pc=0x000002951365ddc8 relative=0x00000000000000a8
Event: 25.445 Thread 0x00000295698146f0 Uncommon trap: reason=unstable_if action=reinterpret pc=0x000002951365ddc8 method=java.util.regex.Pattern.append(II)V @ 9 c2
Event: 25.445 Thread 0x00000295698146f0 DEOPT PACKING pc=0x000002951365ddc8 sp=0x000000d5c5dfe9e0
Event: 25.445 Thread 0x00000295698146f0 DEOPT UNPACKING pc=0x0000029512d26da2 sp=0x000000d5c5dfe988 mode 2
Event: 25.445 Thread 0x00000295698146f0 Uncommon trap: trap_request=0xffffffde fr.pc=0x000002951367e09c relative=0x00000000000000dc
Event: 25.445 Thread 0x00000295698146f0 Uncommon trap: reason=class_check action=maybe_recompile pc=0x000002951367e09c method=java.util.regex.Pattern$Begin.match(Ljava/util/regex/Matcher;ILjava/lang/CharSequence;)Z @ 30 c2
Event: 25.445 Thread 0x00000295698146f0 DEOPT PACKING pc=0x000002951367e09c sp=0x000000d5c5dfebd0
Event: 25.445 Thread 0x00000295698146f0 DEOPT UNPACKING pc=0x0000029512d26da2 sp=0x000000d5c5dfeb40 mode 2
Event: 25.446 Thread 0x00000295698146f0 Uncommon trap: trap_request=0xffffffde fr.pc=0x000002951367e09c relative=0x00000000000000dc
Event: 25.446 Thread 0x00000295698146f0 Uncommon trap: reason=class_check action=maybe_recompile pc=0x000002951367e09c method=java.util.regex.Pattern$Begin.match(Ljava/util/regex/Matcher;ILjava/lang/CharSequence;)Z @ 30 c2
Event: 25.446 Thread 0x00000295698146f0 DEOPT PACKING pc=0x000002951367e09c sp=0x000000d5c5dfebd0
Event: 25.446 Thread 0x00000295698146f0 DEOPT UNPACKING pc=0x0000029512d26da2 sp=0x000000d5c5dfeb40 mode 2
Event: 25.446 Thread 0x00000295698146f0 Uncommon trap: trap_request=0xffffffde fr.pc=0x000002951367e09c relative=0x00000000000000dc
Event: 25.446 Thread 0x00000295698146f0 Uncommon trap: reason=class_check action=maybe_recompile pc=0x000002951367e09c method=java.util.regex.Pattern$Begin.match(Ljava/util/regex/Matcher;ILjava/lang/CharSequence;)Z @ 30 c2
Event: 25.446 Thread 0x00000295698146f0 DEOPT PACKING pc=0x000002951367e09c sp=0x000000d5c5dfebd0
Event: 25.446 Thread 0x00000295698146f0 DEOPT UNPACKING pc=0x0000029512d26da2 sp=0x000000d5c5dfeb40 mode 2
Event: 26.160 Thread 0x00000295698146f0 Uncommon trap: trap_request=0xffffffde fr.pc=0x000002951367c8b0 relative=0x0000000000000430
Event: 26.160 Thread 0x00000295698146f0 Uncommon trap: reason=class_check action=maybe_recompile pc=0x000002951367c8b0 method=java.util.regex.Pattern$SliceU.match(Ljava/util/regex/Matcher;ILjava/lang/CharSequence;)Z @ 95 c2
Event: 26.160 Thread 0x00000295698146f0 DEOPT PACKING pc=0x000002951367c8b0 sp=0x000000d5c5dfeac0
Event: 26.160 Thread 0x00000295698146f0 DEOPT UNPACKING pc=0x0000029512d26da2 sp=0x000000d5c5dfea48 mode 2

Classes loaded (20 events):
Event: 20.680 Loading class java/nio/file/FileTreeWalker$1
Event: 20.681 Loading class java/nio/file/FileTreeWalker$1 done
Event: 20.681 Loading class java/nio/file/FileTreeWalker$DirectoryNode
Event: 20.681 Loading class java/nio/file/FileTreeWalker$DirectoryNode done
Event: 20.681 Loading class java/nio/file/FileTreeWalker$Event
Event: 20.681 Loading class java/nio/file/FileTreeWalker$Event done
Event: 20.681 Loading class java/nio/file/FileTreeWalker$EventType
Event: 20.682 Loading class java/nio/file/FileTreeWalker$EventType done
Event: 20.682 Loading class java/nio/file/Files$3
Event: 20.682 Loading class java/nio/file/Files$3 done
Event: 20.683 Loading class sun/nio/fs/Globs
Event: 20.684 Loading class sun/nio/fs/Globs done
Event: 20.684 Loading class java/util/regex/Pattern$SliceU
Event: 20.684 Loading class java/util/regex/Pattern$SliceU done
Event: 20.684 Loading class sun/nio/fs/WindowsFileSystem$2
Event: 20.684 Loading class java/nio/file/PathMatcher
Event: 20.684 Loading class java/nio/file/PathMatcher done
Event: 20.684 Loading class sun/nio/fs/WindowsFileSystem$2 done
Event: 20.685 Loading class java/nio/file/FileVisitResult
Event: 20.686 Loading class java/nio/file/FileVisitResult done

Classes unloaded (7 events):
Event: 9.347 Thread 0x0000029508644a60 Unloading class 0x00000295201ab400 'java/lang/invoke/LambdaForm$MH+0x00000295201ab400'
Event: 9.347 Thread 0x0000029508644a60 Unloading class 0x00000295201ab000 'java/lang/invoke/LambdaForm$MH+0x00000295201ab000'
Event: 9.347 Thread 0x0000029508644a60 Unloading class 0x00000295201aac00 'java/lang/invoke/LambdaForm$MH+0x00000295201aac00'
Event: 9.347 Thread 0x0000029508644a60 Unloading class 0x00000295201aa800 'java/lang/invoke/LambdaForm$MH+0x00000295201aa800'
Event: 9.347 Thread 0x0000029508644a60 Unloading class 0x00000295201aa400 'java/lang/invoke/LambdaForm$BMH+0x00000295201aa400'
Event: 9.347 Thread 0x0000029508644a60 Unloading class 0x00000295201aa000 'java/lang/invoke/LambdaForm$DMH+0x00000295201aa000'
Event: 9.347 Thread 0x0000029508644a60 Unloading class 0x00000295201a8c00 'java/lang/invoke/LambdaForm$DMH+0x00000295201a8c00'

Classes redefined (0 events):
No events

Internal exceptions (20 events):
Event: 26.272 Thread 0x00000295698146f0 Exception <a 'sun/nio/fs/WindowsException'{0x00000000d56fc550}> (0x00000000d56fc550) 
thrown [s\src\hotspot\share\prims\jni.cpp, line 520]
Event: 26.272 Thread 0x00000295698146f0 Exception <a 'sun/nio/fs/WindowsException'{0x00000000d56fcb28}> (0x00000000d56fcb28) 
thrown [s\src\hotspot\share\prims\jni.cpp, line 520]
Event: 26.272 Thread 0x00000295698146f0 Exception <a 'sun/nio/fs/WindowsException'{0x00000000d56fd110}> (0x00000000d56fd110) 
thrown [s\src\hotspot\share\prims\jni.cpp, line 520]
Event: 26.272 Thread 0x00000295698146f0 Exception <a 'sun/nio/fs/WindowsException'{0x00000000d56fd708}> (0x00000000d56fd708) 
thrown [s\src\hotspot\share\prims\jni.cpp, line 520]
Event: 26.274 Thread 0x00000295698146f0 Exception <a 'sun/nio/fs/WindowsException'{0x00000000d5588d60}> (0x00000000d5588d60) 
thrown [s\src\hotspot\share\prims\jni.cpp, line 520]
Event: 26.274 Thread 0x00000295698146f0 Exception <a 'sun/nio/fs/WindowsException'{0x00000000d5589338}> (0x00000000d5589338) 
thrown [s\src\hotspot\share\prims\jni.cpp, line 520]
Event: 26.274 Thread 0x00000295698146f0 Exception <a 'sun/nio/fs/WindowsException'{0x00000000d5589920}> (0x00000000d5589920) 
thrown [s\src\hotspot\share\prims\jni.cpp, line 520]
Event: 26.274 Thread 0x00000295698146f0 Exception <a 'sun/nio/fs/WindowsException'{0x00000000d5589f18}> (0x00000000d5589f18) 
thrown [s\src\hotspot\share\prims\jni.cpp, line 520]
Event: 26.275 Thread 0x00000295698146f0 Exception <a 'sun/nio/fs/WindowsException'{0x00000000d55955d8}> (0x00000000d55955d8) 
thrown [s\src\hotspot\share\prims\jni.cpp, line 520]
Event: 26.275 Thread 0x00000295698146f0 Exception <a 'sun/nio/fs/WindowsException'{0x00000000d5595b88}> (0x00000000d5595b88) 
thrown [s\src\hotspot\share\prims\jni.cpp, line 520]
Event: 26.275 Thread 0x00000295698146f0 Exception <a 'sun/nio/fs/WindowsException'{0x00000000d5596138}> (0x00000000d5596138) 
thrown [s\src\hotspot\share\prims\jni.cpp, line 520]
Event: 26.275 Thread 0x00000295698146f0 Exception <a 'sun/nio/fs/WindowsException'{0x00000000d5596708}> (0x00000000d5596708) 
thrown [s\src\hotspot\share\prims\jni.cpp, line 520]
Event: 26.276 Thread 0x00000295698146f0 Exception <a 'sun/nio/fs/WindowsException'{0x00000000d55a1e38}> (0x00000000d55a1e38) 
thrown [s\src\hotspot\share\prims\jni.cpp, line 520]
Event: 26.276 Thread 0x00000295698146f0 Exception <a 'sun/nio/fs/WindowsException'{0x00000000d55a2408}> (0x00000000d55a2408) 
thrown [s\src\hotspot\share\prims\jni.cpp, line 520]
Event: 26.276 Thread 0x00000295698146f0 Exception <a 'sun/nio/fs/WindowsException'{0x00000000d55a29d8}> (0x00000000d55a29d8) 
thrown [s\src\hotspot\share\prims\jni.cpp, line 520]
Event: 26.276 Thread 0x00000295698146f0 Exception <a 'sun/nio/fs/WindowsException'{0x00000000d55a2fc8}> (0x00000000d55a2fc8) 
thrown [s\src\hotspot\share\prims\jni.cpp, line 520]
Event: 26.277 Thread 0x00000295698146f0 Exception <a 'sun/nio/fs/WindowsException'{0x00000000d55ade90}> (0x00000000d55ade90) 
thrown [s\src\hotspot\share\prims\jni.cpp, line 520]
Event: 26.277 Thread 0x00000295698146f0 Exception <a 'sun/nio/fs/WindowsException'{0x00000000d55ae488}> (0x00000000d55ae488) 
thrown [s\src\hotspot\share\prims\jni.cpp, line 520]
Event: 26.277 Thread 0x00000295698146f0 Exception <a 'sun/nio/fs/WindowsException'{0x00000000d55aea88}> (0x00000000d55aea88) 
thrown [s\src\hotspot\share\prims\jni.cpp, line 520]
Event: 26.277 Thread 0x00000295698146f0 Exception <a 'sun/nio/fs/WindowsException'{0x00000000d55af098}> (0x00000000d55af098) 
thrown [s\src\hotspot\share\prims\jni.cpp, line 520]

ZGC Phase Switch (0 events):
No events

VM Operations (20 events):
Event: 26.200 Executing safepoint VM operation: ParallelGCFailedAllocation (Allocation Failure)
Event: 26.201 Executing safepoint VM operation: ParallelGCFailedAllocation (Allocation Failure) done
Event: 26.215 Executing safepoint VM operation: ParallelGCFailedAllocation (Allocation Failure)
Event: 26.216 Executing safepoint VM operation: ParallelGCFailedAllocation (Allocation Failure) done
Event: 26.234 Executing safepoint VM operation: ParallelGCFailedAllocation (Allocation Failure)
Event: 26.234 Executing safepoint VM operation: ParallelGCFailedAllocation (Allocation Failure) done
Event: 26.253 Executing safepoint VM operation: ParallelGCFailedAllocation (Allocation Failure)
Event: 26.254 Executing safepoint VM operation: ParallelGCFailedAllocation (Allocation Failure) done
Event: 26.273 Executing safepoint VM operation: ParallelGCFailedAllocation (Allocation Failure)
Event: 26.274 Executing safepoint VM operation: ParallelGCFailedAllocation (Allocation Failure) done
Event: 26.292 Executing safepoint VM operation: ParallelGCFailedAllocation (Allocation Failure)
Event: 26.293 Executing safepoint VM operation: ParallelGCFailedAllocation (Allocation Failure) done
Event: 26.314 Executing safepoint VM operation: ParallelGCFailedAllocation (Allocation Failure)
Event: 26.315 Executing safepoint VM operation: ParallelGCFailedAllocation (Allocation Failure) done
Event: 26.338 Executing safepoint VM operation: ParallelGCFailedAllocation (Allocation Failure)
Event: 26.339 Executing safepoint VM operation: ParallelGCFailedAllocation (Allocation Failure) done
Event: 26.357 Executing safepoint VM operation: ParallelGCFailedAllocation (Allocation Failure)
Event: 26.358 Executing safepoint VM operation: ParallelGCFailedAllocation (Allocation Failure) done
Event: 26.381 Executing safepoint VM operation: ParallelGCFailedAllocation (Allocation Failure)
Event: 27.879 Executing safepoint VM operation: ParallelGCFailedAllocation (Allocation Failure) done

Memory protections (0 events):
No events

Nmethod flushes (20 events):
Event: 15.264 Thread 0x0000029508644a60 flushing  nmethod 0x000002950be98690
Event: 15.264 Thread 0x0000029508644a60 flushing  nmethod 0x000002950be98e90
Event: 15.264 Thread 0x0000029508644a60 flushing  nmethod 0x000002950be99610
Event: 15.264 Thread 0x0000029508644a60 flushing  nmethod 0x000002950be9a610
Event: 15.264 Thread 0x0000029508644a60 flushing  nmethod 0x000002950be9ab10
Event: 15.264 Thread 0x0000029508644a60 flushing  nmethod 0x000002950be9af10
Event: 15.264 Thread 0x0000029508644a60 flushing  nmethod 0x000002950be9bf10
Event: 15.264 Thread 0x0000029508644a60 flushing  nmethod 0x000002950be9e290
Event: 15.264 Thread 0x0000029508644a60 flushing  nmethod 0x000002950bea8190
Event: 15.264 Thread 0x0000029508644a60 flushing  nmethod 0x000002950bea9e10
Event: 15.264 Thread 0x0000029508644a60 flushing  nmethod 0x000002950beb0b10
Event: 15.264 Thread 0x0000029508644a60 flushing  nmethod 0x000002950bec0e90
Event: 15.264 Thread 0x0000029508644a60 flushing  nmethod 0x000002950bedfd90
Event: 15.264 Thread 0x0000029508644a60 flushing  nmethod 0x000002950bee3c90
Event: 15.264 Thread 0x0000029508644a60 flushing  nmethod 0x000002950beefb10
Event: 15.264 Thread 0x0000029508644a60 flushing  nmethod 0x000002950bf3c610
Event: 15.264 Thread 0x0000029508644a60 flushing  nmethod 0x000002950bf5cf90
Event: 15.264 Thread 0x0000029508644a60 flushing  nmethod 0x000002950bf6d110
Event: 15.264 Thread 0x0000029508644a60 flushing  nmethod 0x000002950bfb7010
Event: 15.264 Thread 0x0000029508644a60 flushing  nmethod 0x000002950bfb7490

Events (20 events):
Event: 16.396 Thread 0x000002950620cdf0 Thread added: 0x0000029568450da0
Event: 16.588 Thread 0x000002950620cdf0 Thread added: 0x0000029568af2580
Event: 17.032 Thread 0x000002950620cdf0 Thread added: 0x0000029568af0b40
Event: 17.032 Thread 0x000002950620cdf0 Thread added: 0x0000029568af11d0
Event: 17.785 Thread 0x000002956a27bcc0 Thread exited: 0x000002956a27bcc0
Event: 17.785 Thread 0x00000295615d40e0 Thread exited: 0x00000295615d40e0
Event: 19.750 Thread 0x00000295675c36f0 Thread added: 0x0000029568af1860
Event: 19.750 Thread 0x00000295675c36f0 Thread added: 0x0000029568af2c10
Event: 19.751 Thread 0x0000029568af1860 Thread added: 0x0000029568aefe20
Event: 19.752 Thread 0x0000029568af2c10 Thread added: 0x0000029568af1ef0
Event: 19.752 Thread 0x00000295675c36f0 Thread added: 0x0000029568af04b0
Event: 19.752 Thread 0x0000029568af1ef0 Thread added: 0x0000029568af3930
Event: 19.752 Thread 0x0000029568aefe20 Thread added: 0x0000029568af3fc0
Event: 19.757 Thread 0x0000029568af3930 Thread added: 0x0000029568af6090
Event: 19.757 Thread 0x0000029568af04b0 Thread added: 0x0000029568af4ce0
Event: 19.758 Thread 0x0000029568af3fc0 Thread added: 0x0000029568af6db0
Event: 19.759 Thread 0x0000029568af6090 Thread added: 0x0000029568af5a00
Event: 19.781 Thread 0x0000029561383b90 Thread added: 0x000002956ad37370
Event: 20.399 Thread 0x000002956ad37370 Thread exited: 0x000002956ad37370
Event: 20.611 Thread 0x00000295698146f0 Thread added: 0x0000029568af6720


Dynamic libraries:
0x00007ff7be120000 - 0x00007ff7be12e000 	c:\Users\Tam\.vscode\extensions\redhat.java-1.54.0-win32-x64\jre\21.0.10-win32-x86_64\bin\java.exe
0x00007ff89e9c0000 - 0x00007ff89ec27000 	C:\WINDOWS\SYSTEM32\ntdll.dll
0x00007ff89e270000 - 0x00007ff89e339000 	C:\WINDOWS\System32\KERNEL32.DLL
0x00007ff89b670000 - 0x00007ff89ba67000 	C:\WINDOWS\System32\KERNELBASE.dll
0x00007ff89b520000 - 0x00007ff89b66b000 	C:\WINDOWS\System32\ucrtbase.dll
0x00007ff867af0000 - 0x00007ff867b08000 	c:\Users\Tam\.vscode\extensions\redhat.java-1.54.0-win32-x64\jre\21.0.10-win32-x86_64\bin\jli.dll
0x00007ff845120000 - 0x00007ff84513e000 	c:\Users\Tam\.vscode\extensions\redhat.java-1.54.0-win32-x64\jre\21.0.10-win32-x86_64\bin\VCRUNTIME140.dll
0x00007ff89e340000 - 0x00007ff89e506000 	C:\WINDOWS\System32\USER32.dll
0x00007ff89bbf0000 - 0x00007ff89bc17000 	C:\WINDOWS\System32\win32u.dll
0x00007ff883c10000 - 0x00007ff883ea2000 	C:\WINDOWS\WinSxS\amd64_microsoft.windows.common-controls_6595b64144ccf1df_6.0.26100.8457_none_3e0b2faee331e92d\COMCTL32.dll
0x00007ff89e5a0000 - 0x00007ff89e5cb000 	C:\WINDOWS\System32\GDI32.dll
0x00007ff89e600000 - 0x00007ff89e6a9000 	C:\WINDOWS\System32\msvcrt.dll
0x00007ff89b3f0000 - 0x00007ff89b51c000 	C:\WINDOWS\System32\gdi32full.dll
0x00007ff89bce0000 - 0x00007ff89bd83000 	C:\WINDOWS\System32\msvcp_win.dll
0x00007ff89d260000 - 0x00007ff89d292000 	C:\WINDOWS\System32\IMM32.DLL
0x00007ff867ba0000 - 0x00007ff867bac000 	c:\Users\Tam\.vscode\extensions\redhat.java-1.54.0-win32-x64\jre\21.0.10-win32-x86_64\bin\vcruntime140_1.dll
0x00007fffe1520000 - 0x00007fffe15ad000 	c:\Users\Tam\.vscode\extensions\redhat.java-1.54.0-win32-x64\jre\21.0.10-win32-x86_64\bin\msvcp140.dll
0x00007fff91810000 - 0x00007fff925b1000 	c:\Users\Tam\.vscode\extensions\redhat.java-1.54.0-win32-x64\jre\21.0.10-win32-x86_64\bin\server\jvm.dll
0x00007ff89e150000 - 0x00007ff89e206000 	C:\WINDOWS\System32\ADVAPI32.dll
0x00007ff89e840000 - 0x00007ff89e8e7000 	C:\WINDOWS\System32\sechost.dll
0x00007ff89d2a0000 - 0x00007ff89d3b8000 	C:\WINDOWS\System32\RPCRT4.dll
0x00007ff89dee0000 - 0x00007ff89df60000 	C:\WINDOWS\System32\WS2_32.dll
0x00007ff899ff0000 - 0x00007ff89a04e000 	C:\WINDOWS\SYSTEM32\POWRPROF.dll
0x00007ff88c0a0000 - 0x00007ff88c0d6000 	C:\WINDOWS\SYSTEM32\WINMM.dll
0x00007ff892310000 - 0x00007ff89231b000 	C:\WINDOWS\SYSTEM32\VERSION.dll
0x00007ff899fd0000 - 0x00007ff899fe4000 	C:\WINDOWS\SYSTEM32\UMPDC.dll
0x00007ff89a2a0000 - 0x00007ff89a2bb000 	C:\WINDOWS\SYSTEM32\kernel.appcore.dll
0x00007ff867b70000 - 0x00007ff867b7a000 	c:\Users\Tam\.vscode\extensions\redhat.java-1.54.0-win32-x64\jre\21.0.10-win32-x86_64\bin\jimage.dll
0x00007ff899330000 - 0x00007ff899572000 	C:\WINDOWS\SYSTEM32\DBGHELP.DLL
0x00007ff89ced0000 - 0x00007ff89d253000 	C:\WINDOWS\System32\combase.dll
0x00007ff89dd80000 - 0x00007ff89de59000 	C:\WINDOWS\System32\OLEAUT32.dll
0x00007ff87fc70000 - 0x00007ff87fcab000 	C:\WINDOWS\SYSTEM32\dbgcore.DLL
0x00007ff89bd90000 - 0x00007ff89be38000 	C:\WINDOWS\System32\bcryptPrimitives.dll
0x00007ff8679c0000 - 0x00007ff8679cf000 	c:\Users\Tam\.vscode\extensions\redhat.java-1.54.0-win32-x64\jre\21.0.10-win32-x86_64\bin\instrument.dll
0x00007ff83f0a0000 - 0x00007ff83f0c0000 	c:\Users\Tam\.vscode\extensions\redhat.java-1.54.0-win32-x64\jre\21.0.10-win32-x86_64\bin\java.dll
0x00007ff89c750000 - 0x00007ff89cebe000 	C:\WINDOWS\System32\SHELL32.dll
0x00007ff89bed0000 - 0x00007ff89c73c000 	C:\WINDOWS\System32\windows.storage.dll
0x00007ff89d6c0000 - 0x00007ff89d7b6000 	C:\WINDOWS\System32\SHCORE.dll
0x00007ff89e510000 - 0x00007ff89e576000 	C:\WINDOWS\System32\shlwapi.dll
0x00007ff89b310000 - 0x00007ff89b339000 	C:\WINDOWS\SYSTEM32\profapi.dll
0x00007ff8188f0000 - 0x00007ff818908000 	c:\Users\Tam\.vscode\extensions\redhat.java-1.54.0-win32-x64\jre\21.0.10-win32-x86_64\bin\zip.dll
0x00007ff8658c0000 - 0x00007ff8658d0000 	C:\Users\Tam\.vscode\extensions\redhat.java-1.54.0-win32-x64\jre\21.0.10-win32-x86_64\bin\net.dll
0x00007ff890c40000 - 0x00007ff890d69000 	C:\WINDOWS\SYSTEM32\WINHTTP.dll
0x00007ff89a810000 - 0x00007ff89a87c000 	C:\WINDOWS\system32\mswsock.dll
0x00007ff80e690000 - 0x00007ff80e6a6000 	C:\Users\Tam\.vscode\extensions\redhat.java-1.54.0-win32-x64\jre\21.0.10-win32-x86_64\bin\nio.dll
0x00007ff860bd0000 - 0x00007ff860be0000 	c:\Users\Tam\.vscode\extensions\redhat.java-1.54.0-win32-x64\jre\21.0.10-win32-x86_64\bin\verify.dll
0x00007ff8094d0000 - 0x00007ff809515000 	C:\Users\Tam\AppData\Roaming\Code\User\globalStorage\redhat.java\1.54.0\config_win\org.eclipse.equinox.launcher\org.eclipse.equinox.launcher.win32.win32.x86_64_1.3.0.v20260203-2149\eclipse_11919.dll
0x00007ff89d3c0000 - 0x00007ff89d557000 	C:\WINDOWS\System32\ole32.dll
0x00007ff89aaf0000 - 0x00007ff89ab0b000 	C:\WINDOWS\SYSTEM32\CRYPTSP.dll
0x00007ff89a200000 - 0x00007ff89a239000 	C:\WINDOWS\system32\rsaenh.dll
0x00007ff89a8c0000 - 0x00007ff89a8f3000 	C:\WINDOWS\SYSTEM32\USERENV.dll
0x00007ff89b2e0000 - 0x00007ff89b30a000 	C:\WINDOWS\SYSTEM32\bcrypt.dll
0x00007ff89ab10000 - 0x00007ff89ab1c000 	C:\WINDOWS\SYSTEM32\CRYPTBASE.dll
0x00007ff899bd0000 - 0x00007ff899c02000 	C:\WINDOWS\SYSTEM32\IPHLPAPI.DLL
0x00007ff89c740000 - 0x00007ff89c74a000 	C:\WINDOWS\System32\NSI.dll
0x00007ff8469f0000 - 0x00007ff846a39000 	C:\Users\Tam\AppData\Local\Temp\jna-83840\jna3342701715865448945.dll
0x00007ff89dd70000 - 0x00007ff89dd78000 	C:\WINDOWS\System32\PSAPI.DLL
0x00007ff890c20000 - 0x00007ff890c3d000 	C:\WINDOWS\SYSTEM32\dhcpcsvc6.DLL
0x00007ff890bf0000 - 0x00007ff890c15000 	C:\WINDOWS\SYSTEM32\dhcpcsvc.DLL

JVMTI agents:
c:\Users\Tam\.vscode\extensions\redhat.java-1.54.0-win32-x64\lombok\lombok-1.18.39-4050.jar path:c:\Users\Tam\.vscode\extensions\redhat.java-1.54.0-win32-x64\jre\21.0.10-win32-x86_64\bin\instrument.dll, loaded, initialized, instrumentlib options:none

dbghelp: loaded successfully - version: 4.0.5 - missing functions: none
symbol engine: initialized successfully - sym options: 0x614 - pdb path: .;c:\Users\Tam\.vscode\extensions\redhat.java-1.54.0-win32-x64\jre\21.0.10-win32-x86_64\bin;C:\WINDOWS\SYSTEM32;C:\WINDOWS\WinSxS\amd64_microsoft.windows.common-controls_6595b64144ccf1df_6.0.26100.8457_none_3e0b2faee331e92d;c:\Users\Tam\.vscode\extensions\redhat.java-1.54.0-win32-x64\jre\21.0.10-win32-x86_64\bin\server;C:\Users\Tam\AppData\Roaming\Code\User\globalStorage\redhat.java\1.54.0\config_win\org.eclipse.equinox.launcher\org.eclipse.equinox.launcher.win32.win32.x86_64_1.3.0.v20260203-2149;C:\Users\Tam\AppData\Local\Temp\jna-83840

VM Arguments:
jvm_args: --add-modules=ALL-SYSTEM --add-opens=java.base/java.util=ALL-UNNAMED --add-opens=java.base/java.lang=ALL-UNNAMED --add-opens=java.base/sun.nio.fs=ALL-UNNAMED -Declipse.application=org.eclipse.jdt.ls.core.id1 -Dosgi.bundles.defaultStartLevel=4 -Declipse.product=org.eclipse.jdt.ls.core.product -Djava.import.generatesMetadataFilesAtProjectRoot=false -DDetectVMInstallationsJob.disabled=true -Dfile.encoding=utf8 -XX:+UseParallelGC -XX:GCTimeRatio=4 -XX:AdaptiveSizePolicyWeight=90 -Dsun.zip.disableMemoryMapping=true -Xmx2G -Xms100m -Xlog:disable -javaagent:c:\Users\Tam\.vscode\extensions\redhat.java-1.54.0-win32-x64\lombok\lombok-1.18.39-4050.jar -XX:+HeapDumpOnOutOfMemoryError -XX:HeapDumpPath=c:\Users\Tam\AppData\Roaming\Code\User\workspaceStorage\1d7532827261c6b6800ebf5311da248f\redhat.java -Daether.dependencyCollector.impl=bf 
java_command: c:\Users\Tam\.vscode\extensions\redhat.java-1.54.0-win32-x64\server\plugins\org.eclipse.equinox.launcher_1.7.100.v20251111-0406.jar -configuration c:\Users\Tam\AppData\Roaming\Code\User\globalStorage\redhat.java\1.54.0\config_win -data c:\Users\Tam\AppData\Roaming\Code\User\workspaceStorage\1d7532827261c6b6800ebf5311da248f\redhat.java\jdt_ws --pipe=\\.\pipe\lsp-c2aa540df85b799926f65389f67cd873-sock
java_class_path (initial): c:\Users\Tam\.vscode\extensions\redhat.java-1.54.0-win32-x64\server\plugins\org.eclipse.equinox.launcher_1.7.100.v20251111-0406.jar
Launcher Type: SUN_STANDARD

[Global flags]
    uintx AdaptiveSizePolicyWeight                 = 90                                        {product} {command line}
     intx CICompilerCount                          = 4                                         {product} {ergonomic}
    uintx GCTimeRatio                              = 4                                         {product} {command line}
     bool HeapDumpOnOutOfMemoryError               = true                                   {manageable} {command line}
    ccstr HeapDumpPath                             = c:\Users\Tam\AppData\Roaming\Code\User\workspaceStorage\1d7532827261c6b6800ebf5311da248f\redhat.java         {manageable} {command line}
   size_t InitialHeapSize                          = 104857600                                 {product} {command line}
   size_t MaxHeapSize                              = 2147483648                                {product} {command line}
   size_t MaxNewSize                               = 715653120                                 {product} {ergonomic}
   size_t MinHeapDeltaBytes                        = 524288                                    {product} {ergonomic}
   size_t MinHeapSize                              = 104857600                                 {product} {command line}
   size_t NewSize                                  = 34603008                                  {product} {ergonomic}
    uintx NonNMethodCodeHeapSize                   = 5839372                                {pd product} {ergonomic}
    uintx NonProfiledCodeHeapSize                  = 122909434                              {pd product} {ergonomic}
   size_t OldSize                                  = 70254592                                  {product} {ergonomic}
    uintx ProfiledCodeHeapSize                     = 122909434                              {pd product} {ergonomic}
    uintx ReservedCodeCacheSize                    = 251658240                              {pd product} {ergonomic}
     bool SegmentedCodeCache                       = true                                      {product} {ergonomic}
   size_t SoftMaxHeapSize                          = 2147483648                             {manageable} {ergonomic}
     bool UseCompressedOops                        = true                           {product lp64_product} {ergonomic}
     bool UseLargePagesIndividualAllocation        = false                                  {pd product} {ergonomic}
     bool UseParallelGC                            = true                                      {product} {command line}

Logging:
Log output configuration:
 #0: stdout all=off uptime,level,tags foldmultilines=false
 #1: stderr all=off uptime,level,tags foldmultilines=false

Release file:
JAVA_VERSION="21.0.10" 
MODULES="java.base java.compiler java.datatransfer java.xml java.prefs java.desktop java.instrument java.logging java.management java.security.sasl java.naming java.rmi java.management.rmi java.net.http java.scripting java.security.jgss java.transaction.xa java.sql java.sql.rowset java.xml.crypto java.se java.smartcardio jdk.accessibility jdk.internal.jvmstat jdk.attach jdk.charsets jdk.internal.opt jdk.zipfs jdk.compiler jdk.crypto.ec jdk.crypto.cryptoki jdk.crypto.mscapi jdk.dynalink jdk.internal.ed jdk.editpad jdk.hotspot.agent jdk.httpserver jdk.internal.le jdk.internal.vm.ci jdk.internal.vm.compiler jdk.internal.vm.compiler.management jdk.jartool jdk.javadoc jdk.jcmd jdk.management jdk.management.agent jdk.jconsole jdk.jdeps jdk.jdwp.agent jdk.jdi jdk.jfr jdk.jshell jdk.jsobject jdk.jstatd jdk.localedata jdk.management.jfr jdk.naming.dns jdk.naming.rmi jdk.net jdk.nio.mapmode jdk.random jdk.sctp jdk.security.auth jdk.security.jgss jdk.unsupported jdk.unsupported.desktop jdk.xml.dom" 

Environment Variables:
PATH=C:\Program Files\Microsoft VS Code;C:\oraclexe\app\oracle\product\11.2.0\server\bin;E:\bin\;C:\WINDOWS\system32;C:\WINDOWS;C:\WINDOWS\System32\Wbem;C:\WINDOWS\System32\WindowsPowerShell\v1.0\;C:\WINDOWS\System32\OpenSSH\;C:\Program Files\NVIDIA Corporation\NVIDIA NvDLISR;C:\Program Files\Microsoft VS Code\bin;D:\MinGW\bin;C:\WINDOWS\system32;C:\WINDOWS;C:\WINDOWS\System32\Wbem;C:\WINDOWS\System32\WindowsPowerShell\v1.0\;C:\WINDOWS\System32\OpenSSH\;C:\Program Files\Azure Data Studio\bin;C:\Program Files\Git\cmd;C:\Program Files\MongoDB\Server\6.0\bin\mongod.cfg;C:\Program Files\MongoDB\Tools\100\bin;C:\Program Files\Docker\Docker\resources\bin;C:\Users\Tam\AppData\Roaming\nvm;C:\Program Files\nodejs;C:\Program Files\Microsoft SQL Server\Client SDK\ODBC\170\Tools\Binn\;C:\Program Files (x86)\Microsoft SQL Server\150\Tools\Binn\;C:\Program Files\Microsoft SQL Server\150\Tools\Binn\;C:\Program Files\Microsoft SQL Server\150\DTS\Binn\;C:\Program Files (x86)\Microsoft SQL Server\160\DTS\Binn\;C:\Program Files\nodejs\;C:\Program Files (x86)\Windows Kits\10\Windows Performance Toolkit\;C:\Program Files\apache-maven-3.9.9\bin;C:\Program Files\Gradle\gradle-8.11.1\bin;C:\gradle-8.12;C:\Users\Tam\AppData\Local\Google\Cloud SDK\google-cloud-sdk\bin;C:\Program Files (x86)\NVIDIA Corporation\PhysX\Common;C:\Program Files\NVIDIA Corporation\NVIDIA App\NvDLISR;C:\Program Files\JetBrains\IntelliJ IDEA Ultimate 2023.3.1\bin;C:\Program Files\JetBrains\WebStorm 2024.1.3\bin;C:\Program Files\dotnet\;D:\AndroidStudioSDK\tools\bin;D:\AndroidStudioSDK\tools;D:\AndroidStudioSDK\emulator;D:\AndroidStudioSDK\platform-tools;D:\Redis\;C:\Program Files\MySQL\MySQL Shell 8.0\bin\;C:\Users\Tam\AppData\Local\Microsoft\WindowsApps;C:\Program Files\Azure Data Studio\bin;C:\Users\Tam\AppData\Local\Programs\mongosh\;C:\Program Files\MongoDB\Server\6.0\bin;C:\Users\Tam\AppData\Roaming\nvm;C:\Program Files\nodejs;C:\Program Files\JetBrains\WebStorm 2024.1.3\bin;C:\Users\Tam\AppData\Roaming\npm;C:\Program Files\MySQL\MySQL Server 8.0\bin;C:\Users\Tam\AppData\Local\Programs\Python\Launcher\;C:\Users\Tam\AppData\Local\Programs\Python\Python312;C:\Users\Tam\AppData\Local\Programs\Python\Python312\Scripts;C:\Program Files\Java\jdk-21\bin;D:\apache\apache-maven-3.9.9\bin;C:\Users\Tam\AppData\Local\Google\Cloud SDK\google-cloud-sdk\bin;C:\Program Files\PostgreSQL\17\bin;;C:\Users\Tam\AppData\Local\Microsoft\WindowsApps;C:\Users\Tam\.dotnet\tools;D:\JetBrains\IntelliJ IDEA 2025.3.3\bin
USERNAME=Tam
OS=Windows_NT
PROCESSOR_IDENTIFIER=Intel64 Family 6 Model 141 Stepping 1, GenuineIntel
TMP=C:\Users\Tam\AppData\Local\Temp
TEMP=C:\Users\Tam\AppData\Local\Temp




Periodic native trim disabled

---------------  S Y S T E M  ---------------

OS:
 Windows 11 , 64 bit Build 26100 (10.0.26100.8328)
OS uptime: 0 days 16:29 hours
Hyper-V role detected

CPU: total 12 (initial active 12) (6 cores per cpu, 2 threads per core) family 6 model 141 stepping 1 microcode 0x3c, cx8, cmov, fxsr, ht, mmx, 3dnowpref, sse, sse2, sse3, ssse3, sse4.1, sse4.2, popcnt, lzcnt, tsc, tscinvbit, avx, avx2, aes, erms, clmul, bmi1, bmi2, adx, avx512f, avx512dq, avx512cd, avx512bw, avx512vl, sha, fma, vzeroupper, avx512_vpopcntdq, avx512_vpclmulqdq, avx512_vaes, avx512_vnni, clflush, clflushopt, clwb, avx512_vbmi2, avx512_vbmi, hv, rdtscp, rdpid, fsrm, gfni, avx512_bitalg, f16c, cet_ibt, cet_ss, avx512_ifma
Processor Information for the first 12 processors :
  Max Mhz: 2688, Current Mhz: 2688, Mhz Limit: 2688

Memory: 4k page, system-wide physical 24355M (1156M free)
TotalPageFile size 48931M (AvailPageFile size 6M)
current process WorkingSet (physical memory assigned to process): 280M, peak: 324M
current process commit charge ("private bytes"): 364M, peak: 431M

vm_info: OpenJDK 64-Bit Server VM (21.0.10+7-LTS) for windows-amd64 JRE (21.0.10+7-LTS), built on 2026-01-20T00:00:00Z by "admin" with MS VC++ 17.12 (VS2022)

END.
