#
# There is insufficient memory for the Java Runtime Environment to continue.
# Native memory allocation (malloc) failed to allocate 1607376 bytes. Error detail: Chunk::new
# Possible reasons:
#   The system is out of physical RAM or swap space
#   This process is running with CompressedOops enabled, and the Java Heap may be blocking the growth of the native heap
# Possible solutions:
#   Reduce memory load on the system
#   Increase physical memory or swap space
#   Check if swap backing store is full
#   Decrease Java heap size (-Xmx/-Xms)
#   Decrease number of Java threads
#   Decrease Java thread stack sizes (-Xss)
#   Set larger code cache with -XX:ReservedCodeCacheSize=
#   JVM is running with Unscaled Compressed Oops mode in which the Java heap is
#     placed in the first 4GB address space. The Java Heap base address is the
#     maximum limit for the native heap growth. Please use -XX:HeapBaseMinAddress
#     to set the Java Heap base and to place the Java Heap above 4GB virtual address.
# This output file may be truncated or incomplete.
#
#  Out of Memory Error (arena.cpp:168), pid=51300, tid=41380
#
# JRE version: OpenJDK Runtime Environment Temurin-21.0.10+7 (21.0.10+7) (build 21.0.10+7-LTS)
# Java VM: OpenJDK 64-Bit Server VM Temurin-21.0.10+7 (21.0.10+7-LTS, mixed mode, sharing, tiered, compressed oops, compressed class ptrs, parallel gc, windows-amd64)
# No core dump will be written. Minidumps are not enabled by default on client versions of Windows
#

---------------  S U M M A R Y ------------

Command Line: --add-modules=ALL-SYSTEM --add-opens=java.base/java.util=ALL-UNNAMED --add-opens=java.base/java.lang=ALL-UNNAMED --add-opens=java.base/sun.nio.fs=ALL-UNNAMED -Declipse.application=org.eclipse.jdt.ls.core.id1 -Dosgi.bundles.defaultStartLevel=4 -Declipse.product=org.eclipse.jdt.ls.core.product -Djava.import.generatesMetadataFilesAtProjectRoot=false -DDetectVMInstallationsJob.disabled=true -Dfile.encoding=utf8 -XX:+UseParallelGC -XX:GCTimeRatio=4 -XX:AdaptiveSizePolicyWeight=90 -Dsun.zip.disableMemoryMapping=true -Xmx2G -Xms100m -Xlog:disable -javaagent:c:\Users\Tam\.vscode\extensions\redhat.java-1.54.0-win32-x64\lombok\lombok-1.18.39-4050.jar -XX:+HeapDumpOnOutOfMemoryError -XX:HeapDumpPath=c:\Users\Tam\AppData\Roaming\Code\User\workspaceStorage\1d7532827261c6b6800ebf5311da248f\redhat.java -Daether.dependencyCollector.impl=bf c:\Users\Tam\.vscode\extensions\redhat.java-1.54.0-win32-x64\server\plugins\org.eclipse.equinox.launcher_1.7.100.v20251111-0406.jar -configuration c:\Users\Tam\AppData\Roaming\Code\User\globalStorage\redhat.java\1.54.0\config_win -data c:\Users\Tam\AppData\Roaming\Code\User\workspaceStorage\1d7532827261c6b6800ebf5311da248f\redhat.java\jdt_ws --pipe=\\.\pipe\lsp-e9e510377bbf2d282afaaef8689b4382-sock

Host: 11th Gen Intel(R) Core(TM) i5-11400H @ 2.70GHz, 12 cores, 23G,  Windows 11 , 64 bit Build 26100 (10.0.26100.8246)
Time: Wed May  6 15:40:33 2026 SE Asia Standard Time elapsed time: 50.164948 seconds (0d 0h 0m 50s)

---------------  T H R E A D  ---------------

Current thread (0x000001c277d9b710):  JavaThread "C2 CompilerThread1" daemon [_thread_in_native, id=41380, stack(0x000000174de00000,0x000000174df00000) (1024K)]


Current CompileTask:
C2:50165 19593   !   4       com.google.inject.spi.InjectionPoint::getInjectionPoints (489 bytes)

Stack: [0x000000174de00000,0x000000174df00000]
Native frames: (J=compiled Java code, j=interpreted, Vv=VM code, C=native code)
V  [jvm.dll+0x6d7a39]
V  [jvm.dll+0x8b4b26]
V  [jvm.dll+0x8b70de]
V  [jvm.dll+0x8b77c3]
V  [jvm.dll+0x284346]
V  [jvm.dll+0xc66ed]
V  [jvm.dll+0xc6c31]
V  [jvm.dll+0x3bec01]
V  [jvm.dll+0x38b162]
V  [jvm.dll+0x38a5aa]
V  [jvm.dll+0x24c560]
V  [jvm.dll+0x24bb40]
V  [jvm.dll+0x1cb34e]
V  [jvm.dll+0x25b85d]
V  [jvm.dll+0x259dea]
V  [jvm.dll+0x3f857e]
V  [jvm.dll+0x85f59d]
V  [jvm.dll+0x6d626d]
C  [ucrtbase.dll+0x37b0]
C  [KERNEL32.DLL+0x2e8d7]
C  [ntdll.dll+0x8c3fc]


---------------  P R O C E S S  ---------------

Threads class SMR info:
_java_thread_list=0x000001c27d34cda0, length=79, elements={
0x000001c2571f5090, 0x000001c25719e860, 0x000001c257294cb0, 0x000001c257297590,
0x000001c25729a380, 0x000001c25729e750, 0x000001c2572a2850, 0x000001c2572ac110,
0x000001c26ef68930, 0x000001c26f1ec1c0, 0x000001c26f1baa10, 0x000001c2745537c0,
0x000001c274c17670, 0x000001c274a5c6e0, 0x000001c274ac38c0, 0x000001c2748e41e0,
0x000001c2750487c0, 0x000001c2748606e0, 0x000001c274c56e80, 0x000001c274c56160,
0x000001c27576fa50, 0x000001c2757700e0, 0x000001c27576f3c0, 0x000001c27576e010,
0x000001c275770e00, 0x000001c275771b20, 0x000001c27576e6a0, 0x000001c2757721b0,
0x000001c27576ed30, 0x000001c275772ed0, 0x000001c275774fa0, 0x000001c275772840,
0x000001c275775630, 0x000001c275774280, 0x000001c275773bf0, 0x000001c275774910,
0x000001c275773560, 0x000001c274c567f0, 0x000001c275a7d430, 0x000001c275a79fb0,
0x000001c275a7b9f0, 0x000001c275a7c080, 0x000001c275a7acd0, 0x000001c275a7e150,
0x000001c275a7e7e0, 0x000001c275a7ee70, 0x000001c275a7f500, 0x000001c275a7fb90,
0x000001c275a7c710, 0x000001c275a80f40, 0x000001c275a815d0, 0x000001c275a808b0,
0x000001c278c9bf40, 0x000001c278c9cc60, 0x000001c278c9d2f0, 0x000001c278c99e70,
0x000001c278c9b8b0, 0x000001c278c9e010, 0x000001c278c9e6a0, 0x000001c278c9b220,
0x000001c278ca00e0, 0x000001c278ca0e00, 0x000001c278c9ed30, 0x000001c275415de0,
0x000001c275413d10, 0x000001c2754143a0, 0x000001c275414a30, 0x000001c275412960,
0x000001c2754150c0, 0x000001c275415750, 0x000001c275416470, 0x000001c275412ff0,
0x000001c2754198f0, 0x000001c275418bd0, 0x000001c275418540, 0x000001c275417190,
0x000001c275417820, 0x000001c277d9b710, 0x000001c27963c8a0
}

Java Threads: ( => current thread )
  0x000001c2571f5090 JavaThread "main"                              [_thread_blocked, id=50208, stack(0x000000174e100000,0x000000174e200000) (1024K)]
  0x000001c25719e860 JavaThread "Reference Handler"          daemon [_thread_blocked, id=45368, stack(0x000000174e500000,0x000000174e600000) (1024K)]
  0x000001c257294cb0 JavaThread "Finalizer"                  daemon [_thread_blocked, id=29584, stack(0x000000174e600000,0x000000174e700000) (1024K)]
  0x000001c257297590 JavaThread "Signal Dispatcher"          daemon [_thread_blocked, id=42988, stack(0x000000174e700000,0x000000174e800000) (1024K)]
  0x000001c25729a380 JavaThread "Attach Listener"            daemon [_thread_blocked, id=50356, stack(0x000000174e800000,0x000000174e900000) (1024K)]
  0x000001c25729e750 JavaThread "Service Thread"             daemon [_thread_blocked, id=51836, stack(0x000000174e900000,0x000000174ea00000) (1024K)]
  0x000001c2572a2850 JavaThread "Monitor Deflation Thread"   daemon [_thread_blocked, id=26172, stack(0x000000174ea00000,0x000000174eb00000) (1024K)]
  0x000001c2572ac110 JavaThread "C2 CompilerThread0"         daemon [_thread_blocked, id=44064, stack(0x000000174eb00000,0x000000174ec00000) (1024K)]
  0x000001c26ef68930 JavaThread "C1 CompilerThread0"         daemon [_thread_blocked, id=47992, stack(0x000000174ec00000,0x000000174ed00000) (1024K)]
  0x000001c26f1ec1c0 JavaThread "Common-Cleaner"             daemon [_thread_blocked, id=43292, stack(0x000000174ed00000,0x000000174ee00000) (1024K)]
  0x000001c26f1baa10 JavaThread "Notification Thread"        daemon [_thread_blocked, id=47236, stack(0x000000174f000000,0x000000174f100000) (1024K)]
  0x000001c2745537c0 JavaThread "Active Thread: Equinox Container: 56bd12b5-1e04-43a1-b8f9-32aa5217b037"        [_thread_blocked, id=47848, stack(0x000000174f700000,0x000000174f800000) (1024K)]
  0x000001c274c17670 JavaThread "Refresh Thread: Equinox Container: 56bd12b5-1e04-43a1-b8f9-32aa5217b037" daemon [_thread_blocked, id=44832, stack(0x000000174f900000,0x000000174fa00000) (1024K)]
  0x000001c274a5c6e0 JavaThread "Framework Event Dispatcher: Equinox Container: 56bd12b5-1e04-43a1-b8f9-32aa5217b037" daemon [_thread_blocked, id=37520, stack(0x000000174fa00000,0x000000174fb00000) (1024K)]
  0x000001c274ac38c0 JavaThread "Start Level: Equinox Container: 56bd12b5-1e04-43a1-b8f9-32aa5217b037" daemon [_thread_blocked, id=49588, stack(0x000000174fb00000,0x000000174fc00000) (1024K)]
  0x000001c2748e41e0 JavaThread "Bundle File Closer"         daemon [_thread_blocked, id=30208, stack(0x000000174fe00000,0x000000174ff00000) (1024K)]
  0x000001c2750487c0 JavaThread "SCR Component Actor"        daemon [_thread_blocked, id=50740, stack(0x000000174ee00000,0x000000174ef00000) (1024K)]
  0x000001c2748606e0 JavaThread "Worker-JM"                         [_thread_blocked, id=36128, stack(0x0000001750000000,0x0000001750100000) (1024K)]
  0x000001c274c56e80 JavaThread "JNA Cleaner"                daemon [_thread_blocked, id=29192, stack(0x0000001750100000,0x0000001750200000) (1024K)]
  0x000001c274c56160 JavaThread "Worker-0: Building"                [_thread_blocked, id=33184, stack(0x0000001750200000,0x0000001750300000) (1024K)]
  0x000001c27576fa50 JavaThread "Worker-1"                          [_thread_blocked, id=37876, stack(0x0000001750300000,0x0000001750400000) (1024K)]
  0x000001c2757700e0 JavaThread "Worker-2"                          [_thread_blocked, id=21796, stack(0x0000001750400000,0x0000001750500000) (1024K)]
  0x000001c27576f3c0 JavaThread "Java indexing"              daemon [_thread_blocked, id=51416, stack(0x0000001750500000,0x0000001750600000) (1024K)]
  0x000001c27576e010 JavaThread "Worker-3"                          [_thread_blocked, id=53144, stack(0x0000001750600000,0x0000001750700000) (1024K)]
  0x000001c275770e00 JavaThread "Worker-4"                          [_thread_blocked, id=49776, stack(0x0000001750700000,0x0000001750800000) (1024K)]
  0x000001c275771b20 JavaThread "Thread-1"                   daemon [_thread_in_native, id=49368, stack(0x0000001750a00000,0x0000001750b00000) (1024K)]
  0x000001c27576e6a0 JavaThread "Thread-2"                   daemon [_thread_in_native, id=50744, stack(0x0000001750b00000,0x0000001750c00000) (1024K)]
  0x000001c2757721b0 JavaThread "Thread-3"                   daemon [_thread_in_native, id=49388, stack(0x0000001750c00000,0x0000001750d00000) (1024K)]
  0x000001c27576ed30 JavaThread "Thread-4"                   daemon [_thread_in_native, id=51052, stack(0x0000001750d00000,0x0000001750e00000) (1024K)]
  0x000001c275772ed0 JavaThread "Thread-5"                   daemon [_thread_in_native, id=49556, stack(0x0000001750e00000,0x0000001750f00000) (1024K)]
  0x000001c275774fa0 JavaThread "Thread-6"                   daemon [_thread_in_native, id=53704, stack(0x0000001750f00000,0x0000001751000000) (1024K)]
  0x000001c275772840 JavaThread "Thread-7"                   daemon [_thread_in_native, id=44204, stack(0x0000001751000000,0x0000001751100000) (1024K)]
  0x000001c275775630 JavaThread "Thread-8"                   daemon [_thread_in_native, id=16596, stack(0x0000001751100000,0x0000001751200000) (1024K)]
  0x000001c275774280 JavaThread "Thread-9"                   daemon [_thread_in_native, id=21988, stack(0x0000001751200000,0x0000001751300000) (1024K)]
  0x000001c275773bf0 JavaThread "Thread-10"                  daemon [_thread_in_native, id=35992, stack(0x0000001751300000,0x0000001751400000) (1024K)]
  0x000001c275774910 JavaThread "Thread-11"                  daemon [_thread_in_native, id=50016, stack(0x0000001751400000,0x0000001751500000) (1024K)]
  0x000001c275773560 JavaThread "Thread-12"                  daemon [_thread_in_native, id=44068, stack(0x0000001751500000,0x0000001751600000) (1024K)]
  0x000001c274c567f0 JavaThread "Thread-13"                  daemon [_thread_in_native, id=36884, stack(0x0000001751600000,0x0000001751700000) (1024K)]
  0x000001c275a7d430 JavaThread "pool-2-thread-1"                   [_thread_blocked, id=48648, stack(0x0000001751700000,0x0000001751800000) (1024K)]
  0x000001c275a79fb0 JavaThread "WorkspaceEventsHandler"            [_thread_blocked, id=45376, stack(0x0000001751900000,0x0000001751a00000) (1024K)]
  0x000001c275a7b9f0 JavaThread "pool-1-thread-1"                   [_thread_blocked, id=45020, stack(0x0000001751a00000,0x0000001751b00000) (1024K)]
  0x000001c275a7c080 JavaThread "Worker-5"                          [_thread_blocked, id=45228, stack(0x0000001751b00000,0x0000001751c00000) (1024K)]
  0x000001c275a7acd0 JavaThread "Worker-6"                          [_thread_blocked, id=47720, stack(0x0000001751c00000,0x0000001751d00000) (1024K)]
  0x000001c275a7e150 JavaThread "LocalFile Deleter"          daemon [_thread_blocked, id=45200, stack(0x0000001751e00000,0x0000001751f00000) (1024K)]
  0x000001c275a7e7e0 JavaThread "LocalFile Deleter"          daemon [_thread_blocked, id=26424, stack(0x0000001751f00000,0x0000001752000000) (1024K)]
  0x000001c275a7ee70 JavaThread "LocalFile Deleter"          daemon [_thread_blocked, id=36780, stack(0x0000001752000000,0x0000001752100000) (1024K)]
  0x000001c275a7f500 JavaThread "LocalFile Deleter"          daemon [_thread_blocked, id=22228, stack(0x0000001752100000,0x0000001752200000) (1024K)]
  0x000001c275a7fb90 JavaThread "LocalFile Deleter"          daemon [_thread_blocked, id=42140, stack(0x0000001752200000,0x0000001752300000) (1024K)]
  0x000001c275a7c710 JavaThread "LocalFile Deleter"          daemon [_thread_blocked, id=49628, stack(0x0000001752300000,0x0000001752400000) (1024K)]
  0x000001c275a80f40 JavaThread "LocalFile Deleter"          daemon [_thread_blocked, id=17704, stack(0x0000001752400000,0x0000001752500000) (1024K)]
  0x000001c275a815d0 JavaThread "LocalFile Deleter"          daemon [_thread_blocked, id=36716, stack(0x0000001752500000,0x0000001752600000) (1024K)]
  0x000001c275a808b0 JavaThread "Compiler Source File Reader" daemon [_thread_blocked, id=31948, stack(0x0000001752600000,0x0000001752700000) (1024K)]
  0x000001c278c9bf40 JavaThread "Compiler Source File Reader" daemon [_thread_blocked, id=21080, stack(0x0000001752700000,0x0000001752800000) (1024K)]
  0x000001c278c9cc60 JavaThread "Compiler Source File Reader" daemon [_thread_blocked, id=50044, stack(0x0000001752800000,0x0000001752900000) (1024K)]
  0x000001c278c9d2f0 JavaThread "Compiler Source File Reader" daemon [_thread_blocked, id=47180, stack(0x0000001752900000,0x0000001752a00000) (1024K)]
  0x000001c278c99e70 JavaThread "Compiler Source File Reader" daemon [_thread_blocked, id=37092, stack(0x0000001752a00000,0x0000001752b00000) (1024K)]
  0x000001c278c9b8b0 JavaThread "ForkJoinPool.commonPool-worker-1" daemon [_thread_blocked, id=22444, stack(0x000000174ef00000,0x000000174f000000) (1024K)]
  0x000001c278c9e010 JavaThread "Compiler Processing Task"   daemon [_thread_blocked, id=50428, stack(0x000000174ff00000,0x0000001750000000) (1024K)]
  0x000001c278c9e6a0 JavaThread "Compiler Class File Writer" daemon [_thread_blocked, id=44968, stack(0x0000001752c00000,0x0000001752d00000) (1024K)]
  0x000001c278c9b220 JavaThread "Compiler Class File Writer" daemon [_thread_blocked, id=52832, stack(0x0000001752d00000,0x0000001752e00000) (1024K)]
  0x000001c278ca00e0 JavaThread "Compiler Class File Writer" daemon [_thread_blocked, id=49524, stack(0x0000001752e00000,0x0000001752f00000) (1024K)]
  0x000001c278ca0e00 JavaThread "Compiler Class File Writer" daemon [_thread_blocked, id=32272, stack(0x0000001752f00000,0x0000001753000000) (1024K)]
  0x000001c278c9ed30 JavaThread "Compiler Class File Writer" daemon [_thread_blocked, id=40672, stack(0x0000001753000000,0x0000001753100000) (1024K)]
  0x000001c275415de0 JavaThread "LocalFile Deleter"          daemon [_thread_blocked, id=38100, stack(0x0000001751d00000,0x0000001751e00000) (1024K)]
  0x000001c275413d10 JavaThread "LocalFile Deleter"          daemon [_thread_blocked, id=37068, stack(0x0000001753100000,0x0000001753200000) (1024K)]
  0x000001c2754143a0 JavaThread "LocalFile Deleter"          daemon [_thread_blocked, id=16408, stack(0x0000001753200000,0x0000001753300000) (1024K)]
  0x000001c275414a30 JavaThread "LocalFile Deleter"          daemon [_thread_blocked, id=51244, stack(0x0000001753300000,0x0000001753400000) (1024K)]
  0x000001c275412960 JavaThread "Compiler Source File Reader" daemon [_thread_blocked, id=32552, stack(0x0000001753400000,0x0000001753500000) (1024K)]
  0x000001c2754150c0 JavaThread "Compiler Source File Reader" daemon [_thread_blocked, id=35572, stack(0x0000001753600000,0x0000001753700000) (1024K)]
  0x000001c275415750 JavaThread "Compiler Source File Reader" daemon [_thread_blocked, id=48688, stack(0x0000001753700000,0x0000001753800000) (1024K)]
  0x000001c275416470 JavaThread "Compiler Source File Reader" daemon [_thread_blocked, id=47968, stack(0x0000001753800000,0x0000001753900000) (1024K)]
  0x000001c275412ff0 JavaThread "Compiler Source File Reader" daemon [_thread_blocked, id=46036, stack(0x0000001753900000,0x0000001753a00000) (1024K)]
  0x000001c2754198f0 JavaThread "Compiler Class File Writer" daemon [_thread_blocked, id=48172, stack(0x0000001753500000,0x0000001753600000) (1024K)]
  0x000001c275418bd0 JavaThread "Compiler Class File Writer" daemon [_thread_blocked, id=6940, stack(0x0000001753a00000,0x0000001753b00000) (1024K)]
  0x000001c275418540 JavaThread "Compiler Class File Writer" daemon [_thread_blocked, id=41904, stack(0x0000001753b00000,0x0000001753c00000) (1024K)]
  0x000001c275417190 JavaThread "Compiler Class File Writer" daemon [_thread_blocked, id=48052, stack(0x0000001753c00000,0x0000001753d00000) (1024K)]
  0x000001c275417820 JavaThread "Compiler Class File Writer" daemon [_thread_blocked, id=18068, stack(0x0000001753d00000,0x0000001753e00000) (1024K)]
=>0x000001c277d9b710 JavaThread "C2 CompilerThread1"         daemon [_thread_in_native, id=41380, stack(0x000000174de00000,0x000000174df00000) (1024K)]
  0x000001c27963c8a0 JavaThread "C2 CompilerThread2"         daemon [_thread_blocked, id=51856, stack(0x0000001752b00000,0x0000001752c00000) (1024K)]
Total: 79

Other Threads:
  0x000001c257291a40 VMThread "VM Thread"                           [id=46484, stack(0x000000174e400000,0x000000174e500000) (1024K)]
  0x000001c25707c950 WatcherThread "VM Periodic Task Thread"        [id=36476, stack(0x000000174e300000,0x000000174e400000) (1024K)]
  0x000001c257213760 WorkerThread "GC Thread#0"                     [id=50180, stack(0x000000174e200000,0x000000174e300000) (1024K)]
  0x000001c2743c6a30 WorkerThread "GC Thread#1"                     [id=42632, stack(0x000000174f100000,0x000000174f200000) (1024K)]
  0x000001c2747e5430 WorkerThread "GC Thread#2"                     [id=39276, stack(0x000000174f200000,0x000000174f300000) (1024K)]
  0x000001c2747d0570 WorkerThread "GC Thread#3"                     [id=14504, stack(0x000000174f300000,0x000000174f400000) (1024K)]
  0x000001c274399370 WorkerThread "GC Thread#4"                     [id=47956, stack(0x000000174f400000,0x000000174f500000) (1024K)]
  0x000001c274399b30 WorkerThread "GC Thread#5"                     [id=39188, stack(0x000000174f500000,0x000000174f600000) (1024K)]
  0x000001c2746a0de0 WorkerThread "GC Thread#6"                     [id=36892, stack(0x000000174f600000,0x000000174f700000) (1024K)]
  0x000001c274825bd0 WorkerThread "GC Thread#7"                     [id=50264, stack(0x000000174f800000,0x000000174f900000) (1024K)]
  0x000001c274a94bc0 WorkerThread "GC Thread#8"                     [id=50040, stack(0x000000174fc00000,0x000000174fd00000) (1024K)]
  0x000001c2751b0440 WorkerThread "GC Thread#9"                     [id=41640, stack(0x000000174fd00000,0x000000174fe00000) (1024K)]
Total: 12

Threads with active compile tasks:
C2 CompilerThread0  50204 19641   !   4       org.apache.maven.model.building.DefaultModelBuilder::importDependencyManagement (1104 bytes)
C2 CompilerThread1  50204 19593   !   4       com.google.inject.spi.InjectionPoint::getInjectionPoints (489 bytes)
C2 CompilerThread2  50204 19644       4       org.apache.maven.model.InputLocation::setLocation (88 bytes)
Total: 3

VM state: at safepoint (normal execution)

VM Mutex/Monitor currently owned by a thread:  ([mutex/lock_event])
[0x00007ffd456ae560] Threads_lock - owner thread: 0x000001c257291a40
[0x00007ffd456ae660] Heap_lock - owner thread: 0x000001c274c56160

Heap address: 0x0000000080000000, size: 2048 MB, Compressed Oops mode: 32-bit

CDS archive(s) mapped at: [0x000001c200000000-0x000001c200ba0000-0x000001c200ba0000), size 12189696, SharedBaseAddress: 0x000001c200000000, ArchiveRelocationMode: 1.
Compressed class space mapped at: 0x000001c201000000-0x000001c241000000, reserved size: 1073741824
Narrow klass base: 0x000001c200000000, Narrow klass shift: 0, Narrow klass range: 0x100000000

GC Precious Log:
 CardTable entry size: 512
 CPUs: 12 total, 12 available
 Memory: 24355M
 Large Page Support: Disabled
 NUMA Support: Disabled
 Compressed Oops: Enabled (32-bit)
 Alignments: Space 512K, Generation 512K, Heap 2M
 Heap Min Capacity: 100M
 Heap Initial Capacity: 100M
 Heap Max Capacity: 2G
 Pre-touch: Disabled
 Parallel Workers: 10

Heap:
 PSYoungGen      total 4608K, used 512K [0x00000000d5580000, 0x00000000d5b80000, 0x0000000100000000)
  eden space 4096K, 0% used [0x00000000d5580000,0x00000000d5580000,0x00000000d5980000)
  from space 512K, 100% used [0x00000000d5b00000,0x00000000d5b80000,0x00000000d5b80000)
  to   space 512K, 0% used [0x00000000d5a80000,0x00000000d5a80000,0x00000000d5b00000)
 ParOldGen       total 411136K, used 411010K [0x0000000080000000, 0x0000000099180000, 0x00000000d5580000)
  object space 411136K, 99% used [0x0000000080000000,0x0000000099160b68,0x0000000099180000)
 Metaspace       used 84726K, committed 86400K, reserved 1179648K
  class space    used 8965K, committed 9728K, reserved 1048576K

Card table byte_map: [0x000001c256b90000,0x000001c256fa0000] _byte_map_base: 0x000001c256790000

Marking Bits: (ParMarkBitMap*) 0x00007ffd456b3450
 Begin Bits: [0x000001c2696a0000, 0x000001c26b6a0000)
 End Bits:   [0x000001c26b6a0000, 0x000001c26d6a0000)

Polling page: 0x000001c254fc0000

Metaspace:

Usage:
  Non-class:     73.98 MB used.
      Class:      8.76 MB used.
       Both:     82.74 MB used.

Virtual space:
  Non-class space:      128.00 MB reserved,      74.88 MB ( 58%) committed,  2 nodes.
      Class space:        1.00 GB reserved,       9.50 MB ( <1%) committed,  1 nodes.
             Both:        1.12 GB reserved,      84.38 MB (  7%) committed. 

Chunk freelists:
   Non-Class:  5.08 MB
       Class:  6.55 MB
        Both:  11.62 MB

MaxMetaspaceSize: unlimited
CompressedClassSpaceSize: 1.00 GB
Initial GC threshold: 21.00 MB
Current GC threshold: 113.38 MB
CDS: on
 - commit_granule_bytes: 65536.
 - commit_granule_words: 8192.
 - virtual_space_node_default_size: 8388608.
 - enlarge_chunks_in_place: 1.
 - use_allocation_guard: 0.


Internal statistics:

num_allocs_failed_limit: 9.
num_arena_births: 1456.
num_arena_deaths: 22.
num_vsnodes_births: 3.
num_vsnodes_deaths: 0.
num_space_committed: 1348.
num_space_uncommitted: 0.
num_chunks_returned_to_freelist: 33.
num_chunks_taken_from_freelist: 5374.
num_chunk_merges: 16.
num_chunk_splits: 3270.
num_chunks_enlarged: 1823.
num_inconsistent_stats: 0.

CodeHeap 'non-profiled nmethods': size=120000Kb used=16264Kb max_used=16264Kb free=103735Kb
 bounds [0x000001c261ec0000, 0x000001c262eb0000, 0x000001c2693f0000]
CodeHeap 'profiled nmethods': size=120000Kb used=43314Kb max_used=43314Kb free=76685Kb
 bounds [0x000001c25a3f0000, 0x000001c25ce40000, 0x000001c261920000]
CodeHeap 'non-nmethods': size=5760Kb used=1509Kb max_used=1619Kb free=4250Kb
 bounds [0x000001c261920000, 0x000001c261b90000, 0x000001c261ec0000]
CodeCache: size=245760Kb, used=61087Kb, max_used=61197Kb, free=184670Kb
 total_blobs=18526, nmethods=17708, adapters=723, full_count=0
Compilation: enabled, stopped_count=0, restarted_count=0

Compilation events (20 events):
Event: 48.090 Thread 0x000001c26ef68930 19658       3       org.apache.maven.model.io.xpp3.MavenXpp3ReaderEx::parseActivation (388 bytes)
Event: 48.093 Thread 0x000001c26ef68930 nmethod 19658 0x000001c25ce37890 code [0x000001c25ce37dc0, 0x000001c25ce3a188]
Event: 48.110 Thread 0x000001c27963c8a0 nmethod 19648 0x000001c262e9d510 code [0x000001c262e9d720, 0x000001c262e9e720]
Event: 48.110 Thread 0x000001c27963c8a0 19646       4       java.util.Properties::<init> (32 bytes)
Event: 48.112 Thread 0x000001c27963c8a0 nmethod 19646 0x000001c262e9ed90 code [0x000001c262e9ef60, 0x000001c262e9f1b0]
Event: 48.112 Thread 0x000001c27963c8a0 19653       4       org.apache.maven.model.Contributor::setLocation (356 bytes)
Event: 48.139 Thread 0x000001c27963c8a0 nmethod 19653 0x000001c262e9f390 code [0x000001c262e9f6e0, 0x000001c262ea0c90]
Event: 48.139 Thread 0x000001c27963c8a0 19660       4       java.io.BufferedInputStream::getBufIfOpen (61 bytes)
Event: 48.141 Thread 0x000001c26ef68930 19661       3       org.apache.maven.model.Build::<init> (5 bytes)
Event: 48.141 Thread 0x000001c26ef68930 nmethod 19661 0x000001c25ce3b090 code [0x000001c25ce3b240, 0x000001c25ce3b4c0]
Event: 48.142 Thread 0x000001c27963c8a0 nmethod 19660 0x000001c262ea1810 code [0x000001c262ea19a0, 0x000001c262ea1be8]
Event: 48.142 Thread 0x000001c27963c8a0 19659       4       java.io.BufferedInputStream::getInIfOpen (21 bytes)
Event: 48.143 Thread 0x000001c27963c8a0 nmethod 19659 0x000001c262ea1d10 code [0x000001c262ea1ea0, 0x000001c262ea1f48]
Event: 48.143 Thread 0x000001c27963c8a0 19644       4       org.apache.maven.model.InputLocation::setLocation (88 bytes)
Event: 48.169 Thread 0x000001c26ef68930 19664       3       org.apache.maven.project.ProjectModelResolver::<init> (112 bytes)
Event: 48.170 Thread 0x000001c26ef68930 nmethod 19664 0x000001c25ce3b610 code [0x000001c25ce3b840, 0x000001c25ce3c0b0]
Event: 48.198 Thread 0x000001c26ef68930 19666       3       org.apache.maven.RepositoryUtils::toPolicy (28 bytes)
Event: 48.199 Thread 0x000001c26ef68930 nmethod 19666 0x000001c25ce3c390 code [0x000001c25ce3c540, 0x000001c25ce3c798]
Event: 48.199 Thread 0x000001c26ef68930 19665       1       org.apache.maven.artifact.repository.layout.DefaultRepositoryLayout::getId (3 bytes)
Event: 48.199 Thread 0x000001c26ef68930 nmethod 19665 0x000001c262ea2010 code [0x000001c262ea21a0, 0x000001c262ea2270]

GC Heap History (20 events):
Event: 47.864 GC heap after
{Heap after GC invocations=857 (full 4):
 PSYoungGen      total 4608K, used 512K [0x00000000d5580000, 0x00000000d5c80000, 0x0000000100000000)
  eden space 4096K, 0% used [0x00000000d5580000,0x00000000d5580000,0x00000000d5980000)
  from space 512K, 100% used [0x00000000d5b00000,0x00000000d5b80000,0x00000000d5b80000)
  to   space 1536K, 0% used [0x00000000d5980000,0x00000000d5980000,0x00000000d5b00000)
 ParOldGen       total 402944K, used 402546K [0x0000000080000000, 0x0000000098980000, 0x00000000d5580000)
  object space 402944K, 99% used [0x0000000080000000,0x000000009891c830,0x0000000098980000)
 Metaspace       used 84693K, committed 86400K, reserved 1179648K
  class space    used 8962K, committed 9728K, reserved 1048576K
}
Event: 47.909 GC heap before
{Heap before GC invocations=858 (full 4):
 PSYoungGen      total 4608K, used 4608K [0x00000000d5580000, 0x00000000d5c80000, 0x0000000100000000)
  eden space 4096K, 100% used [0x00000000d5580000,0x00000000d5980000,0x00000000d5980000)
  from space 512K, 100% used [0x00000000d5b00000,0x00000000d5b80000,0x00000000d5b80000)
  to   space 1536K, 0% used [0x00000000d5980000,0x00000000d5980000,0x00000000d5b00000)
 ParOldGen       total 402944K, used 402546K [0x0000000080000000, 0x0000000098980000, 0x00000000d5580000)
  object space 402944K, 99% used [0x0000000080000000,0x000000009891c830,0x0000000098980000)
 Metaspace       used 84711K, committed 86400K, reserved 1179648K
  class space    used 8965K, committed 9728K, reserved 1048576K
}
Event: 47.914 GC heap after
{Heap after GC invocations=858 (full 4):
 PSYoungGen      total 5632K, used 992K [0x00000000d5580000, 0x00000000d5c80000, 0x0000000100000000)
  eden space 4096K, 0% used [0x00000000d5580000,0x00000000d5580000,0x00000000d5980000)
  from space 1536K, 64% used [0x00000000d5980000,0x00000000d5a78000,0x00000000d5b00000)
  to   space 1536K, 0% used [0x00000000d5b00000,0x00000000d5b00000,0x00000000d5c80000)
 ParOldGen       total 403456K, used 403086K [0x0000000080000000, 0x0000000098a00000, 0x00000000d5580000)
  object space 403456K, 99% used [0x0000000080000000,0x00000000989a3840,0x0000000098a00000)
 Metaspace       used 84711K, committed 86400K, reserved 1179648K
  class space    used 8965K, committed 9728K, reserved 1048576K
}
Event: 47.934 GC heap before
{Heap before GC invocations=859 (full 4):
 PSYoungGen      total 5632K, used 5088K [0x00000000d5580000, 0x00000000d5c80000, 0x0000000100000000)
  eden space 4096K, 100% used [0x00000000d5580000,0x00000000d5980000,0x00000000d5980000)
  from space 1536K, 64% used [0x00000000d5980000,0x00000000d5a78000,0x00000000d5b00000)
  to   space 1536K, 0% used [0x00000000d5b00000,0x00000000d5b00000,0x00000000d5c80000)
 ParOldGen       total 403456K, used 403086K [0x0000000080000000, 0x0000000098a00000, 0x00000000d5580000)
  object space 403456K, 99% used [0x0000000080000000,0x00000000989a3840,0x0000000098a00000)
 Metaspace       used 84717K, committed 86400K, reserved 1179648K
  class space    used 8965K, committed 9728K, reserved 1048576K
}
Event: 47.939 GC heap after
{Heap after GC invocations=859 (full 4):
 PSYoungGen      total 5632K, used 1344K [0x00000000d5580000, 0x00000000d5c80000, 0x0000000100000000)
  eden space 4096K, 0% used [0x00000000d5580000,0x00000000d5580000,0x00000000d5980000)
  from space 1536K, 87% used [0x00000000d5b00000,0x00000000d5c50000,0x00000000d5c80000)
  to   space 1536K, 0% used [0x00000000d5980000,0x00000000d5980000,0x00000000d5b00000)
 ParOldGen       total 403968K, used 403954K [0x0000000080000000, 0x0000000098a80000, 0x00000000d5580000)
  object space 403968K, 99% used [0x0000000080000000,0x0000000098a7c870,0x0000000098a80000)
 Metaspace       used 84717K, committed 86400K, reserved 1179648K
  class space    used 8965K, committed 9728K, reserved 1048576K
}
Event: 47.981 GC heap before
{Heap before GC invocations=860 (full 4):
 PSYoungGen      total 5632K, used 5440K [0x00000000d5580000, 0x00000000d5c80000, 0x0000000100000000)
  eden space 4096K, 100% used [0x00000000d5580000,0x00000000d5980000,0x00000000d5980000)
  from space 1536K, 87% used [0x00000000d5b00000,0x00000000d5c50000,0x00000000d5c80000)
  to   space 1536K, 0% used [0x00000000d5980000,0x00000000d5980000,0x00000000d5b00000)
 ParOldGen       total 403968K, used 403954K [0x0000000080000000, 0x0000000098a80000, 0x00000000d5580000)
  object space 403968K, 99% used [0x0000000080000000,0x0000000098a7c870,0x0000000098a80000)
 Metaspace       used 84718K, committed 86400K, reserved 1179648K
  class space    used 8965K, committed 9728K, reserved 1048576K
}
Event: 47.988 GC heap after
{Heap after GC invocations=860 (full 4):
 PSYoungGen      total 5632K, used 960K [0x00000000d5580000, 0x00000000d5c80000, 0x0000000100000000)
  eden space 4096K, 0% used [0x00000000d5580000,0x00000000d5580000,0x00000000d5980000)
  from space 1536K, 62% used [0x00000000d5980000,0x00000000d5a70000,0x00000000d5b00000)
  to   space 1536K, 0% used [0x00000000d5b00000,0x00000000d5b00000,0x00000000d5c80000)
 ParOldGen       total 405504K, used 405178K [0x0000000080000000, 0x0000000098c00000, 0x00000000d5580000)
  object space 405504K, 99% used [0x0000000080000000,0x0000000098bae870,0x0000000098c00000)
 Metaspace       used 84718K, committed 86400K, reserved 1179648K
  class space    used 8965K, committed 9728K, reserved 1048576K
}
Event: 48.030 GC heap before
{Heap before GC invocations=861 (full 4):
 PSYoungGen      total 5632K, used 5056K [0x00000000d5580000, 0x00000000d5c80000, 0x0000000100000000)
  eden space 4096K, 100% used [0x00000000d5580000,0x00000000d5980000,0x00000000d5980000)
  from space 1536K, 62% used [0x00000000d5980000,0x00000000d5a70000,0x00000000d5b00000)
  to   space 1536K, 0% used [0x00000000d5b00000,0x00000000d5b00000,0x00000000d5c80000)
 ParOldGen       total 405504K, used 405178K [0x0000000080000000, 0x0000000098c00000, 0x00000000d5580000)
  object space 405504K, 99% used [0x0000000080000000,0x0000000098bae870,0x0000000098c00000)
 Metaspace       used 84718K, committed 86400K, reserved 1179648K
  class space    used 8965K, committed 9728K, reserved 1048576K
}
Event: 48.033 GC heap after
{Heap after GC invocations=861 (full 4):
 PSYoungGen      total 5120K, used 832K [0x00000000d5580000, 0x00000000d5c00000, 0x0000000100000000)
  eden space 4096K, 0% used [0x00000000d5580000,0x00000000d5580000,0x00000000d5980000)
  from space 1024K, 81% used [0x00000000d5b00000,0x00000000d5bd0000,0x00000000d5c00000)
  to   space 1024K, 0% used [0x00000000d5a00000,0x00000000d5a00000,0x00000000d5b00000)
 ParOldGen       total 406528K, used 406025K [0x0000000080000000, 0x0000000098d00000, 0x00000000d5580000)
  object space 406528K, 99% used [0x0000000080000000,0x0000000098c82630,0x0000000098d00000)
 Metaspace       used 84718K, committed 86400K, reserved 1179648K
  class space    used 8965K, committed 9728K, reserved 1048576K
}
Event: 48.066 GC heap before
{Heap before GC invocations=862 (full 4):
 PSYoungGen      total 5120K, used 4928K [0x00000000d5580000, 0x00000000d5c00000, 0x0000000100000000)
  eden space 4096K, 100% used [0x00000000d5580000,0x00000000d5980000,0x00000000d5980000)
  from space 1024K, 81% used [0x00000000d5b00000,0x00000000d5bd0000,0x00000000d5c00000)
  to   space 1024K, 0% used [0x00000000d5a00000,0x00000000d5a00000,0x00000000d5b00000)
 ParOldGen       total 406528K, used 406025K [0x0000000080000000, 0x0000000098d00000, 0x00000000d5580000)
  object space 406528K, 99% used [0x0000000080000000,0x0000000098c82630,0x0000000098d00000)
 Metaspace       used 84718K, committed 86400K, reserved 1179648K
  class space    used 8965K, committed 9728K, reserved 1048576K
}
Event: 48.069 GC heap after
{Heap after GC invocations=862 (full 4):
 PSYoungGen      total 5120K, used 848K [0x00000000d5580000, 0x00000000d5b80000, 0x0000000100000000)
  eden space 4096K, 0% used [0x00000000d5580000,0x00000000d5580000,0x00000000d5980000)
  from space 1024K, 82% used [0x00000000d5a00000,0x00000000d5ad4010,0x00000000d5b00000)
  to   space 512K, 0% used [0x00000000d5b00000,0x00000000d5b00000,0x00000000d5b80000)
 ParOldGen       total 407040K, used 406745K [0x0000000080000000, 0x0000000098d80000, 0x00000000d5580000)
  object space 407040K, 99% used [0x0000000080000000,0x0000000098d36630,0x0000000098d80000)
 Metaspace       used 84718K, committed 86400K, reserved 1179648K
  class space    used 8965K, committed 9728K, reserved 1048576K
}
Event: 48.102 GC heap before
{Heap before GC invocations=863 (full 4):
 PSYoungGen      total 5120K, used 4944K [0x00000000d5580000, 0x00000000d5b80000, 0x0000000100000000)
  eden space 4096K, 100% used [0x00000000d5580000,0x00000000d5980000,0x00000000d5980000)
  from space 1024K, 82% used [0x00000000d5a00000,0x00000000d5ad4010,0x00000000d5b00000)
  to   space 512K, 0% used [0x00000000d5b00000,0x00000000d5b00000,0x00000000d5b80000)
 ParOldGen       total 407040K, used 406745K [0x0000000080000000, 0x0000000098d80000, 0x00000000d5580000)
  object space 407040K, 99% used [0x0000000080000000,0x0000000098d36630,0x0000000098d80000)
 Metaspace       used 84726K, committed 86400K, reserved 1179648K
  class space    used 8965K, committed 9728K, reserved 1048576K
}
Event: 48.105 GC heap after
{Heap after GC invocations=863 (full 4):
 PSYoungGen      total 4608K, used 384K [0x00000000d5580000, 0x00000000d5b80000, 0x0000000100000000)
  eden space 4096K, 0% used [0x00000000d5580000,0x00000000d5580000,0x00000000d5980000)
  from space 512K, 75% used [0x00000000d5b00000,0x00000000d5b60000,0x00000000d5b80000)
  to   space 1024K, 0% used [0x00000000d5980000,0x00000000d5980000,0x00000000d5a80000)
 ParOldGen       total 407552K, used 407429K [0x0000000080000000, 0x0000000098e00000, 0x00000000d5580000)
  object space 407552K, 99% used [0x0000000080000000,0x0000000098de1650,0x0000000098e00000)
 Metaspace       used 84726K, committed 86400K, reserved 1179648K
  class space    used 8965K, committed 9728K, reserved 1048576K
}
Event: 48.146 GC heap before
{Heap before GC invocations=864 (full 4):
 PSYoungGen      total 4608K, used 4480K [0x00000000d5580000, 0x00000000d5b80000, 0x0000000100000000)
  eden space 4096K, 100% used [0x00000000d5580000,0x00000000d5980000,0x00000000d5980000)
  from space 512K, 75% used [0x00000000d5b00000,0x00000000d5b60000,0x00000000d5b80000)
  to   space 1024K, 0% used [0x00000000d5980000,0x00000000d5980000,0x00000000d5a80000)
 ParOldGen       total 407552K, used 407429K [0x0000000080000000, 0x0000000098e00000, 0x00000000d5580000)
  object space 407552K, 99% used [0x0000000080000000,0x0000000098de1650,0x0000000098e00000)
 Metaspace       used 84726K, committed 86400K, reserved 1179648K
  class space    used 8965K, committed 9728K, reserved 1048576K
}
Event: 48.148 GC heap after
{Heap after GC invocations=864 (full 4):
 PSYoungGen      total 5120K, used 384K [0x00000000d5580000, 0x00000000d5b80000, 0x0000000100000000)
  eden space 4096K, 0% used [0x00000000d5580000,0x00000000d5580000,0x00000000d5980000)
  from space 1024K, 37% used [0x00000000d5980000,0x00000000d59e0000,0x00000000d5a80000)
  to   space 512K, 0% used [0x00000000d5b00000,0x00000000d5b00000,0x00000000d5b80000)
 ParOldGen       total 408064K, used 407629K [0x0000000080000000, 0x0000000098e80000, 0x00000000d5580000)
  object space 408064K, 99% used [0x0000000080000000,0x0000000098e13650,0x0000000098e80000)
 Metaspace       used 84726K, committed 86400K, reserved 1179648K
  class space    used 8965K, committed 9728K, reserved 1048576K
}
Event: 48.188 GC heap before
{Heap before GC invocations=865 (full 4):
 PSYoungGen      total 5120K, used 4480K [0x00000000d5580000, 0x00000000d5b80000, 0x0000000100000000)
  eden space 4096K, 100% used [0x00000000d5580000,0x00000000d5980000,0x00000000d5980000)
  from space 1024K, 37% used [0x00000000d5980000,0x00000000d59e0000,0x00000000d5a80000)
  to   space 512K, 0% used [0x00000000d5b00000,0x00000000d5b00000,0x00000000d5b80000)
 ParOldGen       total 408064K, used 407629K [0x0000000080000000, 0x0000000098e80000, 0x00000000d5580000)
  object space 408064K, 99% used [0x0000000080000000,0x0000000098e13650,0x0000000098e80000)
 Metaspace       used 84726K, committed 86400K, reserved 1179648K
  class space    used 8965K, committed 9728K, reserved 1048576K
}
Event: 48.190 GC heap after
{Heap after GC invocations=865 (full 4):
 PSYoungGen      total 4608K, used 352K [0x00000000d5580000, 0x00000000d5b80000, 0x0000000100000000)
  eden space 4096K, 0% used [0x00000000d5580000,0x00000000d5580000,0x00000000d5980000)
  from space 512K, 68% used [0x00000000d5b00000,0x00000000d5b58000,0x00000000d5b80000)
  to   space 512K, 0% used [0x00000000d5a80000,0x00000000d5a80000,0x00000000d5b00000)
 ParOldGen       total 408064K, used 407853K [0x0000000080000000, 0x0000000098e80000, 0x00000000d5580000)
  object space 408064K, 99% used [0x0000000080000000,0x0000000098e4b650,0x0000000098e80000)
 Metaspace       used 84726K, committed 86400K, reserved 1179648K
  class space    used 8965K, committed 9728K, reserved 1048576K
}
Event: 48.219 GC heap before
{Heap before GC invocations=866 (full 4):
 PSYoungGen      total 4608K, used 4448K [0x00000000d5580000, 0x00000000d5b80000, 0x0000000100000000)
  eden space 4096K, 100% used [0x00000000d5580000,0x00000000d5980000,0x00000000d5980000)
  from space 512K, 68% used [0x00000000d5b00000,0x00000000d5b58000,0x00000000d5b80000)
  to   space 512K, 0% used [0x00000000d5a80000,0x00000000d5a80000,0x00000000d5b00000)
 ParOldGen       total 408064K, used 407853K [0x0000000080000000, 0x0000000098e80000, 0x00000000d5580000)
  object space 408064K, 99% used [0x0000000080000000,0x0000000098e4b650,0x0000000098e80000)
 Metaspace       used 84726K, committed 86400K, reserved 1179648K
  class space    used 8965K, committed 9728K, reserved 1048576K
}
Event: 48.220 GC heap after
{Heap after GC invocations=866 (full 4):
 PSYoungGen      total 4608K, used 512K [0x00000000d5580000, 0x00000000d5b80000, 0x0000000100000000)
  eden space 4096K, 0% used [0x00000000d5580000,0x00000000d5580000,0x00000000d5980000)
  from space 512K, 100% used [0x00000000d5a80000,0x00000000d5b00000,0x00000000d5b00000)
  to   space 512K, 0% used [0x00000000d5b00000,0x00000000d5b00000,0x00000000d5b80000)
 ParOldGen       total 408576K, used 408125K [0x0000000080000000, 0x0000000098f00000, 0x00000000d5580000)
  object space 408576K, 99% used [0x0000000080000000,0x0000000098e8f650,0x0000000098f00000)
 Metaspace       used 84726K, committed 86400K, reserved 1179648K
  class space    used 8965K, committed 9728K, reserved 1048576K
}
Event: 48.229 GC heap before
{Heap before GC invocations=867 (full 4):
 PSYoungGen      total 4608K, used 4608K [0x00000000d5580000, 0x00000000d5b80000, 0x0000000100000000)
  eden space 4096K, 100% used [0x00000000d5580000,0x00000000d5980000,0x00000000d5980000)
  from space 512K, 100% used [0x00000000d5a80000,0x00000000d5b00000,0x00000000d5b00000)
  to   space 512K, 0% used [0x00000000d5b00000,0x00000000d5b00000,0x00000000d5b80000)
 ParOldGen       total 408576K, used 408125K [0x0000000080000000, 0x0000000098f00000, 0x00000000d5580000)
  object space 408576K, 99% used [0x0000000080000000,0x0000000098e8f650,0x0000000098f00000)
 Metaspace       used 84726K, committed 86400K, reserved 1179648K
  class space    used 8965K, committed 9728K, reserved 1048576K
}

Dll operation events (12 events):
Event: 0.016 Loaded shared library c:\Users\Tam\.vscode\extensions\redhat.java-1.54.0-win32-x64\jre\21.0.10-win32-x86_64\bin\java.dll
Event: 0.094 Loaded shared library c:\Users\Tam\.vscode\extensions\redhat.java-1.54.0-win32-x64\jre\21.0.10-win32-x86_64\bin\zip.dll
Event: 0.115 Loaded shared library C:\Users\Tam\.vscode\extensions\redhat.java-1.54.0-win32-x64\jre\21.0.10-win32-x86_64\bin\instrument.dll
Event: 0.121 Loaded shared library C:\Users\Tam\.vscode\extensions\redhat.java-1.54.0-win32-x64\jre\21.0.10-win32-x86_64\bin\net.dll
Event: 0.124 Loaded shared library C:\Users\Tam\.vscode\extensions\redhat.java-1.54.0-win32-x64\jre\21.0.10-win32-x86_64\bin\nio.dll
Event: 0.129 Loaded shared library C:\Users\Tam\.vscode\extensions\redhat.java-1.54.0-win32-x64\jre\21.0.10-win32-x86_64\bin\zip.dll
Event: 0.150 Loaded shared library C:\Users\Tam\.vscode\extensions\redhat.java-1.54.0-win32-x64\jre\21.0.10-win32-x86_64\bin\jimage.dll
Event: 0.243 Loaded shared library c:\Users\Tam\.vscode\extensions\redhat.java-1.54.0-win32-x64\jre\21.0.10-win32-x86_64\bin\verify.dll
Event: 1.418 Loaded shared library C:\Users\Tam\AppData\Roaming\Code\User\globalStorage\redhat.java\1.54.0\config_win\org.eclipse.equinox.launcher\org.eclipse.equinox.launcher.win32.win32.x86_64_1.3.0.v20260203-2149\eclipse_11919.dll
Event: 4.872 Loaded shared library C:\Users\Tam\AppData\Local\Temp\jna-83840\jna15802736873406300122.dll
Event: 7.397 Loaded shared library C:\Users\Tam\.vscode\extensions\redhat.java-1.54.0-win32-x64\jre\21.0.10-win32-x86_64\bin\sunmscapi.dll
Event: 7.718 Loaded shared library C:\Users\Tam\.vscode\extensions\redhat.java-1.54.0-win32-x64\jre\21.0.10-win32-x86_64\bin\extnet.dll

Deoptimization events (20 events):
Event: 47.887 Thread 0x000001c274c56160 DEOPT PACKING pc=0x000001c262c96868 sp=0x00000017502fd650
Event: 47.887 Thread 0x000001c274c56160 DEOPT UNPACKING pc=0x000001c261976da2 sp=0x00000017502fd5a0 mode 2
Event: 47.887 Thread 0x000001c274c56160 Uncommon trap: trap_request=0xffffffbe fr.pc=0x000001c262c96868 relative=0x0000000000000e48
Event: 47.887 Thread 0x000001c274c56160 Uncommon trap: reason=profile_predicate action=maybe_recompile pc=0x000001c262c96868 method=java.lang.StringLatin1.replace([BI[BI[BI)Ljava/lang/String; @ 180 c2
Event: 47.887 Thread 0x000001c274c56160 DEOPT PACKING pc=0x000001c262c96868 sp=0x00000017502fd650
Event: 47.888 Thread 0x000001c274c56160 DEOPT UNPACKING pc=0x000001c261976da2 sp=0x00000017502fd5a0 mode 2
Event: 47.901 Thread 0x000001c274c56160 DEOPT PACKING pc=0x000001c25c54f2c5 sp=0x00000017502fd200
Event: 47.901 Thread 0x000001c274c56160 DEOPT UNPACKING pc=0x000001c2619778e2 sp=0x00000017502fc818 mode 0
Event: 47.922 Thread 0x000001c274c56160 Uncommon trap: trap_request=0xffffffbe fr.pc=0x000001c262c96868 relative=0x0000000000000e48
Event: 47.922 Thread 0x000001c274c56160 Uncommon trap: reason=profile_predicate action=maybe_recompile pc=0x000001c262c96868 method=java.lang.StringLatin1.replace([BI[BI[BI)Ljava/lang/String; @ 180 c2
Event: 47.922 Thread 0x000001c274c56160 DEOPT PACKING pc=0x000001c262c96868 sp=0x00000017502fd650
Event: 47.922 Thread 0x000001c274c56160 DEOPT UNPACKING pc=0x000001c261976da2 sp=0x00000017502fd5a0 mode 2
Event: 47.952 Thread 0x000001c274c56160 DEOPT PACKING pc=0x000001c25bd89a22 sp=0x00000017502fd120
Event: 47.952 Thread 0x000001c274c56160 DEOPT UNPACKING pc=0x000001c2619778e2 sp=0x00000017502fc5e0 mode 0
Event: 48.027 Thread 0x000001c274c56160 DEOPT PACKING pc=0x000001c25c54f0ee sp=0x00000017502fd200
Event: 48.027 Thread 0x000001c274c56160 DEOPT UNPACKING pc=0x000001c2619778e2 sp=0x00000017502fc818 mode 0
Event: 48.112 Thread 0x000001c274c56160 DEOPT PACKING pc=0x000001c25c54f2c5 sp=0x00000017502fcbf0
Event: 48.112 Thread 0x000001c274c56160 DEOPT UNPACKING pc=0x000001c2619778e2 sp=0x00000017502fc208 mode 0
Event: 48.206 Thread 0x000001c274c56160 DEOPT PACKING pc=0x000001c25c54f2c5 sp=0x00000017502fbf50
Event: 48.206 Thread 0x000001c274c56160 DEOPT UNPACKING pc=0x000001c2619778e2 sp=0x00000017502fb568 mode 0

Classes loaded (20 events):
Event: 37.605 Loading class java/util/stream/ReferencePipeline$15$1
Event: 37.605 Loading class java/util/stream/ReferencePipeline$15$1 done
Event: 38.125 Loading class java/util/regex/Pattern$UnixDollar
Event: 38.126 Loading class java/util/regex/Pattern$UnixDollar done
Event: 38.968 Loading class java/security/DigestOutputStream
Event: 38.968 Loading class java/security/DigestOutputStream done
Event: 39.250 Loading class java/nio/file/attribute/PosixFileAttributeView
Event: 39.250 Loading class java/nio/file/attribute/PosixFileAttributeView done
Event: 39.299 Loading class java/nio/file/DirectoryIteratorException
Event: 39.299 Loading class java/nio/file/DirectoryIteratorException done
Event: 42.342 Loading class java/nio/file/FileTreeIterator
Event: 42.342 Loading class java/nio/file/FileTreeIterator done
Event: 44.406 Loading class jdk/internal/module/IllegalAccessLogger
Event: 44.406 Loading class jdk/internal/module/IllegalAccessLogger done
Event: 46.772 Loading class java/lang/StringUTF16$LinesSpliterator
Event: 46.774 Loading class java/lang/StringUTF16$LinesSpliterator done
Event: 46.785 Loading class java/lang/CharacterData01
Event: 46.787 Loading class java/lang/CharacterData01 done
Event: 47.666 Loading class jdk/internal/module/IllegalAccessLogger
Event: 47.666 Loading class jdk/internal/module/IllegalAccessLogger done

Classes unloaded (11 events):
Event: 5.429 Thread 0x000001c257291a40 Unloading class 0x000001c2011a4000 'java/lang/invoke/LambdaForm$MH+0x000001c2011a4000'
Event: 5.429 Thread 0x000001c257291a40 Unloading class 0x000001c2011a3c00 'java/lang/invoke/LambdaForm$MH+0x000001c2011a3c00'
Event: 5.429 Thread 0x000001c257291a40 Unloading class 0x000001c2011a3800 'java/lang/invoke/LambdaForm$MH+0x000001c2011a3800'
Event: 5.429 Thread 0x000001c257291a40 Unloading class 0x000001c2011a3400 'java/lang/invoke/LambdaForm$MH+0x000001c2011a3400'
Event: 5.429 Thread 0x000001c257291a40 Unloading class 0x000001c2011a3000 'java/lang/invoke/LambdaForm$BMH+0x000001c2011a3000'
Event: 5.429 Thread 0x000001c257291a40 Unloading class 0x000001c2011a2c00 'java/lang/invoke/LambdaForm$DMH+0x000001c2011a2c00'
Event: 5.429 Thread 0x000001c257291a40 Unloading class 0x000001c2011a1800 'java/lang/invoke/LambdaForm$DMH+0x000001c2011a1800'
Event: 25.234 Thread 0x000001c257291a40 Unloading class 0x000001c20178c400 'java/lang/invoke/LambdaForm$DMH+0x000001c20178c400'
Event: 25.234 Thread 0x000001c257291a40 Unloading class 0x000001c20178c000 'java/lang/invoke/LambdaForm$DMH+0x000001c20178c000'
Event: 25.234 Thread 0x000001c257291a40 Unloading class 0x000001c201781c00 'java/lang/invoke/LambdaForm$DMH+0x000001c201781c00'
Event: 25.234 Thread 0x000001c257291a40 Unloading class 0x000001c201781800 'java/lang/invoke/LambdaForm$DMH+0x000001c201781800'

Classes redefined (0 events):
No events

Internal exceptions (20 events):
Event: 45.681 Thread 0x000001c274c56160 Exception <a 'java/lang/ClassNotFoundException'{0x00000000d567d3c8}: org/mapstruct/ap/internal/model/common/ParameterBindingBeanInfo> (0x00000000d567d3c8) 
thrown [s\src\hotspot\share\classfile\systemDictionary.cpp, line 312]
Event: 45.681 Thread 0x000001c274c56160 Exception <a 'java/lang/ClassNotFoundException'{0x00000000d5688fc0}: org/mapstruct/ap/internal/model/common/ParameterBindingCustomizer> (0x00000000d5688fc0) 
thrown [s\src\hotspot\share\classfile\systemDictionary.cpp, line 312]
Event: 46.012 Thread 0x000001c278c9e010 Implicit null exception at 0x000001c262be3151 to 0x000001c262be36b0
Event: 46.774 Thread 0x000001c278c9e010 Exception <a 'java/lang/NoSuchMethodError'{0x00000000d55aafb0}: 'java.lang.Object java.lang.invoke.DirectMethodHandle$Holder.invokeStatic(java.lang.Object, int, java.lang.Object)'> (0x00000000d55aafb0) 
thrown [s\src\hotspot\share\interpreter\linkResolver.cpp, line 773]
Event: 47.166 Thread 0x000001c27576f3c0 Exception <a 'sun/nio/fs/WindowsException'{0x00000000d56b2c10}> (0x00000000d56b2c10) 
thrown [s\src\hotspot\share\prims\jni.cpp, line 520]
Event: 47.194 Thread 0x000001c278c9e010 Exception <a 'java/lang/NoSuchMethodError'{0x00000000d56dcdd0}: 'java.lang.Object java.lang.invoke.DirectMethodHandle$Holder.newInvokeSpecial(java.lang.Object, int, java.lang.Object, java.lang.Object, java.lang.Object)'> (0x00000000d56dcdd0) 
thrown [s\src\hotspot\share\interpreter\linkResolver.cpp, line 773]
Event: 47.365 Thread 0x000001c274c56160 Exception <a 'sun/nio/fs/WindowsException'{0x00000000d55f8ca0}> (0x00000000d55f8ca0) 
thrown [s\src\hotspot\share\prims\jni.cpp, line 520]
Event: 47.365 Thread 0x000001c275a7e150 Exception <a 'sun/nio/fs/WindowsException'{0x00000000d55faa70}> (0x00000000d55faa70) 
thrown [s\src\hotspot\share\prims\jni.cpp, line 520]
Event: 47.365 Thread 0x000001c275a7e150 Exception <a 'sun/nio/fs/WindowsException'{0x00000000d55fbe78}> (0x00000000d55fbe78) 
thrown [s\src\hotspot\share\prims\jni.cpp, line 520]
Event: 47.367 Thread 0x000001c275a7e150 Exception <a 'sun/nio/fs/WindowsException'{0x00000000d55fd2d8}> (0x00000000d55fd2d8) 
thrown [s\src\hotspot\share\prims\jni.cpp, line 520]
Event: 47.680 Thread 0x000001c274c56160 Exception <a 'sun/nio/fs/WindowsException'{0x00000000d55ecc68}> (0x00000000d55ecc68) 
thrown [s\src\hotspot\share\prims\jni.cpp, line 520]
Event: 47.682 Thread 0x000001c274c56160 Exception <a 'sun/nio/fs/WindowsException'{0x00000000d55ed4b8}> (0x00000000d55ed4b8) 
thrown [s\src\hotspot\share\prims\jni.cpp, line 520]
Event: 47.683 Thread 0x000001c274c56160 Exception <a 'sun/nio/fs/WindowsException'{0x00000000d55ee780}> (0x00000000d55ee780) 
thrown [s\src\hotspot\share\prims\jni.cpp, line 520]
Event: 47.683 Thread 0x000001c274c56160 Exception <a 'sun/nio/fs/WindowsException'{0x00000000d55eedb0}> (0x00000000d55eedb0) 
thrown [s\src\hotspot\share\prims\jni.cpp, line 520]
Event: 47.684 Thread 0x000001c274c56160 Exception <a 'sun/nio/fs/WindowsException'{0x00000000d55efc30}> (0x00000000d55efc30) 
thrown [s\src\hotspot\share\prims\jni.cpp, line 520]
Event: 47.684 Thread 0x000001c274c56160 Exception <a 'sun/nio/fs/WindowsException'{0x00000000d55f0280}> (0x00000000d55f0280) 
thrown [s\src\hotspot\share\prims\jni.cpp, line 520]
Event: 47.685 Thread 0x000001c274c56160 Exception <a 'sun/nio/fs/WindowsException'{0x00000000d55f1248}> (0x00000000d55f1248) 
thrown [s\src\hotspot\share\prims\jni.cpp, line 520]
Event: 47.685 Thread 0x000001c274c56160 Exception <a 'sun/nio/fs/WindowsException'{0x00000000d55f1898}> (0x00000000d55f1898) 
thrown [s\src\hotspot\share\prims\jni.cpp, line 520]
Event: 47.685 Thread 0x000001c274c56160 Exception <a 'sun/nio/fs/WindowsException'{0x00000000d55f2330}> (0x00000000d55f2330) 
thrown [s\src\hotspot\share\prims\jni.cpp, line 520]
Event: 47.685 Thread 0x000001c274c56160 Exception <a 'sun/nio/fs/WindowsException'{0x00000000d55f3618}> (0x00000000d55f3618) 
thrown [s\src\hotspot\share\prims\jni.cpp, line 520]

ZGC Phase Switch (0 events):
No events

VM Operations (20 events):
Event: 47.864 Executing safepoint VM operation: ParallelGCFailedAllocation (Allocation Failure) done
Event: 47.909 Executing safepoint VM operation: ParallelGCFailedAllocation (Allocation Failure)
Event: 47.914 Executing safepoint VM operation: ParallelGCFailedAllocation (Allocation Failure) done
Event: 47.934 Executing safepoint VM operation: ParallelGCFailedAllocation (Allocation Failure)
Event: 47.939 Executing safepoint VM operation: ParallelGCFailedAllocation (Allocation Failure) done
Event: 47.970 Executing safepoint VM operation: ParallelGCFailedAllocation (Allocation Failure)
Event: 47.988 Executing safepoint VM operation: ParallelGCFailedAllocation (Allocation Failure) done
Event: 48.028 Executing safepoint VM operation: ParallelGCFailedAllocation (Allocation Failure)
Event: 48.033 Executing safepoint VM operation: ParallelGCFailedAllocation (Allocation Failure) done
Event: 48.066 Executing safepoint VM operation: ParallelGCFailedAllocation (Allocation Failure)
Event: 48.069 Executing safepoint VM operation: ParallelGCFailedAllocation (Allocation Failure) done
Event: 48.102 Executing safepoint VM operation: ParallelGCFailedAllocation (Allocation Failure)
Event: 48.105 Executing safepoint VM operation: ParallelGCFailedAllocation (Allocation Failure) done
Event: 48.146 Executing safepoint VM operation: ParallelGCFailedAllocation (Allocation Failure)
Event: 48.148 Executing safepoint VM operation: ParallelGCFailedAllocation (Allocation Failure) done
Event: 48.188 Executing safepoint VM operation: ParallelGCFailedAllocation (Allocation Failure)
Event: 48.190 Executing safepoint VM operation: ParallelGCFailedAllocation (Allocation Failure) done
Event: 48.219 Executing safepoint VM operation: ParallelGCFailedAllocation (Allocation Failure)
Event: 48.220 Executing safepoint VM operation: ParallelGCFailedAllocation (Allocation Failure) done
Event: 48.229 Executing safepoint VM operation: ParallelGCFailedAllocation (Allocation Failure)

Memory protections (0 events):
No events

Nmethod flushes (20 events):
Event: 25.265 Thread 0x000001c257291a40 flushing  nmethod 0x000001c25b3ea090
Event: 25.265 Thread 0x000001c257291a40 flushing  nmethod 0x000001c25b3ebc10
Event: 25.265 Thread 0x000001c257291a40 flushing  nmethod 0x000001c25b3f0010
Event: 25.265 Thread 0x000001c257291a40 flushing osr nmethod 0x000001c25b3f1590
Event: 25.265 Thread 0x000001c257291a40 flushing  nmethod 0x000001c25b401190
Event: 25.265 Thread 0x000001c257291a40 flushing  nmethod 0x000001c25b403890
Event: 25.265 Thread 0x000001c257291a40 flushing  nmethod 0x000001c25b407290
Event: 25.265 Thread 0x000001c257291a40 flushing  nmethod 0x000001c25b41b010
Event: 25.265 Thread 0x000001c257291a40 flushing  nmethod 0x000001c25b41f610
Event: 25.265 Thread 0x000001c257291a40 flushing  nmethod 0x000001c25b422b10
Event: 25.265 Thread 0x000001c257291a40 flushing  nmethod 0x000001c25b42a190
Event: 25.265 Thread 0x000001c257291a40 flushing  nmethod 0x000001c25b434990
Event: 25.265 Thread 0x000001c257291a40 flushing  nmethod 0x000001c25b435010
Event: 25.265 Thread 0x000001c257291a40 flushing  nmethod 0x000001c25b447090
Event: 25.265 Thread 0x000001c257291a40 flushing  nmethod 0x000001c25b44bd10
Event: 25.265 Thread 0x000001c257291a40 flushing  nmethod 0x000001c25b47ca10
Event: 25.265 Thread 0x000001c257291a40 flushing  nmethod 0x000001c25b47d810
Event: 25.265 Thread 0x000001c257291a40 flushing  nmethod 0x000001c25b47dd90
Event: 25.265 Thread 0x000001c257291a40 flushing  nmethod 0x000001c25b47ea10
Event: 25.265 Thread 0x000001c257291a40 flushing  nmethod 0x000001c25b496790

Events (20 events):
Event: 38.133 Thread 0x000001c274c56160 Thread added: 0x000001c274d14160
Event: 38.168 Thread 0x000001c274d14160 Thread exited: 0x000001c274d14160
Event: 38.168 Thread 0x000001c274d16230 Thread exited: 0x000001c274d16230
Event: 38.168 Thread 0x000001c274d168c0 Thread exited: 0x000001c274d168c0
Event: 38.168 Thread 0x000001c275770770 Thread exited: 0x000001c275770770
Event: 38.168 Thread 0x000001c274d14e80 Thread exited: 0x000001c274d14e80
Event: 39.276 Thread 0x000001c2572ac110 Thread added: 0x000001c2759957d0
Event: 39.278 Thread 0x000001c2572ac110 Thread added: 0x000001c275995ea0
Event: 39.660 Thread 0x000001c275995ea0 Thread exited: 0x000001c275995ea0
Event: 39.660 Thread 0x000001c2759957d0 Thread exited: 0x000001c2759957d0
Event: 42.362 Thread 0x000001c26ef68930 Thread added: 0x000001c2518e5730
Event: 42.422 Thread 0x000001c26ef68930 Thread added: 0x000001c27bc5e6a0
Event: 43.242 Thread 0x000001c2518e5730 Thread exited: 0x000001c2518e5730
Event: 43.242 Thread 0x000001c27bc5e6a0 Thread exited: 0x000001c27bc5e6a0
Event: 43.416 Thread 0x000001c26ef68930 Thread added: 0x000001c27cbb5fc0
Event: 43.602 Thread 0x000001c26ef68930 Thread added: 0x000001c27cbb6690
Event: 47.657 Thread 0x000001c27cbb6690 Thread exited: 0x000001c27cbb6690
Event: 47.657 Thread 0x000001c27cbb5fc0 Thread exited: 0x000001c27cbb5fc0
Event: 47.723 Thread 0x000001c26ef68930 Thread added: 0x000001c277d9b710
Event: 48.088 Thread 0x000001c26ef68930 Thread added: 0x000001c27963c8a0


Dynamic libraries:
0x00007ff6459d0000 - 0x00007ff6459de000 	c:\Users\Tam\.vscode\extensions\redhat.java-1.54.0-win32-x64\jre\21.0.10-win32-x86_64\bin\java.exe
0x00007ffe06160000 - 0x00007ffe063c7000 	C:\WINDOWS\SYSTEM32\ntdll.dll
0x00007ffe05bb0000 - 0x00007ffe05c79000 	C:\WINDOWS\System32\KERNEL32.DLL
0x00007ffe02cd0000 - 0x00007ffe030c4000 	C:\WINDOWS\System32\KERNELBASE.dll
0x00007ffe03b70000 - 0x00007ffe03cbb000 	C:\WINDOWS\System32\ucrtbase.dll
0x00007ffde06c0000 - 0x00007ffde06de000 	c:\Users\Tam\.vscode\extensions\redhat.java-1.54.0-win32-x64\jre\21.0.10-win32-x86_64\bin\VCRUNTIME140.dll
0x00007ffde06e0000 - 0x00007ffde06f8000 	c:\Users\Tam\.vscode\extensions\redhat.java-1.54.0-win32-x64\jre\21.0.10-win32-x86_64\bin\jli.dll
0x00007ffe05860000 - 0x00007ffe05a25000 	C:\WINDOWS\System32\USER32.dll
0x00007ffde9490000 - 0x00007ffde9723000 	C:\WINDOWS\WinSxS\amd64_microsoft.windows.common-controls_6595b64144ccf1df_6.0.26100.8115_none_3e075c82e3354f9c\COMCTL32.dll
0x00007ffe02ca0000 - 0x00007ffe02cc7000 	C:\WINDOWS\System32\win32u.dll
0x00007ffe05650000 - 0x00007ffe056f9000 	C:\WINDOWS\System32\msvcrt.dll
0x00007ffe05e10000 - 0x00007ffe05e3b000 	C:\WINDOWS\System32\GDI32.dll
0x00007ffe02ae0000 - 0x00007ffe02c0b000 	C:\WINDOWS\System32\gdi32full.dll
0x00007ffe03ac0000 - 0x00007ffe03b63000 	C:\WINDOWS\System32\msvcp_win.dll
0x00007ffe060e0000 - 0x00007ffe06112000 	C:\WINDOWS\System32\IMM32.DLL
0x00007ffdf7ab0000 - 0x00007ffdf7abc000 	c:\Users\Tam\.vscode\extensions\redhat.java-1.54.0-win32-x64\jre\21.0.10-win32-x86_64\bin\vcruntime140_1.dll
0x00007ffdcc7a0000 - 0x00007ffdcc82d000 	c:\Users\Tam\.vscode\extensions\redhat.java-1.54.0-win32-x64\jre\21.0.10-win32-x86_64\bin\msvcp140.dll
0x00007ffd449f0000 - 0x00007ffd45791000 	c:\Users\Tam\.vscode\extensions\redhat.java-1.54.0-win32-x64\jre\21.0.10-win32-x86_64\bin\server\jvm.dll
0x00007ffe046c0000 - 0x00007ffe04776000 	C:\WINDOWS\System32\ADVAPI32.dll
0x00007ffe04350000 - 0x00007ffe043f7000 	C:\WINDOWS\System32\sechost.dll
0x00007ffe05c90000 - 0x00007ffe05da8000 	C:\WINDOWS\System32\RPCRT4.dll
0x00007ffe04790000 - 0x00007ffe04810000 	C:\WINDOWS\System32\WS2_32.dll
0x00007ffded580000 - 0x00007ffded5b6000 	C:\WINDOWS\SYSTEM32\WINMM.dll
0x00007ffdf9720000 - 0x00007ffdf972b000 	C:\WINDOWS\SYSTEM32\VERSION.dll
0x00007ffe01630000 - 0x00007ffe0168e000 	C:\WINDOWS\SYSTEM32\POWRPROF.dll
0x00007ffe01610000 - 0x00007ffe01624000 	C:\WINDOWS\SYSTEM32\UMPDC.dll
0x00007ffe018e0000 - 0x00007ffe018fb000 	C:\WINDOWS\SYSTEM32\kernel.appcore.dll
0x00007ffde5a00000 - 0x00007ffde5a0a000 	c:\Users\Tam\.vscode\extensions\redhat.java-1.54.0-win32-x64\jre\21.0.10-win32-x86_64\bin\jimage.dll
0x00007ffe00960000 - 0x00007ffe00ba2000 	C:\WINDOWS\SYSTEM32\DBGHELP.DLL
0x00007ffe03ef0000 - 0x00007ffe04272000 	C:\WINDOWS\System32\combase.dll
0x00007ffe045e0000 - 0x00007ffe046b8000 	C:\WINDOWS\System32\OLEAUT32.dll
0x00007ffde8fc0000 - 0x00007ffde8ffb000 	C:\WINDOWS\SYSTEM32\dbgcore.DLL
0x00007ffe02a30000 - 0x00007ffe02ad5000 	C:\WINDOWS\System32\bcryptPrimitives.dll
0x00007ffdf8830000 - 0x00007ffdf883f000 	c:\Users\Tam\.vscode\extensions\redhat.java-1.54.0-win32-x64\jre\21.0.10-win32-x86_64\bin\instrument.dll
0x00007ffde0650000 - 0x00007ffde0670000 	c:\Users\Tam\.vscode\extensions\redhat.java-1.54.0-win32-x64\jre\21.0.10-win32-x86_64\bin\java.dll
0x00007ffe048a0000 - 0x00007ffe05007000 	C:\WINDOWS\System32\SHELL32.dll
0x00007ffe03cc0000 - 0x00007ffe03e2a000 	C:\WINDOWS\System32\wintypes.dll
0x00007ffe030d0000 - 0x00007ffe03938000 	C:\WINDOWS\System32\windows.storage.dll
0x00007ffe05fe0000 - 0x00007ffe060d8000 	C:\WINDOWS\System32\SHCORE.dll
0x00007ffe05760000 - 0x00007ffe057c6000 	C:\WINDOWS\System32\shlwapi.dll
0x00007ffe02950000 - 0x00007ffe02979000 	C:\WINDOWS\SYSTEM32\profapi.dll
0x00007ffdcf9a0000 - 0x00007ffdcf9b8000 	c:\Users\Tam\.vscode\extensions\redhat.java-1.54.0-win32-x64\jre\21.0.10-win32-x86_64\bin\zip.dll
0x00007ffdf8820000 - 0x00007ffdf8830000 	C:\Users\Tam\.vscode\extensions\redhat.java-1.54.0-win32-x64\jre\21.0.10-win32-x86_64\bin\net.dll
0x00007ffdf8b10000 - 0x00007ffdf8c3d000 	C:\WINDOWS\SYSTEM32\WINHTTP.dll
0x00007ffe01e50000 - 0x00007ffe01ebc000 	C:\WINDOWS\system32\mswsock.dll
0x00007ffde5d60000 - 0x00007ffde5d76000 	C:\Users\Tam\.vscode\extensions\redhat.java-1.54.0-win32-x64\jre\21.0.10-win32-x86_64\bin\nio.dll
0x00007ffdf8800000 - 0x00007ffdf8810000 	c:\Users\Tam\.vscode\extensions\redhat.java-1.54.0-win32-x64\jre\21.0.10-win32-x86_64\bin\verify.dll
0x00007ffde0040000 - 0x00007ffde0085000 	C:\Users\Tam\AppData\Roaming\Code\User\globalStorage\redhat.java\1.54.0\config_win\org.eclipse.equinox.launcher\org.eclipse.equinox.launcher.win32.win32.x86_64_1.3.0.v20260203-2149\eclipse_11919.dll
0x00007ffe05e40000 - 0x00007ffe05fd7000 	C:\WINDOWS\System32\ole32.dll
0x00007ffe02130000 - 0x00007ffe0214b000 	C:\WINDOWS\SYSTEM32\CRYPTSP.dll
0x00007ffe01840000 - 0x00007ffe01879000 	C:\WINDOWS\system32\rsaenh.dll
0x00007ffe01f00000 - 0x00007ffe01f33000 	C:\WINDOWS\SYSTEM32\USERENV.dll
0x00007ffe02920000 - 0x00007ffe0294a000 	C:\WINDOWS\SYSTEM32\bcrypt.dll
0x00007ffe02150000 - 0x00007ffe0215c000 	C:\WINDOWS\SYSTEM32\CRYPTBASE.dll
0x00007ffe01200000 - 0x00007ffe01232000 	C:\WINDOWS\SYSTEM32\IPHLPAPI.DLL
0x00007ffe05750000 - 0x00007ffe0575a000 	C:\WINDOWS\System32\NSI.dll
0x00007ffddd220000 - 0x00007ffddd269000 	C:\Users\Tam\AppData\Local\Temp\jna-83840\jna15802736873406300122.dll
0x00007ffe04340000 - 0x00007ffe04348000 	C:\WINDOWS\System32\PSAPI.DLL
0x00007ffdf8670000 - 0x00007ffdf868d000 	C:\WINDOWS\SYSTEM32\dhcpcsvc6.DLL
0x00007ffdf8590000 - 0x00007ffdf85b5000 	C:\WINDOWS\SYSTEM32\dhcpcsvc.DLL
0x00007ffdf8770000 - 0x00007ffdf877e000 	C:\Users\Tam\.vscode\extensions\redhat.java-1.54.0-win32-x64\jre\21.0.10-win32-x86_64\bin\sunmscapi.dll
0x00007ffe03940000 - 0x00007ffe03ab7000 	C:\WINDOWS\System32\CRYPT32.dll
0x00007ffe02350000 - 0x00007ffe02380000 	C:\WINDOWS\SYSTEM32\ncrypt.dll
0x00007ffe02300000 - 0x00007ffe0233f000 	C:\WINDOWS\SYSTEM32\NTASN1.dll
0x00007ffe012f0000 - 0x00007ffe01422000 	C:\WINDOWS\SYSTEM32\DNSAPI.dll
0x00007ffdf9770000 - 0x00007ffdf977b000 	C:\Windows\System32\rasadhlp.dll
0x00007ffdf7820000 - 0x00007ffdf78a6000 	C:\WINDOWS\System32\fwpuclnt.dll
0x00007ffde5d50000 - 0x00007ffde5d59000 	C:\Users\Tam\.vscode\extensions\redhat.java-1.54.0-win32-x64\jre\21.0.10-win32-x86_64\bin\extnet.dll
0x00007ffe01a00000 - 0x00007ffe01a36000 	C:\WINDOWS\SYSTEM32\ntmarta.dll

JVMTI agents:
c:\Users\Tam\.vscode\extensions\redhat.java-1.54.0-win32-x64\lombok\lombok-1.18.39-4050.jar path:c:\Users\Tam\.vscode\extensions\redhat.java-1.54.0-win32-x64\jre\21.0.10-win32-x86_64\bin\instrument.dll, loaded, initialized, instrumentlib options:none

dbghelp: loaded successfully - version: 4.0.5 - missing functions: none
symbol engine: initialized successfully - sym options: 0x614 - pdb path: .;c:\Users\Tam\.vscode\extensions\redhat.java-1.54.0-win32-x64\jre\21.0.10-win32-x86_64\bin;C:\WINDOWS\SYSTEM32;C:\WINDOWS\WinSxS\amd64_microsoft.windows.common-controls_6595b64144ccf1df_6.0.26100.8115_none_3e075c82e3354f9c;c:\Users\Tam\.vscode\extensions\redhat.java-1.54.0-win32-x64\jre\21.0.10-win32-x86_64\bin\server;C:\Users\Tam\AppData\Roaming\Code\User\globalStorage\redhat.java\1.54.0\config_win\org.eclipse.equinox.launcher\org.eclipse.equinox.launcher.win32.win32.x86_64_1.3.0.v20260203-2149;C:\Users\Tam\AppData\Local\Temp\jna-83840

VM Arguments:
jvm_args: --add-modules=ALL-SYSTEM --add-opens=java.base/java.util=ALL-UNNAMED --add-opens=java.base/java.lang=ALL-UNNAMED --add-opens=java.base/sun.nio.fs=ALL-UNNAMED -Declipse.application=org.eclipse.jdt.ls.core.id1 -Dosgi.bundles.defaultStartLevel=4 -Declipse.product=org.eclipse.jdt.ls.core.product -Djava.import.generatesMetadataFilesAtProjectRoot=false -DDetectVMInstallationsJob.disabled=true -Dfile.encoding=utf8 -XX:+UseParallelGC -XX:GCTimeRatio=4 -XX:AdaptiveSizePolicyWeight=90 -Dsun.zip.disableMemoryMapping=true -Xmx2G -Xms100m -Xlog:disable -javaagent:c:\Users\Tam\.vscode\extensions\redhat.java-1.54.0-win32-x64\lombok\lombok-1.18.39-4050.jar -XX:+HeapDumpOnOutOfMemoryError -XX:HeapDumpPath=c:\Users\Tam\AppData\Roaming\Code\User\workspaceStorage\1d7532827261c6b6800ebf5311da248f\redhat.java -Daether.dependencyCollector.impl=bf 
java_command: c:\Users\Tam\.vscode\extensions\redhat.java-1.54.0-win32-x64\server\plugins\org.eclipse.equinox.launcher_1.7.100.v20251111-0406.jar -configuration c:\Users\Tam\AppData\Roaming\Code\User\globalStorage\redhat.java\1.54.0\config_win -data c:\Users\Tam\AppData\Roaming\Code\User\workspaceStorage\1d7532827261c6b6800ebf5311da248f\redhat.java\jdt_ws --pipe=\\.\pipe\lsp-e9e510377bbf2d282afaaef8689b4382-sock
java_class_path (initial): c:\Users\Tam\.vscode\extensions\redhat.java-1.54.0-win32-x64\server\plugins\org.eclipse.equinox.launcher_1.7.100.v20251111-0406.jar
Launcher Type: SUN_STANDARD

[Global flags]
    uintx AdaptiveSizePolicyWeight                 = 90                                        {product} {command line}
     intx CICompilerCount                          = 4                                         {product} {ergonomic}
    uintx GCTimeRatio                              = 4                                         {product} {command line}
     bool HeapDumpOnOutOfMemoryError               = true                                   {manageable} {command line}
    ccstr HeapDumpPath                             = c:\Users\Tam\AppData\Roaming\Code\User\workspaceStorage\1d7532827261c6b6800ebf5311da248f\redhat.java         {manageable} {command line}
   size_t InitialHeapSize                          = 104857600                                 {product} {command line}
   size_t MaxHeapSize                              = 2147483648                                {product} {command line}
   size_t MaxNewSize                               = 715653120                                 {product} {ergonomic}
   size_t MinHeapDeltaBytes                        = 524288                                    {product} {ergonomic}
   size_t MinHeapSize                              = 104857600                                 {product} {command line}
   size_t NewSize                                  = 34603008                                  {product} {ergonomic}
    uintx NonNMethodCodeHeapSize                   = 5839372                                {pd product} {ergonomic}
    uintx NonProfiledCodeHeapSize                  = 122909434                              {pd product} {ergonomic}
   size_t OldSize                                  = 70254592                                  {product} {ergonomic}
    uintx ProfiledCodeHeapSize                     = 122909434                              {pd product} {ergonomic}
    uintx ReservedCodeCacheSize                    = 251658240                              {pd product} {ergonomic}
     bool SegmentedCodeCache                       = true                                      {product} {ergonomic}
   size_t SoftMaxHeapSize                          = 2147483648                             {manageable} {ergonomic}
     bool UseCompressedOops                        = true                           {product lp64_product} {ergonomic}
     bool UseLargePagesIndividualAllocation        = false                                  {pd product} {ergonomic}
     bool UseParallelGC                            = true                                      {product} {command line}

Logging:
Log output configuration:
 #0: stdout all=off uptime,level,tags foldmultilines=false
 #1: stderr all=off uptime,level,tags foldmultilines=false

Release file:
JAVA_VERSION="21.0.10" 
MODULES="java.base java.compiler java.datatransfer java.xml java.prefs java.desktop java.instrument java.logging java.management java.security.sasl java.naming java.rmi java.management.rmi java.net.http java.scripting java.security.jgss java.transaction.xa java.sql java.sql.rowset java.xml.crypto java.se java.smartcardio jdk.accessibility jdk.internal.jvmstat jdk.attach jdk.charsets jdk.internal.opt jdk.zipfs jdk.compiler jdk.crypto.ec jdk.crypto.cryptoki jdk.crypto.mscapi jdk.dynalink jdk.internal.ed jdk.editpad jdk.hotspot.agent jdk.httpserver jdk.internal.le jdk.internal.vm.ci jdk.internal.vm.compiler jdk.internal.vm.compiler.management jdk.jartool jdk.javadoc jdk.jcmd jdk.management jdk.management.agent jdk.jconsole jdk.jdeps jdk.jdwp.agent jdk.jdi jdk.jfr jdk.jshell jdk.jsobject jdk.jstatd jdk.localedata jdk.management.jfr jdk.naming.dns jdk.naming.rmi jdk.net jdk.nio.mapmode jdk.random jdk.sctp jdk.security.auth jdk.security.jgss jdk.unsupported jdk.unsupported.desktop jdk.xml.dom" 

Environment Variables:
PATH=C:\Program Files\Microsoft VS Code;C:\oraclexe\app\oracle\product\11.2.0\server\bin;E:\bin\;C:\WINDOWS\system32;C:\WINDOWS;C:\WINDOWS\System32\Wbem;C:\WINDOWS\System32\WindowsPowerShell\v1.0\;C:\WINDOWS\System32\OpenSSH\;C:\Program Files\NVIDIA Corporation\NVIDIA NvDLISR;C:\Program Files\Microsoft VS Code\bin;D:\MinGW\bin;C:\WINDOWS\system32;C:\WINDOWS;C:\WINDOWS\System32\Wbem;C:\WINDOWS\System32\WindowsPowerShell\v1.0\;C:\WINDOWS\System32\OpenSSH\;C:\Program Files\Azure Data Studio\bin;C:\Program Files\Git\cmd;C:\Program Files\MongoDB\Server\6.0\bin\mongod.cfg;C:\Program Files\MongoDB\Tools\100\bin;C:\Program Files\Docker\Docker\resources\bin;C:\Users\Tam\AppData\Roaming\nvm;C:\Program Files\nodejs;C:\Program Files\Microsoft SQL Server\Client SDK\ODBC\170\Tools\Binn\;C:\Program Files (x86)\Microsoft SQL Server\150\Tools\Binn\;C:\Program Files\Microsoft SQL Server\150\Tools\Binn\;C:\Program Files\Microsoft SQL Server\150\DTS\Binn\;C:\Program Files (x86)\Microsoft SQL Server\160\DTS\Binn\;C:\Program Files\nodejs\;C:\Program Files (x86)\Windows Kits\10\Windows Performance Toolkit\;C:\Program Files\apache-maven-3.9.9\bin;C:\Program Files\Gradle\gradle-8.11.1\bin;C:\gradle-8.12;C:\Users\Tam\AppData\Local\Google\Cloud SDK\google-cloud-sdk\bin;C:\Program Files (x86)\NVIDIA Corporation\PhysX\Common;C:\Program Files\NVIDIA Corporation\NVIDIA App\NvDLISR;C:\Program Files\JetBrains\IntelliJ IDEA Ultimate 2023.3.1\bin;C:\Program Files\JetBrains\WebStorm 2024.1.3\bin;C:\Program Files\dotnet\;D:\AndroidStudioSDK\tools\bin;D:\AndroidStudioSDK\tools;D:\AndroidStudioSDK\emulator;D:\AndroidStudioSDK\platform-tools;D:\Redis\;C:\Program Files\MySQL\MySQL Shell 8.0\bin\;C:\Users\Tam\AppData\Local\Microsoft\WindowsApps;C:\Program Files\Azure Data Studio\bin;C:\Users\Tam\AppData\Local\Programs\mongosh\;C:\Program Files\MongoDB\Server\6.0\bin;C:\Users\Tam\AppData\Roaming\nvm;C:\Program Files\nodejs;C:\Program Files\JetBrains\WebStorm 2024.1.3\bin;C:\Users\Tam\AppData\Roaming\npm;C:\Program Files\MySQL\MySQL Server 8.0\bin;C:\Users\Tam\AppData\Local\Programs\Python\Launcher\;C:\Users\Tam\AppData\Local\Programs\Python\Python312;C:\Users\Tam\AppData\Local\Programs\Python\Python312\Scripts;C:\Program Files\Java\jdk-21\bin;D:\apache\apache-maven-3.9.9\bin;C:\Users\Tam\AppData\Local\Google\Cloud SDK\google-cloud-sdk\bin;C:\Program Files\PostgreSQL\17\bin;;C:\Users\Tam\AppData\Local\Microsoft\WindowsApps;C:\Users\Tam\.dotnet\tools;D:\JetBrains\IntelliJ IDEA 2025.3.3\bin
USERNAME=Tam
OS=Windows_NT
PROCESSOR_IDENTIFIER=Intel64 Family 6 Model 141 Stepping 1, GenuineIntel
TMP=C:\Users\Tam\AppData\Local\Temp
TEMP=C:\Users\Tam\AppData\Local\Temp




Periodic native trim disabled

---------------  S Y S T E M  ---------------

OS:
 Windows 11 , 64 bit Build 26100 (10.0.26100.8246)
OS uptime: 0 days 23:53 hours
Hyper-V role detected

CPU: total 12 (initial active 12) (6 cores per cpu, 2 threads per core) family 6 model 141 stepping 1 microcode 0x3c, cx8, cmov, fxsr, ht, mmx, 3dnowpref, sse, sse2, sse3, ssse3, sse4.1, sse4.2, popcnt, lzcnt, tsc, tscinvbit, avx, avx2, aes, erms, clmul, bmi1, bmi2, adx, avx512f, avx512dq, avx512cd, avx512bw, avx512vl, sha, fma, vzeroupper, avx512_vpopcntdq, avx512_vpclmulqdq, avx512_vaes, avx512_vnni, clflush, clflushopt, clwb, avx512_vbmi2, avx512_vbmi, hv, rdtscp, rdpid, fsrm, gfni, avx512_bitalg, f16c, cet_ibt, cet_ss, avx512_ifma
Processor Information for the first 12 processors :
  Max Mhz: 2688, Current Mhz: 2688, Mhz Limit: 2688

Memory: 4k page, system-wide physical 24355M (826M free)
TotalPageFile size 48931M (AvailPageFile size 7M)
current process WorkingSet (physical memory assigned to process): 712M, peak: 712M
current process commit charge ("private bytes"): 795M, peak: 795M

vm_info: OpenJDK 64-Bit Server VM (21.0.10+7-LTS) for windows-amd64 JRE (21.0.10+7-LTS), built on 2026-01-20T00:00:00Z by "admin" with MS VC++ 17.12 (VS2022)

END.
