#
# There is insufficient memory for the Java Runtime Environment to continue.
# Native memory allocation (malloc) failed to allocate 1620976 bytes. Error detail: Chunk::new
# Possible reasons:
#   The system is out of physical RAM or swap space
#   This process is running with CompressedOops enabled, and the Java Heap may be blocking the growth of the native heap
# Possible solutions:
#   Reduce memory load on the system
#   Increase physical memory or swap space
#   Check if swap backing store is full
#   Decrease Java heap size (-Xmx/-Xms)
#   Decrease number of Java threads
#   Decrease Java thread stack sizes (-Xss)
#   Set larger code cache with -XX:ReservedCodeCacheSize=
#   JVM is running with Unscaled Compressed Oops mode in which the Java heap is
#     placed in the first 4GB address space. The Java Heap base address is the
#     maximum limit for the native heap growth. Please use -XX:HeapBaseMinAddress
#     to set the Java Heap base and to place the Java Heap above 4GB virtual address.
# This output file may be truncated or incomplete.
#
#  Out of Memory Error (arena.cpp:168), pid=19576, tid=5640
#
# JRE version: OpenJDK Runtime Environment Temurin-21.0.10+7 (21.0.10+7) (build 21.0.10+7-LTS)
# Java VM: OpenJDK 64-Bit Server VM Temurin-21.0.10+7 (21.0.10+7-LTS, mixed mode, sharing, tiered, compressed oops, compressed class ptrs, parallel gc, windows-amd64)
# No core dump will be written. Minidumps are not enabled by default on client versions of Windows
#

---------------  S U M M A R Y ------------

Command Line: --add-modules=ALL-SYSTEM --add-opens=java.base/java.util=ALL-UNNAMED --add-opens=java.base/java.lang=ALL-UNNAMED --add-opens=java.base/sun.nio.fs=ALL-UNNAMED -Declipse.application=org.eclipse.jdt.ls.core.id1 -Dosgi.bundles.defaultStartLevel=4 -Declipse.product=org.eclipse.jdt.ls.core.product -Djava.import.generatesMetadataFilesAtProjectRoot=false -DDetectVMInstallationsJob.disabled=true -Dfile.encoding=utf8 -XX:+UseParallelGC -XX:GCTimeRatio=4 -XX:AdaptiveSizePolicyWeight=90 -Dsun.zip.disableMemoryMapping=true -Xmx2G -Xms100m -Xlog:disable -javaagent:c:\Users\Tam\.vscode\extensions\redhat.java-1.54.0-win32-x64\lombok\lombok-1.18.39-4050.jar -XX:+HeapDumpOnOutOfMemoryError -XX:HeapDumpPath=c:\Users\Tam\AppData\Roaming\Code\User\workspaceStorage\1d7532827261c6b6800ebf5311da248f\redhat.java -Daether.dependencyCollector.impl=bf c:\Users\Tam\.vscode\extensions\redhat.java-1.54.0-win32-x64\server\plugins\org.eclipse.equinox.launcher_1.7.100.v20251111-0406.jar -configuration c:\Users\Tam\AppData\Roaming\Code\User\globalStorage\redhat.java\1.54.0\config_win -data c:\Users\Tam\AppData\Roaming\Code\User\workspaceStorage\1d7532827261c6b6800ebf5311da248f\redhat.java\jdt_ws --pipe=\\.\pipe\lsp-5817a66eed074fa954381da629f43b98-sock

Host: 11th Gen Intel(R) Core(TM) i5-11400H @ 2.70GHz, 12 cores, 23G,  Windows 11 , 64 bit Build 26100 (10.0.26100.8246)
Time: Tue May  5 15:08:16 2026 SE Asia Standard Time elapsed time: 63.643509 seconds (0d 0h 1m 3s)

---------------  T H R E A D  ---------------

Current thread (0x000001e0a699a200):  JavaThread "C2 CompilerThread0" daemon [_thread_in_native, id=5640, stack(0x0000006b08d00000,0x0000006b08e00000) (1024K)]


Current CompileTask:
C2:63643 28339       4       org.eclipse.aether.internal.impl.EnhancedLocalRepositoryManager::checkFind (149 bytes)

Stack: [0x0000006b08d00000,0x0000006b08e00000]
Native frames: (J=compiled Java code, j=interpreted, Vv=VM code, C=native code)
V  [jvm.dll+0x6d7a39]
V  [jvm.dll+0x8b4b26]
V  [jvm.dll+0x8b70de]
V  [jvm.dll+0x8b77c3]
V  [jvm.dll+0x284346]
V  [jvm.dll+0xc66ed]
V  [jvm.dll+0xc6c31]
V  [jvm.dll+0x3bec3b]
V  [jvm.dll+0x38b162]
V  [jvm.dll+0x38a5aa]
V  [jvm.dll+0x24c560]
V  [jvm.dll+0x24bb40]
V  [jvm.dll+0x1cb34e]
V  [jvm.dll+0x25b85d]
V  [jvm.dll+0x259dea]
V  [jvm.dll+0x3f857e]
V  [jvm.dll+0x85f59d]
V  [jvm.dll+0x6d626d]
C  [ucrtbase.dll+0x37b0]
C  [KERNEL32.DLL+0x2e8d7]
C  [ntdll.dll+0x8c3fc]


---------------  P R O C E S S  ---------------

Threads class SMR info:
_java_thread_list=0x000001e0961c6740, length=86, elements={
0x000001e0a68f0170, 0x000001e0a689cf40, 0x000001e0a69926f0, 0x000001e0a69951e0,
0x000001e0a69964e0, 0x000001e0a69986e0, 0x000001e0a69993c0, 0x000001e0a699a200,
0x000001e0ff6ec280, 0x000001e0ff869650, 0x000001e0ff8cbfd0, 0x000001e080b7d910,
0x000001e0850ac6a0, 0x000001e0850acd30, 0x000001e0850af490, 0x000001e0850ae770,
0x000001e0850ae0e0, 0x000001e0850aee00, 0x000001e0850ac010, 0x000001e0850ada50,
0x000001e0865207d0, 0x000001e086522210, 0x000001e086524970, 0x000001e086522f30,
0x000001e086525000, 0x000001e086521b80, 0x000001e086525690, 0x000001e0865242e0,
0x000001e086525d20, 0x000001e0865228a0, 0x000001e0865263b0, 0x000001e086526a40,
0x000001e0865270d0, 0x000001e086527760, 0x000001e0870ee890, 0x000001e0870f02d0,
0x000001e0870f0ff0, 0x000001e0870ef5b0, 0x000001e0870f1680, 0x000001e0870f1d10,
0x000001e0870f23a0, 0x000001e0870f0960, 0x000001e0870eef20, 0x000001e0870efc40,
0x000001e0870f3750, 0x000001e0870f3de0, 0x000001e0870f4470, 0x000001e0870f5eb0,
0x000001e0870f5820, 0x000001e0870f4b00, 0x000001e0870f5190, 0x000001e088b7c750,
0x000001e088b7ba30, 0x000001e088b79ff0, 0x000001e088b7db00, 0x000001e088b7b3a0,
0x000001e088b7c0c0, 0x000001e088b7cde0, 0x000001e088b80260, 0x000001e088b7e820,
0x000001e088b7eeb0, 0x000001e088b7d470, 0x000001e088b808f0, 0x000001e088b81610,
0x000001e088b7e190, 0x000001e086520e60, 0x000001e0865214f0, 0x000001e091fdd7a0,
0x000001e091fdd110, 0x000001e091fdf870, 0x000001e091fdff00, 0x000001e091fe0c20,
0x000001e091fe12b0, 0x000001e091fdde30, 0x000001e091fe1940, 0x000001e091fe0590,
0x000001e085681f00, 0x000001e085682590, 0x000001e085685a10, 0x000001e091fdeb50,
0x000001e091fe2660, 0x000001e085683fd0, 0x000001e0856860a0, 0x000001e085686730,
0x000001e086579600, 0x000001e086579cd0
}

Java Threads: ( => current thread )
  0x000001e0a68f0170 JavaThread "main"                              [_thread_blocked, id=27064, stack(0x0000006b08200000,0x0000006b08300000) (1024K)]
  0x000001e0a689cf40 JavaThread "Reference Handler"          daemon [_thread_blocked, id=20148, stack(0x0000006b08700000,0x0000006b08800000) (1024K)]
  0x000001e0a69926f0 JavaThread "Finalizer"                  daemon [_thread_blocked, id=16220, stack(0x0000006b08800000,0x0000006b08900000) (1024K)]
  0x000001e0a69951e0 JavaThread "Signal Dispatcher"          daemon [_thread_blocked, id=8332, stack(0x0000006b08900000,0x0000006b08a00000) (1024K)]
  0x000001e0a69964e0 JavaThread "Attach Listener"            daemon [_thread_blocked, id=29004, stack(0x0000006b08a00000,0x0000006b08b00000) (1024K)]
  0x000001e0a69986e0 JavaThread "Service Thread"             daemon [_thread_blocked, id=8624, stack(0x0000006b08b00000,0x0000006b08c00000) (1024K)]
  0x000001e0a69993c0 JavaThread "Monitor Deflation Thread"   daemon [_thread_blocked, id=22940, stack(0x0000006b08c00000,0x0000006b08d00000) (1024K)]
=>0x000001e0a699a200 JavaThread "C2 CompilerThread0"         daemon [_thread_in_native, id=5640, stack(0x0000006b08d00000,0x0000006b08e00000) (1024K)]
  0x000001e0ff6ec280 JavaThread "C1 CompilerThread0"         daemon [_thread_blocked, id=3988, stack(0x0000006b08e00000,0x0000006b08f00000) (1024K)]
  0x000001e0ff869650 JavaThread "Common-Cleaner"             daemon [_thread_blocked, id=26480, stack(0x0000006b09000000,0x0000006b09100000) (1024K)]
  0x000001e0ff8cbfd0 JavaThread "Notification Thread"        daemon [_thread_blocked, id=27644, stack(0x0000006b08f00000,0x0000006b09000000) (1024K)]
  0x000001e080b7d910 JavaThread "Active Thread: Equinox Container: 1973a483-b8b5-4eea-91d8-b5c9d21b3b13"        [_thread_blocked, id=26652, stack(0x0000006b09100000,0x0000006b09200000) (1024K)]
  0x000001e0850ac6a0 JavaThread "Refresh Thread: Equinox Container: 1973a483-b8b5-4eea-91d8-b5c9d21b3b13" daemon [_thread_blocked, id=20688, stack(0x0000006b09a00000,0x0000006b09b00000) (1024K)]
  0x000001e0850acd30 JavaThread "Framework Event Dispatcher: Equinox Container: 1973a483-b8b5-4eea-91d8-b5c9d21b3b13" daemon [_thread_blocked, id=18472, stack(0x0000006b09200000,0x0000006b09300000) (1024K)]
  0x000001e0850af490 JavaThread "Start Level: Equinox Container: 1973a483-b8b5-4eea-91d8-b5c9d21b3b13" daemon [_thread_blocked, id=28000, stack(0x0000006b09b00000,0x0000006b09c00000) (1024K)]
  0x000001e0850ae770 JavaThread "Bundle File Closer"         daemon [_thread_blocked, id=14072, stack(0x0000006b09e00000,0x0000006b09f00000) (1024K)]
  0x000001e0850ae0e0 JavaThread "SCR Component Actor"        daemon [_thread_blocked, id=30644, stack(0x0000006b09f00000,0x0000006b0a000000) (1024K)]
  0x000001e0850aee00 JavaThread "Worker-JM"                         [_thread_blocked, id=30232, stack(0x0000006b0a100000,0x0000006b0a200000) (1024K)]
  0x000001e0850ac010 JavaThread "JNA Cleaner"                daemon [_thread_blocked, id=18828, stack(0x0000006b0a200000,0x0000006b0a300000) (1024K)]
  0x000001e0850ada50 JavaThread "Worker-0"                          [_thread_blocked, id=26564, stack(0x0000006b0a300000,0x0000006b0a400000) (1024K)]
  0x000001e0865207d0 JavaThread "Worker-1"                          [_thread_blocked, id=24728, stack(0x0000006b0a400000,0x0000006b0a500000) (1024K)]
  0x000001e086522210 JavaThread "Worker-2"                          [_thread_blocked, id=25764, stack(0x0000006b0a500000,0x0000006b0a600000) (1024K)]
  0x000001e086524970 JavaThread "Java indexing"              daemon [_thread_blocked, id=29200, stack(0x0000006b0a700000,0x0000006b0a800000) (1024K)]
  0x000001e086522f30 JavaThread "Worker-3"                          [_thread_blocked, id=26608, stack(0x0000006b0a800000,0x0000006b0a900000) (1024K)]
  0x000001e086525000 JavaThread "Worker-4"                          [_thread_blocked, id=27196, stack(0x0000006b0a900000,0x0000006b0aa00000) (1024K)]
  0x000001e086521b80 JavaThread "Worker-5: Initialize Workspace"        [_thread_blocked, id=27368, stack(0x0000006b0ac00000,0x0000006b0ad00000) (1024K)]
  0x000001e086525690 JavaThread "Worker-6: Java indexing... "        [_thread_blocked, id=26700, stack(0x0000006b0ad00000,0x0000006b0ae00000) (1024K)]
  0x000001e0865242e0 JavaThread "Thread-1"                   daemon [_thread_in_native, id=29972, stack(0x0000006b0ae00000,0x0000006b0af00000) (1024K)]
  0x000001e086525d20 JavaThread "Thread-2"                   daemon [_thread_in_native, id=26772, stack(0x0000006b0af00000,0x0000006b0b000000) (1024K)]
  0x000001e0865228a0 JavaThread "Thread-3"                   daemon [_thread_in_native, id=30388, stack(0x0000006b0b000000,0x0000006b0b100000) (1024K)]
  0x000001e0865263b0 JavaThread "Thread-4"                   daemon [_thread_in_native, id=30284, stack(0x0000006b0b100000,0x0000006b0b200000) (1024K)]
  0x000001e086526a40 JavaThread "Thread-5"                   daemon [_thread_in_native, id=6148, stack(0x0000006b0b200000,0x0000006b0b300000) (1024K)]
  0x000001e0865270d0 JavaThread "Thread-6"                   daemon [_thread_in_native, id=13392, stack(0x0000006b0b300000,0x0000006b0b400000) (1024K)]
  0x000001e086527760 JavaThread "Thread-7"                   daemon [_thread_in_native, id=19076, stack(0x0000006b0b400000,0x0000006b0b500000) (1024K)]
  0x000001e0870ee890 JavaThread "Thread-8"                   daemon [_thread_in_native, id=14956, stack(0x0000006b0b500000,0x0000006b0b600000) (1024K)]
  0x000001e0870f02d0 JavaThread "Thread-9"                   daemon [_thread_in_native, id=30020, stack(0x0000006b0b600000,0x0000006b0b700000) (1024K)]
  0x000001e0870f0ff0 JavaThread "Thread-10"                  daemon [_thread_in_native, id=12328, stack(0x0000006b0b700000,0x0000006b0b800000) (1024K)]
  0x000001e0870ef5b0 JavaThread "Thread-11"                  daemon [_thread_in_native, id=29888, stack(0x0000006b0b800000,0x0000006b0b900000) (1024K)]
  0x000001e0870f1680 JavaThread "Thread-12"                  daemon [_thread_in_native, id=29676, stack(0x0000006b0b900000,0x0000006b0ba00000) (1024K)]
  0x000001e0870f1d10 JavaThread "Thread-13"                  daemon [_thread_in_native, id=22536, stack(0x0000006b0ba00000,0x0000006b0bb00000) (1024K)]
  0x000001e0870f23a0 JavaThread "pool-2-thread-1"                   [_thread_blocked, id=25292, stack(0x0000006b0bb00000,0x0000006b0bc00000) (1024K)]
  0x000001e0870f0960 JavaThread "WorkspaceEventsHandler"            [_thread_blocked, id=12320, stack(0x0000006b0bc00000,0x0000006b0bd00000) (1024K)]
  0x000001e0870eef20 JavaThread "pool-1-thread-1"                   [_thread_blocked, id=28676, stack(0x0000006b0bd00000,0x0000006b0be00000) (1024K)]
  0x000001e0870efc40 JavaThread "LocalFile Deleter"          daemon [_thread_blocked, id=14412, stack(0x0000006b0be00000,0x0000006b0bf00000) (1024K)]
  0x000001e0870f3750 JavaThread "LocalFile Deleter"          daemon [_thread_blocked, id=3828, stack(0x0000006b0bf00000,0x0000006b0c000000) (1024K)]
  0x000001e0870f3de0 JavaThread "LocalFile Deleter"          daemon [_thread_blocked, id=24968, stack(0x0000006b0c000000,0x0000006b0c100000) (1024K)]
  0x000001e0870f4470 JavaThread "LocalFile Deleter"          daemon [_thread_blocked, id=10548, stack(0x0000006b0c100000,0x0000006b0c200000) (1024K)]
  0x000001e0870f5eb0 JavaThread "LocalFile Deleter"          daemon [_thread_blocked, id=21460, stack(0x0000006b0c200000,0x0000006b0c300000) (1024K)]
  0x000001e0870f5820 JavaThread "LocalFile Deleter"          daemon [_thread_blocked, id=9984, stack(0x0000006b0c300000,0x0000006b0c400000) (1024K)]
  0x000001e0870f4b00 JavaThread "LocalFile Deleter"          daemon [_thread_blocked, id=27180, stack(0x0000006b0c400000,0x0000006b0c500000) (1024K)]
  0x000001e0870f5190 JavaThread "LocalFile Deleter"          daemon [_thread_blocked, id=30144, stack(0x0000006b0c500000,0x0000006b0c600000) (1024K)]
  0x000001e088b7c750 JavaThread "Compiler Source File Reader" daemon [_thread_blocked, id=24760, stack(0x0000006b0c600000,0x0000006b0c700000) (1024K)]
  0x000001e088b7ba30 JavaThread "Compiler Source File Reader" daemon [_thread_blocked, id=2444, stack(0x0000006b0c700000,0x0000006b0c800000) (1024K)]
  0x000001e088b79ff0 JavaThread "Compiler Source File Reader" daemon [_thread_blocked, id=26344, stack(0x0000006b0c800000,0x0000006b0c900000) (1024K)]
  0x000001e088b7db00 JavaThread "Compiler Source File Reader" daemon [_thread_blocked, id=27952, stack(0x0000006b0c900000,0x0000006b0ca00000) (1024K)]
  0x000001e088b7b3a0 JavaThread "Compiler Source File Reader" daemon [_thread_blocked, id=25988, stack(0x0000006b0ca00000,0x0000006b0cb00000) (1024K)]
  0x000001e088b7c0c0 JavaThread "Compiler Processing Task"   daemon [_thread_blocked, id=19760, stack(0x0000006b0cb00000,0x0000006b0cc00000) (1024K)]
  0x000001e088b7cde0 JavaThread "Compiler Class File Writer" daemon [_thread_blocked, id=26096, stack(0x0000006b0cc00000,0x0000006b0cd00000) (1024K)]
  0x000001e088b80260 JavaThread "Compiler Class File Writer" daemon [_thread_blocked, id=23108, stack(0x0000006b0cd00000,0x0000006b0ce00000) (1024K)]
  0x000001e088b7e820 JavaThread "Compiler Class File Writer" daemon [_thread_blocked, id=8904, stack(0x0000006b0ce00000,0x0000006b0cf00000) (1024K)]
  0x000001e088b7eeb0 JavaThread "Compiler Class File Writer" daemon [_thread_blocked, id=25348, stack(0x0000006b0cf00000,0x0000006b0d000000) (1024K)]
  0x000001e088b7d470 JavaThread "Compiler Class File Writer" daemon [_thread_blocked, id=29664, stack(0x0000006b0d000000,0x0000006b0d100000) (1024K)]
  0x000001e088b808f0 JavaThread "LocalFile Deleter"          daemon [_thread_blocked, id=11120, stack(0x0000006b0d100000,0x0000006b0d200000) (1024K)]
  0x000001e088b81610 JavaThread "LocalFile Deleter"          daemon [_thread_blocked, id=2072, stack(0x0000006b0d200000,0x0000006b0d300000) (1024K)]
  0x000001e088b7e190 JavaThread "LocalFile Deleter"          daemon [_thread_blocked, id=27384, stack(0x0000006b0d300000,0x0000006b0d400000) (1024K)]
  0x000001e086520e60 JavaThread "LocalFile Deleter"          daemon [_thread_blocked, id=27104, stack(0x0000006b0d400000,0x0000006b0d500000) (1024K)]
  0x000001e0865214f0 JavaThread "Compiler Source File Reader" daemon [_thread_blocked, id=26432, stack(0x0000006b0d500000,0x0000006b0d600000) (1024K)]
  0x000001e091fdd7a0 JavaThread "Compiler Source File Reader" daemon [_thread_blocked, id=15444, stack(0x0000006b0d600000,0x0000006b0d700000) (1024K)]
  0x000001e091fdd110 JavaThread "Compiler Source File Reader" daemon [_thread_blocked, id=25244, stack(0x0000006b0d700000,0x0000006b0d800000) (1024K)]
  0x000001e091fdf870 JavaThread "Compiler Source File Reader" daemon [_thread_blocked, id=15804, stack(0x0000006b0d800000,0x0000006b0d900000) (1024K)]
  0x000001e091fdff00 JavaThread "Compiler Source File Reader" daemon [_thread_blocked, id=27672, stack(0x0000006b0d900000,0x0000006b0da00000) (1024K)]
  0x000001e091fe0c20 JavaThread "Compiler Class File Writer" daemon [_thread_blocked, id=15140, stack(0x0000006b0da00000,0x0000006b0db00000) (1024K)]
  0x000001e091fe12b0 JavaThread "Compiler Class File Writer" daemon [_thread_blocked, id=28244, stack(0x0000006b0db00000,0x0000006b0dc00000) (1024K)]
  0x000001e091fdde30 JavaThread "Compiler Class File Writer" daemon [_thread_blocked, id=26320, stack(0x0000006b0dc00000,0x0000006b0dd00000) (1024K)]
  0x000001e091fe1940 JavaThread "Compiler Class File Writer" daemon [_thread_blocked, id=18304, stack(0x0000006b0dd00000,0x0000006b0de00000) (1024K)]
  0x000001e091fe0590 JavaThread "Compiler Class File Writer" daemon [_thread_blocked, id=24776, stack(0x0000006b0de00000,0x0000006b0df00000) (1024K)]
  0x000001e085681f00 JavaThread "resolver-1"                 daemon [_thread_blocked, id=25200, stack(0x0000006b0df00000,0x0000006b0e000000) (1024K)]
  0x000001e085682590 JavaThread "resolver-2"                 daemon [_thread_blocked, id=30544, stack(0x0000006b0e100000,0x0000006b0e200000) (1024K)]
  0x000001e085685a10 JavaThread "ProjectImportProgressReporter" daemon [_thread_blocked, id=28208, stack(0x0000006b0e200000,0x0000006b0e300000) (1024K)]
  0x000001e091fdeb50 JavaThread "ParallelDescriptorResolver-49-0" daemon [_thread_in_vm, id=1056, stack(0x0000006b0e300000,0x0000006b0e400000) (1024K)]
  0x000001e091fe2660 JavaThread "ParallelDescriptorResolver-49-1" daemon [_thread_in_Java, id=11820, stack(0x0000006b0e400000,0x0000006b0e500000) (1024K)]
  0x000001e085683fd0 JavaThread "ParallelDescriptorResolver-49-2" daemon [_thread_in_Java, id=25204, stack(0x0000006b0e500000,0x0000006b0e600000) (1024K)]
  0x000001e0856860a0 JavaThread "ParallelDescriptorResolver-49-3" daemon [_thread_in_Java, id=24480, stack(0x0000006b0e600000,0x0000006b0e700000) (1024K)]
  0x000001e085686730 JavaThread "ParallelDescriptorResolver-49-4" daemon [_thread_in_Java, id=28808, stack(0x0000006b0e700000,0x0000006b0e800000) (1024K)]
  0x000001e086579600 JavaThread "C2 CompilerThread1"         daemon [_thread_in_vm, id=25024, stack(0x0000006b0a000000,0x0000006b0a100000) (1024K)]
  0x000001e086579cd0 JavaThread "C2 CompilerThread2"         daemon [_thread_in_native, id=21692, stack(0x0000006b0e000000,0x0000006b0e100000) (1024K)]
Total: 86

Other Threads:
  0x000001e0a6991840 VMThread "VM Thread"                           [id=29348, stack(0x0000006b08600000,0x0000006b08700000) (1024K)]
  0x000001e0a695e730 WatcherThread "VM Periodic Task Thread"        [id=28408, stack(0x0000006b08500000,0x0000006b08600000) (1024K)]
  0x000001e0a690d7f0 WorkerThread "GC Thread#0"                     [id=16812, stack(0x0000006b08400000,0x0000006b08500000) (1024K)]
  0x000001e080a7c420 WorkerThread "GC Thread#1"                     [id=28272, stack(0x0000006b09300000,0x0000006b09400000) (1024K)]
  0x000001e080a4b240 WorkerThread "GC Thread#2"                     [id=19776, stack(0x0000006b09400000,0x0000006b09500000) (1024K)]
  0x000001e080a4b5f0 WorkerThread "GC Thread#3"                     [id=28308, stack(0x0000006b09500000,0x0000006b09600000) (1024K)]
  0x000001e080911f00 WorkerThread "GC Thread#4"                     [id=30404, stack(0x0000006b09600000,0x0000006b09700000) (1024K)]
  0x000001e0809122b0 WorkerThread "GC Thread#5"                     [id=20392, stack(0x0000006b09700000,0x0000006b09800000) (1024K)]
  0x000001e080912660 WorkerThread "GC Thread#6"                     [id=8516, stack(0x0000006b09800000,0x0000006b09900000) (1024K)]
  0x000001e0850c5280 WorkerThread "GC Thread#7"                     [id=26712, stack(0x0000006b09900000,0x0000006b09a00000) (1024K)]
  0x000001e085250a60 WorkerThread "GC Thread#8"                     [id=12296, stack(0x0000006b09c00000,0x0000006b09d00000) (1024K)]
  0x000001e085252c10 WorkerThread "GC Thread#9"                     [id=19000, stack(0x0000006b09d00000,0x0000006b09e00000) (1024K)]
Total: 12

Threads with active compile tasks:
C2 CompilerThread0  64673 28339       4       org.eclipse.aether.internal.impl.EnhancedLocalRepositoryManager::checkFind (149 bytes)
C2 CompilerThread1  64673 28357       4       org.apache.maven.model.io.xpp3.MavenXpp3Reader::parsePlugin (519 bytes)
C2 CompilerThread2  64673 28356       4       org.apache.maven.model.building.DefaultModelBuilder::assembleInheritance (71 bytes)
Total: 3

VM state: not at safepoint (normal execution)

VM Mutex/Monitor currently owned by a thread: None

Heap address: 0x0000000080000000, size: 2048 MB, Compressed Oops mode: 32-bit

CDS archive(s) mapped at: [0x000001e0be000000-0x000001e0beba0000-0x000001e0beba0000), size 12189696, SharedBaseAddress: 0x000001e0be000000, ArchiveRelocationMode: 1.
Compressed class space mapped at: 0x000001e0bf000000-0x000001e0ff000000, reserved size: 1073741824
Narrow klass base: 0x000001e0be000000, Narrow klass shift: 0, Narrow klass range: 0x100000000

GC Precious Log:
 CardTable entry size: 512
 CPUs: 12 total, 12 available
 Memory: 24355M
 Large Page Support: Disabled
 NUMA Support: Disabled
 Compressed Oops: Enabled (32-bit)
 Alignments: Space 512K, Generation 512K, Heap 2M
 Heap Min Capacity: 100M
 Heap Initial Capacity: 100M
 Heap Max Capacity: 2G
 Pre-touch: Disabled
 Parallel Workers: 10

Heap:
 PSYoungGen      total 11776K, used 3439K [0x00000000d5580000, 0x00000000d6480000, 0x0000000100000000)
  eden space 10240K, 20% used [0x00000000d5580000,0x00000000d5785970,0x00000000d5f80000)
  from space 1536K, 90% used [0x00000000d5f80000,0x00000000d60d99c8,0x00000000d6100000)
  to   space 1536K, 0% used [0x00000000d6300000,0x00000000d6300000,0x00000000d6480000)
 ParOldGen       total 1072640K, used 1072607K [0x0000000080000000, 0x00000000c1780000, 0x00000000d5580000)
  object space 1072640K, 99% used [0x0000000080000000,0x00000000c1777f10,0x00000000c1780000)
 Metaspace       used 131271K, committed 133632K, reserved 1179648K
  class space    used 14750K, committed 15872K, reserved 1048576K

Card table byte_map: [0x000001e0a6290000,0x000001e0a66a0000] _byte_map_base: 0x000001e0a5e90000

Marking Bits: (ParMarkBitMap*) 0x00007ffcf2da3450
 Begin Bits: [0x000001e0b8da0000, 0x000001e0bada0000)
 End Bits:   [0x000001e0bada0000, 0x000001e0bcda0000)

Polling page: 0x000001e0a4920000

Metaspace:

Usage:
  Non-class:    113.79 MB used.
      Class:     14.41 MB used.
       Both:    128.19 MB used.

Virtual space:
  Non-class space:      128.00 MB reserved,     115.00 MB ( 90%) committed,  2 nodes.
      Class space:        1.00 GB reserved,      15.50 MB (  2%) committed,  1 nodes.
             Both:        1.12 GB reserved,     130.50 MB ( 11%) committed. 

Chunk freelists:
   Non-Class:  12.78 MB
       Class:  575.00 KB
        Both:  13.34 MB

MaxMetaspaceSize: unlimited
CompressedClassSpaceSize: 1.00 GB
Initial GC threshold: 21.00 MB
Current GC threshold: 167.62 MB
CDS: on
 - commit_granule_bytes: 65536.
 - commit_granule_words: 8192.
 - virtual_space_node_default_size: 8388608.
 - enlarge_chunks_in_place: 1.
 - use_allocation_guard: 0.


Internal statistics:

num_allocs_failed_limit: 11.
num_arena_births: 1914.
num_arena_deaths: 22.
num_vsnodes_births: 3.
num_vsnodes_deaths: 0.
num_space_committed: 2081.
num_space_uncommitted: 0.
num_chunks_returned_to_freelist: 37.
num_chunks_taken_from_freelist: 7710.
num_chunk_merges: 18.
num_chunk_splits: 5090.
num_chunks_enlarged: 3350.
num_inconsistent_stats: 0.

CodeHeap 'non-profiled nmethods': size=120000Kb used=25212Kb max_used=25212Kb free=94787Kb
 bounds [0x000001e0b15c0000, 0x000001e0b2e60000, 0x000001e0b8af0000]
CodeHeap 'profiled nmethods': size=120000Kb used=56228Kb max_used=56228Kb free=63771Kb
 bounds [0x000001e0a9af0000, 0x000001e0ad1e0000, 0x000001e0b1020000]
CodeHeap 'non-nmethods': size=5760Kb used=1530Kb max_used=1634Kb free=4229Kb
 bounds [0x000001e0b1020000, 0x000001e0b1290000, 0x000001e0b15c0000]
CodeCache: size=245760Kb, used=82970Kb, max_used=83074Kb, free=162787Kb
 total_blobs=24290, nmethods=23449, adapters=742, full_count=0
Compilation: enabled, stopped_count=0, restarted_count=0

Compilation events (20 events):
Event: 62.515 Thread 0x000001e086579600 nmethod 28342 0x000001e0b2e52b10 code [0x000001e0b2e52ce0, 0x000001e0b2e53000]
Event: 62.525 Thread 0x000001e086579600 28343       4       org.eclipse.core.runtime.jobs.Job::getRule (5 bytes)
Event: 62.525 Thread 0x000001e086579600 nmethod 28343 0x000001e0b2e53190 code [0x000001e0b2e53320, 0x000001e0b2e533b0]
Event: 62.535 Thread 0x000001e0ff6ec280 28344       3       org.apache.maven.model.interpolation.StringVisitorModelInterpolator$ModelVisitor::visit (47 bytes)
Event: 62.535 Thread 0x000001e0ff6ec280 nmethod 28344 0x000001e0ad1d9790 code [0x000001e0ad1d9980, 0x000001e0ad1d9d50]
Event: 62.544 Thread 0x000001e086579600 28345   !   4       sun.nio.fs.WindowsFileSystemProvider::newFileChannel (113 bytes)
Event: 62.552 Thread 0x000001e086579600 nmethod 28345 0x000001e0b2e53490 code [0x000001e0b2e536a0, 0x000001e0b2e539d8]
Event: 62.552 Thread 0x000001e086579600 28346       4       org.eclipse.jdt.internal.compiler.parser.Scanner::internalScanIdentifierOrKeyword (5041 bytes)
Event: 62.553 Thread 0x000001e086579cd0 nmethod 28336 0x000001e0b2e53e90 code [0x000001e0b2e54200, 0x000001e0b2e559d0]
Event: 62.557 Thread 0x000001e086579cd0 28347       4       org.apache.maven.model.merge.ModelMerger::mergeModel_Version (41 bytes)
Event: 62.558 Thread 0x000001e086579cd0 nmethod 28347 0x000001e0b2e56b90 code [0x000001e0b2e56d40, 0x000001e0b2e56eb8]
Event: 62.573 Thread 0x000001e086579cd0 28348       4       org.eclipse.aether.util.graph.selector.OptionalDependencySelector::selectDependency (28 bytes)
Event: 62.575 Thread 0x000001e086579cd0 nmethod 28348 0x000001e0b2e57090 code [0x000001e0b2e57220, 0x000001e0b2e572f0]
Event: 62.598 Thread 0x000001e0ff6ec280 28349       3       org.apache.maven.model.merge.ModelMerger::mergeOrganization_Url (41 bytes)
Event: 62.599 Thread 0x000001e0ff6ec280 nmethod 28349 0x000001e0ad1d9f90 code [0x000001e0ad1da160, 0x000001e0ad1da460]
Event: 62.622 Thread 0x000001e0ff6ec280 28350       3       org.apache.maven.model.merge.ModelMerger::mergeOrganization_Name (41 bytes)
Event: 62.623 Thread 0x000001e0ff6ec280 nmethod 28350 0x000001e0ad1da610 code [0x000001e0ad1da7e0, 0x000001e0ad1daae0]
Event: 62.624 Thread 0x000001e086579cd0 28351       4       org.eclipse.aether.named.support.NamedLockFactorySupport$$Lambda/0x000001e0bf6b8c20::apply (16 bytes)
Event: 62.626 Thread 0x000001e086579cd0 nmethod 28351 0x000001e0b2e57410 code [0x000001e0b2e575c0, 0x000001e0b2e57778]
Event: 62.627 Thread 0x000001e086579cd0 28352 %     4       java.io.WinNTFileSystem::normalize @ 58 (224 bytes)

GC Heap History (20 events):
Event: 62.332 GC heap after
{Heap after GC invocations=2640 (full 5):
 PSYoungGen      total 9728K, used 768K [0x00000000d5580000, 0x00000000d6100000, 0x0000000100000000)
  eden space 8704K, 0% used [0x00000000d5580000,0x00000000d5580000,0x00000000d5e00000)
  from space 1024K, 75% used [0x00000000d5f80000,0x00000000d6040000,0x00000000d6080000)
  to   space 512K, 0% used [0x00000000d6080000,0x00000000d6080000,0x00000000d6100000)
 ParOldGen       total 1065472K, used 1065220K [0x0000000080000000, 0x00000000c1080000, 0x00000000d5580000)
  object space 1065472K, 99% used [0x0000000080000000,0x00000000c1041278,0x00000000c1080000)
 Metaspace       used 131269K, committed 133568K, reserved 1179648K
  class space    used 14750K, committed 15808K, reserved 1048576K
}
Event: 62.348 GC heap before
{Heap before GC invocations=2641 (full 5):
 PSYoungGen      total 9728K, used 9470K [0x00000000d5580000, 0x00000000d6100000, 0x0000000100000000)
  eden space 8704K, 99% used [0x00000000d5580000,0x00000000d5dff808,0x00000000d5e00000)
  from space 1024K, 75% used [0x00000000d5f80000,0x00000000d6040000,0x00000000d6080000)
  to   space 512K, 0% used [0x00000000d6080000,0x00000000d6080000,0x00000000d6100000)
 ParOldGen       total 1065472K, used 1065220K [0x0000000080000000, 0x00000000c1080000, 0x00000000d5580000)
  object space 1065472K, 99% used [0x0000000080000000,0x00000000c1041278,0x00000000c1080000)
 Metaspace       used 131269K, committed 133568K, reserved 1179648K
  class space    used 14750K, committed 15808K, reserved 1048576K
}
Event: 62.351 GC heap after
{Heap after GC invocations=2641 (full 5):
 PSYoungGen      total 9216K, used 512K [0x00000000d5580000, 0x00000000d6100000, 0x0000000100000000)
  eden space 8704K, 0% used [0x00000000d5580000,0x00000000d5580000,0x00000000d5e00000)
  from space 512K, 100% used [0x00000000d6080000,0x00000000d6100000,0x00000000d6100000)
  to   space 1536K, 0% used [0x00000000d5e00000,0x00000000d5e00000,0x00000000d5f80000)
 ParOldGen       total 1066496K, used 1066052K [0x0000000080000000, 0x00000000c1180000, 0x00000000d5580000)
  object space 1066496K, 99% used [0x0000000080000000,0x00000000c1111278,0x00000000c1180000)
 Metaspace       used 131269K, committed 133568K, reserved 1179648K
  class space    used 14750K, committed 15808K, reserved 1048576K
}
Event: 62.416 GC heap before
{Heap before GC invocations=2642 (full 5):
 PSYoungGen      total 9216K, used 9216K [0x00000000d5580000, 0x00000000d6100000, 0x0000000100000000)
  eden space 8704K, 100% used [0x00000000d5580000,0x00000000d5e00000,0x00000000d5e00000)
  from space 512K, 100% used [0x00000000d6080000,0x00000000d6100000,0x00000000d6100000)
  to   space 1536K, 0% used [0x00000000d5e00000,0x00000000d5e00000,0x00000000d5f80000)
 ParOldGen       total 1066496K, used 1066052K [0x0000000080000000, 0x00000000c1180000, 0x00000000d5580000)
  object space 1066496K, 99% used [0x0000000080000000,0x00000000c1111278,0x00000000c1180000)
 Metaspace       used 131269K, committed 133568K, reserved 1179648K
  class space    used 14750K, committed 15808K, reserved 1048576K
}
Event: 62.419 GC heap after
{Heap after GC invocations=2642 (full 5):
 PSYoungGen      total 10240K, used 1312K [0x00000000d5580000, 0x00000000d6100000, 0x0000000100000000)
  eden space 8704K, 0% used [0x00000000d5580000,0x00000000d5580000,0x00000000d5e00000)
  from space 1536K, 85% used [0x00000000d5e00000,0x00000000d5f48000,0x00000000d5f80000)
  to   space 1536K, 0% used [0x00000000d5f80000,0x00000000d5f80000,0x00000000d6100000)
 ParOldGen       total 1066496K, used 1066468K [0x0000000080000000, 0x00000000c1180000, 0x00000000d5580000)
  object space 1066496K, 99% used [0x0000000080000000,0x00000000c1179278,0x00000000c1180000)
 Metaspace       used 131269K, committed 133568K, reserved 1179648K
  class space    used 14750K, committed 15808K, reserved 1048576K
}
Event: 62.454 GC heap before
{Heap before GC invocations=2643 (full 5):
 PSYoungGen      total 10240K, used 10016K [0x00000000d5580000, 0x00000000d6100000, 0x0000000100000000)
  eden space 8704K, 100% used [0x00000000d5580000,0x00000000d5e00000,0x00000000d5e00000)
  from space 1536K, 85% used [0x00000000d5e00000,0x00000000d5f48000,0x00000000d5f80000)
  to   space 1536K, 0% used [0x00000000d5f80000,0x00000000d5f80000,0x00000000d6100000)
 ParOldGen       total 1066496K, used 1066468K [0x0000000080000000, 0x00000000c1180000, 0x00000000d5580000)
  object space 1066496K, 99% used [0x0000000080000000,0x00000000c1179278,0x00000000c1180000)
 Metaspace       used 131269K, committed 133568K, reserved 1179648K
  class space    used 14750K, committed 15808K, reserved 1048576K
}
Event: 62.457 GC heap after
{Heap after GC invocations=2643 (full 5):
 PSYoungGen      total 9216K, used 512K [0x00000000d5580000, 0x00000000d6000000, 0x0000000100000000)
  eden space 8704K, 0% used [0x00000000d5580000,0x00000000d5580000,0x00000000d5e00000)
  from space 512K, 100% used [0x00000000d5f80000,0x00000000d6000000,0x00000000d6000000)
  to   space 1024K, 0% used [0x00000000d5e00000,0x00000000d5e00000,0x00000000d5f00000)
 ParOldGen       total 1067520K, used 1067436K [0x0000000080000000, 0x00000000c1280000, 0x00000000d5580000)
  object space 1067520K, 99% used [0x0000000080000000,0x00000000c126b278,0x00000000c1280000)
 Metaspace       used 131269K, committed 133568K, reserved 1179648K
  class space    used 14750K, committed 15808K, reserved 1048576K
}
Event: 62.494 GC heap before
{Heap before GC invocations=2644 (full 5):
 PSYoungGen      total 9216K, used 9216K [0x00000000d5580000, 0x00000000d6000000, 0x0000000100000000)
  eden space 8704K, 100% used [0x00000000d5580000,0x00000000d5e00000,0x00000000d5e00000)
  from space 512K, 100% used [0x00000000d5f80000,0x00000000d6000000,0x00000000d6000000)
  to   space 1024K, 0% used [0x00000000d5e00000,0x00000000d5e00000,0x00000000d5f00000)
 ParOldGen       total 1067520K, used 1067436K [0x0000000080000000, 0x00000000c1280000, 0x00000000d5580000)
  object space 1067520K, 99% used [0x0000000080000000,0x00000000c126b278,0x00000000c1280000)
 Metaspace       used 131269K, committed 133568K, reserved 1179648K
  class space    used 14750K, committed 15808K, reserved 1048576K
}
Event: 62.497 GC heap after
{Heap after GC invocations=2644 (full 5):
 PSYoungGen      total 9728K, used 832K [0x00000000d5580000, 0x00000000d6000000, 0x0000000100000000)
  eden space 8704K, 0% used [0x00000000d5580000,0x00000000d5580000,0x00000000d5e00000)
  from space 1024K, 81% used [0x00000000d5e00000,0x00000000d5ed0000,0x00000000d5f00000)
  to   space 1024K, 0% used [0x00000000d5f00000,0x00000000d5f00000,0x00000000d6000000)
 ParOldGen       total 1068032K, used 1067684K [0x0000000080000000, 0x00000000c1300000, 0x00000000d5580000)
  object space 1068032K, 99% used [0x0000000080000000,0x00000000c12a9278,0x00000000c1300000)
 Metaspace       used 131269K, committed 133568K, reserved 1179648K
  class space    used 14750K, committed 15808K, reserved 1048576K
}
Event: 62.532 GC heap before
{Heap before GC invocations=2645 (full 5):
 PSYoungGen      total 9728K, used 9536K [0x00000000d5580000, 0x00000000d6000000, 0x0000000100000000)
  eden space 8704K, 100% used [0x00000000d5580000,0x00000000d5e00000,0x00000000d5e00000)
  from space 1024K, 81% used [0x00000000d5e00000,0x00000000d5ed0000,0x00000000d5f00000)
  to   space 1024K, 0% used [0x00000000d5f00000,0x00000000d5f00000,0x00000000d6000000)
 ParOldGen       total 1068032K, used 1067684K [0x0000000080000000, 0x00000000c1300000, 0x00000000d5580000)
  object space 1068032K, 99% used [0x0000000080000000,0x00000000c12a9278,0x00000000c1300000)
 Metaspace       used 131269K, committed 133568K, reserved 1179648K
  class space    used 14750K, committed 15808K, reserved 1048576K
}
Event: 62.534 GC heap after
{Heap after GC invocations=2645 (full 5):
 PSYoungGen      total 9728K, used 704K [0x00000000d5580000, 0x00000000d6000000, 0x0000000100000000)
  eden space 8704K, 0% used [0x00000000d5580000,0x00000000d5580000,0x00000000d5e00000)
  from space 1024K, 68% used [0x00000000d5f00000,0x00000000d5fb0000,0x00000000d6000000)
  to   space 1024K, 0% used [0x00000000d5e00000,0x00000000d5e00000,0x00000000d5f00000)
 ParOldGen       total 1068032K, used 1067884K [0x0000000080000000, 0x00000000c1300000, 0x00000000d5580000)
  object space 1068032K, 99% used [0x0000000080000000,0x00000000c12db278,0x00000000c1300000)
 Metaspace       used 131269K, committed 133568K, reserved 1179648K
  class space    used 14750K, committed 15808K, reserved 1048576K
}
Event: 62.549 GC heap before
{Heap before GC invocations=2646 (full 5):
 PSYoungGen      total 9728K, used 9408K [0x00000000d5580000, 0x00000000d6000000, 0x0000000100000000)
  eden space 8704K, 100% used [0x00000000d5580000,0x00000000d5e00000,0x00000000d5e00000)
  from space 1024K, 68% used [0x00000000d5f00000,0x00000000d5fb0000,0x00000000d6000000)
  to   space 1024K, 0% used [0x00000000d5e00000,0x00000000d5e00000,0x00000000d5f00000)
 ParOldGen       total 1068032K, used 1067884K [0x0000000080000000, 0x00000000c1300000, 0x00000000d5580000)
  object space 1068032K, 99% used [0x0000000080000000,0x00000000c12db278,0x00000000c1300000)
 Metaspace       used 131269K, committed 133568K, reserved 1179648K
  class space    used 14750K, committed 15808K, reserved 1048576K
}
Event: 62.552 GC heap after
{Heap after GC invocations=2646 (full 5):
 PSYoungGen      total 9728K, used 976K [0x00000000d5580000, 0x00000000d6100000, 0x0000000100000000)
  eden space 8704K, 0% used [0x00000000d5580000,0x00000000d5580000,0x00000000d5e00000)
  from space 1024K, 95% used [0x00000000d5e00000,0x00000000d5ef4010,0x00000000d5f00000)
  to   space 1536K, 0% used [0x00000000d5f80000,0x00000000d5f80000,0x00000000d6100000)
 ParOldGen       total 1068544K, used 1068292K [0x0000000080000000, 0x00000000c1380000, 0x00000000d5580000)
  object space 1068544K, 99% used [0x0000000080000000,0x00000000c1341278,0x00000000c1380000)
 Metaspace       used 131269K, committed 133568K, reserved 1179648K
  class space    used 14750K, committed 15808K, reserved 1048576K
}
Event: 62.575 GC heap before
{Heap before GC invocations=2647 (full 5):
 PSYoungGen      total 9728K, used 9680K [0x00000000d5580000, 0x00000000d6100000, 0x0000000100000000)
  eden space 8704K, 100% used [0x00000000d5580000,0x00000000d5e00000,0x00000000d5e00000)
  from space 1024K, 95% used [0x00000000d5e00000,0x00000000d5ef4010,0x00000000d5f00000)
  to   space 1536K, 0% used [0x00000000d5f80000,0x00000000d5f80000,0x00000000d6100000)
 ParOldGen       total 1068544K, used 1068292K [0x0000000080000000, 0x00000000c1380000, 0x00000000d5580000)
  object space 1068544K, 99% used [0x0000000080000000,0x00000000c1341278,0x00000000c1380000)
 Metaspace       used 131269K, committed 133568K, reserved 1179648K
  class space    used 14750K, committed 15808K, reserved 1048576K
}
Event: 62.578 GC heap after
{Heap after GC invocations=2647 (full 5):
 PSYoungGen      total 9216K, used 384K [0x00000000d5580000, 0x00000000d6000000, 0x0000000100000000)
  eden space 8704K, 0% used [0x00000000d5580000,0x00000000d5580000,0x00000000d5e00000)
  from space 512K, 75% used [0x00000000d5f80000,0x00000000d5fe0000,0x00000000d6000000)
  to   space 1024K, 0% used [0x00000000d5e00000,0x00000000d5e00000,0x00000000d5f00000)
 ParOldGen       total 1068544K, used 1068516K [0x0000000080000000, 0x00000000c1380000, 0x00000000d5580000)
  object space 1068544K, 99% used [0x0000000080000000,0x00000000c1379278,0x00000000c1380000)
 Metaspace       used 131269K, committed 133568K, reserved 1179648K
  class space    used 14750K, committed 15808K, reserved 1048576K
}
Event: 62.593 GC heap before
{Heap before GC invocations=2648 (full 5):
 PSYoungGen      total 9216K, used 9088K [0x00000000d5580000, 0x00000000d6000000, 0x0000000100000000)
  eden space 8704K, 100% used [0x00000000d5580000,0x00000000d5e00000,0x00000000d5e00000)
  from space 512K, 75% used [0x00000000d5f80000,0x00000000d5fe0000,0x00000000d6000000)
  to   space 1024K, 0% used [0x00000000d5e00000,0x00000000d5e00000,0x00000000d5f00000)
 ParOldGen       total 1068544K, used 1068516K [0x0000000080000000, 0x00000000c1380000, 0x00000000d5580000)
  object space 1068544K, 99% used [0x0000000080000000,0x00000000c1379278,0x00000000c1380000)
 Metaspace       used 131271K, committed 133632K, reserved 1179648K
  class space    used 14750K, committed 15872K, reserved 1048576K
}
Event: 62.596 GC heap after
{Heap after GC invocations=2648 (full 5):
 PSYoungGen      total 9728K, used 1008K [0x00000000d5580000, 0x00000000d6100000, 0x0000000100000000)
  eden space 8704K, 0% used [0x00000000d5580000,0x00000000d5580000,0x00000000d5e00000)
  from space 1024K, 98% used [0x00000000d5e00000,0x00000000d5efc010,0x00000000d5f00000)
  to   space 1536K, 0% used [0x00000000d5f80000,0x00000000d5f80000,0x00000000d6100000)
 ParOldGen       total 1069056K, used 1068836K [0x0000000080000000, 0x00000000c1400000, 0x00000000d5580000)
  object space 1069056K, 99% used [0x0000000080000000,0x00000000c13c9278,0x00000000c1400000)
 Metaspace       used 131271K, committed 133632K, reserved 1179648K
  class space    used 14750K, committed 15872K, reserved 1048576K
}
Event: 62.613 GC heap before
{Heap before GC invocations=2649 (full 5):
 PSYoungGen      total 9728K, used 9712K [0x00000000d5580000, 0x00000000d6100000, 0x0000000100000000)
  eden space 8704K, 100% used [0x00000000d5580000,0x00000000d5e00000,0x00000000d5e00000)
  from space 1024K, 98% used [0x00000000d5e00000,0x00000000d5efc010,0x00000000d5f00000)
  to   space 1536K, 0% used [0x00000000d5f80000,0x00000000d5f80000,0x00000000d6100000)
 ParOldGen       total 1069056K, used 1068836K [0x0000000080000000, 0x00000000c1400000, 0x00000000d5580000)
  object space 1069056K, 99% used [0x0000000080000000,0x00000000c13c9278,0x00000000c1400000)
 Metaspace       used 131271K, committed 133632K, reserved 1179648K
  class space    used 14750K, committed 15872K, reserved 1048576K
}
Event: 62.618 GC heap after
{Heap after GC invocations=2649 (full 5):
 PSYoungGen      total 9728K, used 1512K [0x00000000d5580000, 0x00000000d6200000, 0x0000000100000000)
  eden space 8192K, 0% used [0x00000000d5580000,0x00000000d5580000,0x00000000d5d80000)
  from space 1536K, 98% used [0x00000000d5f80000,0x00000000d60fa270,0x00000000d6100000)
  to   space 2048K, 0% used [0x00000000d5d80000,0x00000000d5d80000,0x00000000d5f80000)
 ParOldGen       total 1070080K, used 1069693K [0x0000000080000000, 0x00000000c1500000, 0x00000000d5580000)
  object space 1070080K, 99% used [0x0000000080000000,0x00000000c149f700,0x00000000c1500000)
 Metaspace       used 131271K, committed 133632K, reserved 1179648K
  class space    used 14750K, committed 15872K, reserved 1048576K
}
Event: 62.629 GC heap before
{Heap before GC invocations=2650 (full 5):
 PSYoungGen      total 9728K, used 9704K [0x00000000d5580000, 0x00000000d6200000, 0x0000000100000000)
  eden space 8192K, 100% used [0x00000000d5580000,0x00000000d5d80000,0x00000000d5d80000)
  from space 1536K, 98% used [0x00000000d5f80000,0x00000000d60fa270,0x00000000d6100000)
  to   space 2048K, 0% used [0x00000000d5d80000,0x00000000d5d80000,0x00000000d5f80000)
 ParOldGen       total 1070080K, used 1069693K [0x0000000080000000, 0x00000000c1500000, 0x00000000d5580000)
  object space 1070080K, 99% used [0x0000000080000000,0x00000000c149f700,0x00000000c1500000)
 Metaspace       used 131271K, committed 133632K, reserved 1179648K
  class space    used 14750K, committed 15872K, reserved 1048576K
}

Dll operation events (12 events):
Event: 0.027 Loaded shared library c:\Users\Tam\.vscode\extensions\redhat.java-1.54.0-win32-x64\jre\21.0.10-win32-x86_64\bin\java.dll
Event: 0.244 Loaded shared library c:\Users\Tam\.vscode\extensions\redhat.java-1.54.0-win32-x64\jre\21.0.10-win32-x86_64\bin\zip.dll
Event: 0.284 Loaded shared library C:\Users\Tam\.vscode\extensions\redhat.java-1.54.0-win32-x64\jre\21.0.10-win32-x86_64\bin\instrument.dll
Event: 0.294 Loaded shared library C:\Users\Tam\.vscode\extensions\redhat.java-1.54.0-win32-x64\jre\21.0.10-win32-x86_64\bin\net.dll
Event: 0.302 Loaded shared library C:\Users\Tam\.vscode\extensions\redhat.java-1.54.0-win32-x64\jre\21.0.10-win32-x86_64\bin\nio.dll
Event: 0.308 Loaded shared library C:\Users\Tam\.vscode\extensions\redhat.java-1.54.0-win32-x64\jre\21.0.10-win32-x86_64\bin\zip.dll
Event: 0.368 Loaded shared library C:\Users\Tam\.vscode\extensions\redhat.java-1.54.0-win32-x64\jre\21.0.10-win32-x86_64\bin\jimage.dll
Event: 0.558 Loaded shared library c:\Users\Tam\.vscode\extensions\redhat.java-1.54.0-win32-x64\jre\21.0.10-win32-x86_64\bin\verify.dll
Event: 3.763 Loaded shared library C:\Users\Tam\AppData\Roaming\Code\User\globalStorage\redhat.java\1.54.0\config_win\org.eclipse.equinox.launcher\org.eclipse.equinox.launcher.win32.win32.x86_64_1.3.0.v20260203-2149\eclipse_11919.dll
Event: 8.222 Loaded shared library C:\Users\Tam\AppData\Local\Temp\jna-83840\jna13778965543565004794.dll
Event: 39.718 Loaded shared library C:\Users\Tam\.vscode\extensions\redhat.java-1.54.0-win32-x64\jre\21.0.10-win32-x86_64\bin\extnet.dll
Event: 39.801 Loaded shared library C:\Users\Tam\.vscode\extensions\redhat.java-1.54.0-win32-x64\jre\21.0.10-win32-x86_64\bin\sunmscapi.dll

Deoptimization events (20 events):
Event: 59.242 Thread 0x000001e086521b80 Uncommon trap: trap_request=0xffffff6e fr.pc=0x000001e0b2caae58 relative=0x0000000000000598
Event: 59.243 Thread 0x000001e086521b80 Uncommon trap: reason=loop_limit_check action=maybe_recompile pc=0x000001e0b2caae58 method=org.codehaus.plexus.util.xml.Xpp3Dom.getChild(Ljava/lang/String;)Lorg/codehaus/plexus/util/xml/Xpp3Dom; @ 29 c2
Event: 59.243 Thread 0x000001e086521b80 DEOPT PACKING pc=0x000001e0b2caae58 sp=0x0000006b0acfe180
Event: 59.243 Thread 0x000001e086521b80 DEOPT UNPACKING pc=0x000001e0b1076da2 sp=0x0000006b0acfe130 mode 2
Event: 59.458 Thread 0x000001e085683fd0 Uncommon trap: trap_request=0xffffff45 fr.pc=0x000001e0b23d8eec relative=0x0000000000000cac
Event: 59.458 Thread 0x000001e085683fd0 Uncommon trap: reason=unstable_if action=reinterpret pc=0x000001e0b23d8eec method=org.apache.maven.model.DependencyManagement.clone()Lorg/apache/maven/model/DependencyManagement; @ 12 c2
Event: 59.458 Thread 0x000001e085683fd0 DEOPT PACKING pc=0x000001e0b23d8eec sp=0x0000006b0e5fe280
Event: 59.458 Thread 0x000001e085683fd0 DEOPT UNPACKING pc=0x000001e0b1076da2 sp=0x0000006b0e5fe250 mode 2
Event: 59.547 Thread 0x000001e085683fd0 DEOPT PACKING pc=0x000001e0ad149b01 sp=0x0000006b0e5fe340
Event: 59.547 Thread 0x000001e085683fd0 DEOPT UNPACKING pc=0x000001e0b10778e2 sp=0x0000006b0e5fd860 mode 0
Event: 59.949 Thread 0x000001e085686730 Uncommon trap: trap_request=0xffffff45 fr.pc=0x000001e0b2020ddc relative=0x000000000000049c
Event: 59.949 Thread 0x000001e085686730 Uncommon trap: reason=unstable_if action=reinterpret pc=0x000001e0b2020ddc method=org.apache.maven.model.merge.ModelMerger.mergePlugin_Version(Lorg/apache/maven/model/Plugin;Lorg/apache/maven/model/Plugin;ZLjava/util/Map;)V @ 12 c2
Event: 59.949 Thread 0x000001e085686730 DEOPT PACKING pc=0x000001e0b2020ddc sp=0x0000006b0e7fdf60
Event: 59.949 Thread 0x000001e085686730 DEOPT UNPACKING pc=0x000001e0b1076da2 sp=0x0000006b0e7fdee0 mode 2
Event: 60.806 Thread 0x000001e086524970 Uncommon trap: trap_request=0xffffff45 fr.pc=0x000001e0b29600e4 relative=0x0000000000002ac4
Event: 60.806 Thread 0x000001e086524970 Uncommon trap: reason=unstable_if action=reinterpret pc=0x000001e0b29600e4 method=org.eclipse.jdt.internal.compiler.parser.Scanner.internalScanIdentifierOrKeyword(II[C)Lorg/eclipse/jdt/internal/compiler/parser/TerminalToken; @ 1197 c2
Event: 60.806 Thread 0x000001e086524970 DEOPT PACKING pc=0x000001e0b29600e4 sp=0x0000006b0a7fee10
Event: 60.806 Thread 0x000001e086524970 DEOPT UNPACKING pc=0x000001e0b1076da2 sp=0x0000006b0a7feda0 mode 2
Event: 62.342 Thread 0x000001e091fdeb50 DEOPT PACKING pc=0x000001e0a9f3c33e sp=0x0000006b0e3fdb80
Event: 62.342 Thread 0x000001e091fdeb50 DEOPT UNPACKING pc=0x000001e0b10778e2 sp=0x0000006b0e3fd0a8 mode 0

Classes loaded (20 events):
Event: 55.430 Loading class java/lang/Class$EnclosingMethodInfo
Event: 55.430 Loading class java/lang/Class$EnclosingMethodInfo done
Event: 56.676 Loading class jdk/internal/math/FormattedFPDecimal
Event: 56.677 Loading class jdk/internal/math/FormattedFPDecimal done
Event: 56.727 Loading class java/util/regex/Pattern$LineEnding
Event: 56.727 Loading class java/util/regex/Pattern$LineEnding done
Event: 56.750 Loading class java/util/TreeMap$ValueSpliterator
Event: 56.751 Loading class java/util/TreeMap$TreeMapSpliterator
Event: 56.751 Loading class java/util/TreeMap$TreeMapSpliterator done
Event: 56.751 Loading class java/util/TreeMap$ValueSpliterator done
Event: 56.757 Loading class java/util/concurrent/Executors$DelegatedScheduledExecutorService
Event: 56.758 Loading class java/util/concurrent/Executors$DelegatedExecutorService
Event: 56.758 Loading class java/util/concurrent/Executors$DelegatedExecutorService done
Event: 56.758 Loading class java/util/concurrent/Executors$DelegatedScheduledExecutorService done
Event: 56.806 Loading class java/util/concurrent/CompletionException
Event: 56.806 Loading class java/util/concurrent/CompletionException done
Event: 56.821 Loading class java/nio/file/FileTreeWalker$1
Event: 56.822 Loading class java/nio/file/FileTreeWalker$1 done
Event: 59.104 Loading class java/util/Hashtable$KeySet
Event: 59.105 Loading class java/util/Hashtable$KeySet done

Classes unloaded (11 events):
Event: 9.031 Thread 0x000001e0a6991840 Unloading class 0x000001e0bf1ad000 'java/lang/invoke/LambdaForm$MH+0x000001e0bf1ad000'
Event: 9.031 Thread 0x000001e0a6991840 Unloading class 0x000001e0bf1acc00 'java/lang/invoke/LambdaForm$MH+0x000001e0bf1acc00'
Event: 9.031 Thread 0x000001e0a6991840 Unloading class 0x000001e0bf1ac800 'java/lang/invoke/LambdaForm$MH+0x000001e0bf1ac800'
Event: 9.031 Thread 0x000001e0a6991840 Unloading class 0x000001e0bf1ac400 'java/lang/invoke/LambdaForm$MH+0x000001e0bf1ac400'
Event: 9.031 Thread 0x000001e0a6991840 Unloading class 0x000001e0bf1ac000 'java/lang/invoke/LambdaForm$BMH+0x000001e0bf1ac000'
Event: 9.031 Thread 0x000001e0a6991840 Unloading class 0x000001e0bf1abc00 'java/lang/invoke/LambdaForm$DMH+0x000001e0bf1abc00'
Event: 9.031 Thread 0x000001e0a6991840 Unloading class 0x000001e0bf1aa800 'java/lang/invoke/LambdaForm$DMH+0x000001e0bf1aa800'
Event: 27.047 Thread 0x000001e0a6991840 Unloading class 0x000001e0bf6d5400 'java/lang/invoke/LambdaForm$DMH+0x000001e0bf6d5400'
Event: 27.047 Thread 0x000001e0a6991840 Unloading class 0x000001e0bf6d4800 'java/lang/invoke/LambdaForm$DMH+0x000001e0bf6d4800'
Event: 27.047 Thread 0x000001e0a6991840 Unloading class 0x000001e0bf6d4c00 'java/lang/invoke/LambdaForm$DMH+0x000001e0bf6d4c00'
Event: 27.047 Thread 0x000001e0a6991840 Unloading class 0x000001e0bf6d5000 'java/lang/invoke/LambdaForm$DMH+0x000001e0bf6d5000'

Classes redefined (0 events):
No events

Internal exceptions (20 events):
Event: 57.619 Thread 0x000001e086521b80 Exception <a 'java/lang/NoSuchMethodError'{0x00000000d58d3440}: 'void java.lang.invoke.DirectMethodHandle$Holder.invokeStatic(java.lang.Object, java.lang.Object, java.lang.Object, java.lang.Object, java.lang.Object, java.lang.Object, java.lang.Object, java.lang.Object)'> (0x00000000d58d3440) 
thrown [s\src\hotspot\share\interpreter\linkResolver.cpp, line 773]
Event: 57.757 Thread 0x000001e086524970 Exception <a 'sun/nio/fs/WindowsException'{0x00000000d601bb50}> (0x00000000d601bb50) 
thrown [s\src\hotspot\share\prims\jni.cpp, line 520]
Event: 57.798 Thread 0x000001e086524970 Exception <a 'sun/nio/fs/WindowsException'{0x00000000d5d2c738}> (0x00000000d5d2c738) 
thrown [s\src\hotspot\share\prims\jni.cpp, line 520]
Event: 57.814 Thread 0x000001e086524970 Exception <a 'sun/nio/fs/WindowsException'{0x00000000d60eb3a0}> (0x00000000d60eb3a0) 
thrown [s\src\hotspot\share\prims\jni.cpp, line 520]
Event: 57.858 Thread 0x000001e086524970 Exception <a 'sun/nio/fs/WindowsException'{0x00000000d59afd88}> (0x00000000d59afd88) 
thrown [s\src\hotspot\share\prims\jni.cpp, line 520]
Event: 58.880 Thread 0x000001e086524970 Exception <a 'sun/nio/fs/WindowsException'{0x00000000d573b080}> (0x00000000d573b080) 
thrown [s\src\hotspot\share\prims\jni.cpp, line 520]
Event: 58.909 Thread 0x000001e086521b80 Exception <a 'java/lang/NoSuchMethodError'{0x00000000d60b2a20}: 'java.lang.Object java.lang.invoke.DirectMethodHandle$Holder.newInvokeSpecial(java.lang.Object, java.lang.Object, java.lang.Object, java.lang.Object, java.lang.Object, java.lang.Object, java.lang.Object, java.lang.Object)'> (0x00000000d60b2a20) 
thrown [s\src\hotspot\share\interpreter\linkResolver.cpp, line 773]
Event: 58.910 Thread 0x000001e086524970 Exception <a 'sun/nio/fs/WindowsException'{0x00000000d607d958}> (0x00000000d607d958) 
thrown [s\src\hotspot\share\prims\jni.cpp, line 520]
Event: 58.927 Thread 0x000001e086524970 Exception <a 'sun/nio/fs/WindowsException'{0x00000000d639e4e0}> (0x00000000d639e4e0) 
thrown [s\src\hotspot\share\prims\jni.cpp, line 520]
Event: 58.944 Thread 0x000001e086524970 Exception <a 'sun/nio/fs/WindowsException'{0x00000000d63bd390}> (0x00000000d63bd390) 
thrown [s\src\hotspot\share\prims\jni.cpp, line 520]
Event: 58.956 Thread 0x000001e086524970 Exception <a 'sun/nio/fs/WindowsException'{0x00000000d645bd58}> (0x00000000d645bd58) 
thrown [s\src\hotspot\share\prims\jni.cpp, line 520]
Event: 58.975 Thread 0x000001e086521b80 Exception <a 'java/io/FileNotFoundException'{0x00000000d562dbc0}> (0x00000000d562dbc0) 
thrown [s\src\hotspot\share\prims\jni.cpp, line 520]
Event: 58.987 Thread 0x000001e086524970 Exception <a 'sun/nio/fs/WindowsException'{0x00000000d582bc28}> (0x00000000d582bc28) 
thrown [s\src\hotspot\share\prims\jni.cpp, line 520]
Event: 59.061 Thread 0x000001e086524970 Exception <a 'sun/nio/fs/WindowsException'{0x00000000d56b4b78}> (0x00000000d56b4b78) 
thrown [s\src\hotspot\share\prims\jni.cpp, line 520]
Event: 62.403 Thread 0x000001e086524970 Exception <a 'sun/nio/fs/WindowsException'{0x00000000d57caa18}> (0x00000000d57caa18) 
thrown [s\src\hotspot\share\prims\jni.cpp, line 520]
Event: 62.438 Thread 0x000001e086524970 Exception <a 'sun/nio/fs/WindowsException'{0x00000000d5ca21e8}> (0x00000000d5ca21e8) 
thrown [s\src\hotspot\share\prims\jni.cpp, line 520]
Event: 62.452 Thread 0x000001e086524970 Exception <a 'sun/nio/fs/WindowsException'{0x00000000d5ddca20}> (0x00000000d5ddca20) 
thrown [s\src\hotspot\share\prims\jni.cpp, line 520]
Event: 62.472 Thread 0x000001e086524970 Exception <a 'sun/nio/fs/WindowsException'{0x00000000d58e55c8}> (0x00000000d58e55c8) 
thrown [s\src\hotspot\share\prims\jni.cpp, line 520]
Event: 62.524 Thread 0x000001e086524970 Exception <a 'sun/nio/fs/WindowsException'{0x00000000d5cdf900}> (0x00000000d5cdf900) 
thrown [s\src\hotspot\share\prims\jni.cpp, line 520]
Event: 62.572 Thread 0x000001e086524970 Exception <a 'sun/nio/fs/WindowsException'{0x00000000d5cadb80}> (0x00000000d5cadb80) 
thrown [s\src\hotspot\share\prims\jni.cpp, line 520]

ZGC Phase Switch (0 events):
No events

VM Operations (20 events):
Event: 62.332 Executing safepoint VM operation: ParallelGCFailedAllocation (Allocation Failure) done
Event: 62.348 Executing safepoint VM operation: ParallelGCFailedAllocation (Allocation Failure)
Event: 62.351 Executing safepoint VM operation: ParallelGCFailedAllocation (Allocation Failure) done
Event: 62.416 Executing safepoint VM operation: ParallelGCFailedAllocation (Allocation Failure)
Event: 62.419 Executing safepoint VM operation: ParallelGCFailedAllocation (Allocation Failure) done
Event: 62.454 Executing safepoint VM operation: ParallelGCFailedAllocation (Allocation Failure)
Event: 62.457 Executing safepoint VM operation: ParallelGCFailedAllocation (Allocation Failure) done
Event: 62.494 Executing safepoint VM operation: ParallelGCFailedAllocation (Allocation Failure)
Event: 62.497 Executing safepoint VM operation: ParallelGCFailedAllocation (Allocation Failure) done
Event: 62.532 Executing safepoint VM operation: ParallelGCFailedAllocation (Allocation Failure)
Event: 62.534 Executing safepoint VM operation: ParallelGCFailedAllocation (Allocation Failure) done
Event: 62.549 Executing safepoint VM operation: ParallelGCFailedAllocation (Allocation Failure)
Event: 62.552 Executing safepoint VM operation: ParallelGCFailedAllocation (Allocation Failure) done
Event: 62.575 Executing safepoint VM operation: ParallelGCFailedAllocation (Allocation Failure)
Event: 62.578 Executing safepoint VM operation: ParallelGCFailedAllocation (Allocation Failure) done
Event: 62.593 Executing safepoint VM operation: ParallelGCFailedAllocation (Allocation Failure)
Event: 62.596 Executing safepoint VM operation: ParallelGCFailedAllocation (Allocation Failure) done
Event: 62.613 Executing safepoint VM operation: ParallelGCFailedAllocation (Allocation Failure)
Event: 62.618 Executing safepoint VM operation: ParallelGCFailedAllocation (Allocation Failure) done
Event: 62.629 Executing safepoint VM operation: ParallelGCFailedAllocation (Allocation Failure)

Memory protections (0 events):
No events

Nmethod flushes (20 events):
Event: 41.058 Thread 0x000001e0a6991840 flushing  nmethod 0x000001e0abf06390
Event: 41.058 Thread 0x000001e0a6991840 flushing  nmethod 0x000001e0abf06790
Event: 41.058 Thread 0x000001e0a6991840 flushing  nmethod 0x000001e0abf07b10
Event: 41.058 Thread 0x000001e0a6991840 flushing  nmethod 0x000001e0abf14f10
Event: 41.058 Thread 0x000001e0a6991840 flushing  nmethod 0x000001e0abf1db10
Event: 41.058 Thread 0x000001e0a6991840 flushing  nmethod 0x000001e0abf26090
Event: 41.058 Thread 0x000001e0a6991840 flushing  nmethod 0x000001e0abf33990
Event: 41.058 Thread 0x000001e0a6991840 flushing  nmethod 0x000001e0abf35910
Event: 41.058 Thread 0x000001e0a6991840 flushing  nmethod 0x000001e0abf37110
Event: 41.058 Thread 0x000001e0a6991840 flushing  nmethod 0x000001e0abf3ac90
Event: 41.058 Thread 0x000001e0a6991840 flushing  nmethod 0x000001e0abf3bc90
Event: 41.058 Thread 0x000001e0a6991840 flushing  nmethod 0x000001e0abf3cd10
Event: 41.058 Thread 0x000001e0a6991840 flushing  nmethod 0x000001e0abf47290
Event: 41.058 Thread 0x000001e0a6991840 flushing  nmethod 0x000001e0abf49190
Event: 41.058 Thread 0x000001e0a6991840 flushing  nmethod 0x000001e0abfda910
Event: 41.058 Thread 0x000001e0a6991840 flushing  nmethod 0x000001e0ac000190
Event: 41.058 Thread 0x000001e0a6991840 flushing  nmethod 0x000001e0ac003c10
Event: 41.058 Thread 0x000001e0a6991840 flushing  nmethod 0x000001e0ac015410
Event: 41.058 Thread 0x000001e0a6991840 flushing  nmethod 0x000001e0ac033790
Event: 41.058 Thread 0x000001e0a6991840 flushing osr nmethod 0x000001e0ac0b9090

Events (20 events):
Event: 57.591 Thread 0x000001e0ff6ec280 Thread added: 0x000001e08657bee0
Event: 59.170 Thread 0x000001e086521b80 Thread added: 0x000001e0856860a0
Event: 59.171 Thread 0x000001e086521b80 Thread added: 0x000001e085686730
Event: 59.171 Thread 0x000001e086521b80 Thread added: 0x000001e085683fd0
Event: 59.171 Thread 0x000001e086521b80 Thread added: 0x000001e091fde4c0
Event: 59.172 Thread 0x000001e086521b80 Thread added: 0x000001e091fdeb50
Event: 59.189 Thread 0x000001e085683fd0 Thread exited: 0x000001e085683fd0
Event: 59.189 Thread 0x000001e091fdeb50 Thread exited: 0x000001e091fdeb50
Event: 59.189 Thread 0x000001e0856860a0 Thread exited: 0x000001e0856860a0
Event: 59.189 Thread 0x000001e085686730 Thread exited: 0x000001e085686730
Event: 59.189 Thread 0x000001e091fde4c0 Thread exited: 0x000001e091fde4c0
Event: 59.263 Thread 0x000001e086521b80 Thread added: 0x000001e091fdeb50
Event: 59.263 Thread 0x000001e086521b80 Thread added: 0x000001e091fe2660
Event: 59.263 Thread 0x000001e086521b80 Thread added: 0x000001e085683fd0
Event: 59.264 Thread 0x000001e086521b80 Thread added: 0x000001e0856860a0
Event: 59.264 Thread 0x000001e086521b80 Thread added: 0x000001e085686730
Event: 60.257 Thread 0x000001e08657bee0 Thread exited: 0x000001e08657bee0
Event: 60.634 Thread 0x000001e086578190 Thread exited: 0x000001e086578190
Event: 62.355 Thread 0x000001e0ff6ec280 Thread added: 0x000001e086579600
Event: 62.355 Thread 0x000001e0ff6ec280 Thread added: 0x000001e086579cd0


Dynamic libraries:
0x00007ff7d24e0000 - 0x00007ff7d24ee000 	c:\Users\Tam\.vscode\extensions\redhat.java-1.54.0-win32-x64\jre\21.0.10-win32-x86_64\bin\java.exe
0x00007ffd8d720000 - 0x00007ffd8d987000 	C:\WINDOWS\SYSTEM32\ntdll.dll
0x00007ffd8c910000 - 0x00007ffd8c9d9000 	C:\WINDOWS\System32\KERNEL32.DLL
0x00007ffd8b0b0000 - 0x00007ffd8b4a4000 	C:\WINDOWS\System32\KERNELBASE.dll
0x00007ffd8ac50000 - 0x00007ffd8ad9b000 	C:\WINDOWS\System32\ucrtbase.dll
0x00007ffd70fe0000 - 0x00007ffd70ff8000 	c:\Users\Tam\.vscode\extensions\redhat.java-1.54.0-win32-x64\jre\21.0.10-win32-x86_64\bin\jli.dll
0x00007ffd8caa0000 - 0x00007ffd8cc65000 	C:\WINDOWS\System32\USER32.dll
0x00007ffd8ada0000 - 0x00007ffd8adc7000 	C:\WINDOWS\System32\win32u.dll
0x00007ffd8b7b0000 - 0x00007ffd8b7db000 	C:\WINDOWS\System32\GDI32.dll
0x00007ffd8a140000 - 0x00007ffd8a26b000 	C:\WINDOWS\System32\gdi32full.dll
0x00007ffd8b000000 - 0x00007ffd8b0a3000 	C:\WINDOWS\System32\msvcp_win.dll
0x00007ffd694a0000 - 0x00007ffd694be000 	c:\Users\Tam\.vscode\extensions\redhat.java-1.54.0-win32-x64\jre\21.0.10-win32-x86_64\bin\VCRUNTIME140.dll
0x00007ffd714e0000 - 0x00007ffd71773000 	C:\WINDOWS\WinSxS\amd64_microsoft.windows.common-controls_6595b64144ccf1df_6.0.26100.8115_none_3e075c82e3354f9c\COMCTL32.dll
0x00007ffd8b550000 - 0x00007ffd8b5f9000 	C:\WINDOWS\System32\msvcrt.dll
0x00007ffd8b950000 - 0x00007ffd8b982000 	C:\WINDOWS\System32\IMM32.DLL
0x00007ffd82900000 - 0x00007ffd8290c000 	c:\Users\Tam\.vscode\extensions\redhat.java-1.54.0-win32-x64\jre\21.0.10-win32-x86_64\bin\vcruntime140_1.dll
0x00007ffd63a60000 - 0x00007ffd63aed000 	c:\Users\Tam\.vscode\extensions\redhat.java-1.54.0-win32-x64\jre\21.0.10-win32-x86_64\bin\msvcp140.dll
0x00007ffcf20e0000 - 0x00007ffcf2e81000 	c:\Users\Tam\.vscode\extensions\redhat.java-1.54.0-win32-x64\jre\21.0.10-win32-x86_64\bin\server\jvm.dll
0x00007ffd8bcf0000 - 0x00007ffd8bda6000 	C:\WINDOWS\System32\ADVAPI32.dll
0x00007ffd8bf50000 - 0x00007ffd8bff7000 	C:\WINDOWS\System32\sechost.dll
0x00007ffd8b690000 - 0x00007ffd8b7a8000 	C:\WINDOWS\System32\RPCRT4.dll
0x00007ffd8b600000 - 0x00007ffd8b680000 	C:\WINDOWS\System32\WS2_32.dll
0x00007ffd88bd0000 - 0x00007ffd88c2e000 	C:\WINDOWS\SYSTEM32\POWRPROF.dll
0x00007ffd7a460000 - 0x00007ffd7a496000 	C:\WINDOWS\SYSTEM32\WINMM.dll
0x00007ffd7f5d0000 - 0x00007ffd7f5db000 	C:\WINDOWS\SYSTEM32\VERSION.dll
0x00007ffd88bb0000 - 0x00007ffd88bc4000 	C:\WINDOWS\SYSTEM32\UMPDC.dll
0x00007ffd88ea0000 - 0x00007ffd88ebb000 	C:\WINDOWS\SYSTEM32\kernel.appcore.dll
0x00007ffd828c0000 - 0x00007ffd828ca000 	c:\Users\Tam\.vscode\extensions\redhat.java-1.54.0-win32-x64\jre\21.0.10-win32-x86_64\bin\jimage.dll
0x00007ffd87ed0000 - 0x00007ffd88112000 	C:\WINDOWS\SYSTEM32\DBGHELP.DLL
0x00007ffd8d180000 - 0x00007ffd8d502000 	C:\WINDOWS\System32\combase.dll
0x00007ffd8b830000 - 0x00007ffd8b908000 	C:\WINDOWS\System32\OLEAUT32.dll
0x00007ffd70370000 - 0x00007ffd703ab000 	C:\WINDOWS\SYSTEM32\dbgcore.DLL
0x00007ffd8add0000 - 0x00007ffd8ae75000 	C:\WINDOWS\System32\bcryptPrimitives.dll
0x00007ffd69460000 - 0x00007ffd6946f000 	c:\Users\Tam\.vscode\extensions\redhat.java-1.54.0-win32-x64\jre\21.0.10-win32-x86_64\bin\instrument.dll
0x00007ffd5bb00000 - 0x00007ffd5bb20000 	c:\Users\Tam\.vscode\extensions\redhat.java-1.54.0-win32-x64\jre\21.0.10-win32-x86_64\bin\java.dll
0x00007ffd8c1a0000 - 0x00007ffd8c907000 	C:\WINDOWS\System32\SHELL32.dll
0x00007ffd8aae0000 - 0x00007ffd8ac4a000 	C:\WINDOWS\System32\wintypes.dll
0x00007ffd8a270000 - 0x00007ffd8aad8000 	C:\WINDOWS\System32\windows.storage.dll
0x00007ffd8bdb0000 - 0x00007ffd8bea8000 	C:\WINDOWS\System32\SHCORE.dll
0x00007ffd8d670000 - 0x00007ffd8d6d6000 	C:\WINDOWS\System32\shlwapi.dll
0x00007ffd89f10000 - 0x00007ffd89f39000 	C:\WINDOWS\SYSTEM32\profapi.dll
0x00007ffd69480000 - 0x00007ffd69498000 	c:\Users\Tam\.vscode\extensions\redhat.java-1.54.0-win32-x64\jre\21.0.10-win32-x86_64\bin\zip.dll
0x00007ffd69470000 - 0x00007ffd69480000 	C:\Users\Tam\.vscode\extensions\redhat.java-1.54.0-win32-x64\jre\21.0.10-win32-x86_64\bin\net.dll
0x00007ffd7fc40000 - 0x00007ffd7fd6d000 	C:\WINDOWS\SYSTEM32\WINHTTP.dll
0x00007ffd89410000 - 0x00007ffd8947c000 	C:\WINDOWS\system32\mswsock.dll
0x00007ffd631a0000 - 0x00007ffd631b6000 	C:\Users\Tam\.vscode\extensions\redhat.java-1.54.0-win32-x64\jre\21.0.10-win32-x86_64\bin\nio.dll
0x00007ffd63190000 - 0x00007ffd631a0000 	c:\Users\Tam\.vscode\extensions\redhat.java-1.54.0-win32-x64\jre\21.0.10-win32-x86_64\bin\verify.dll
0x00007ffd58850000 - 0x00007ffd58895000 	C:\Users\Tam\AppData\Roaming\Code\User\globalStorage\redhat.java\1.54.0\config_win\org.eclipse.equinox.launcher\org.eclipse.equinox.launcher.win32.win32.x86_64_1.3.0.v20260203-2149\eclipse_11919.dll
0x00007ffd8c000000 - 0x00007ffd8c197000 	C:\WINDOWS\System32\ole32.dll
0x00007ffd896f0000 - 0x00007ffd8970b000 	C:\WINDOWS\SYSTEM32\CRYPTSP.dll
0x00007ffd88e00000 - 0x00007ffd88e39000 	C:\WINDOWS\system32\rsaenh.dll
0x00007ffd894c0000 - 0x00007ffd894f3000 	C:\WINDOWS\SYSTEM32\USERENV.dll
0x00007ffd89ee0000 - 0x00007ffd89f0a000 	C:\WINDOWS\SYSTEM32\bcrypt.dll
0x00007ffd89710000 - 0x00007ffd8971c000 	C:\WINDOWS\SYSTEM32\CRYPTBASE.dll
0x00007ffd887c0000 - 0x00007ffd887f2000 	C:\WINDOWS\SYSTEM32\IPHLPAPI.DLL
0x00007ffd8baa0000 - 0x00007ffd8baaa000 	C:\WINDOWS\System32\NSI.dll
0x00007ffd58550000 - 0x00007ffd58599000 	C:\Users\Tam\AppData\Local\Temp\jna-83840\jna13778965543565004794.dll
0x00007ffd8b910000 - 0x00007ffd8b918000 	C:\WINDOWS\System32\PSAPI.DLL
0x00007ffd804e0000 - 0x00007ffd804fd000 	C:\WINDOWS\SYSTEM32\dhcpcsvc6.DLL
0x00007ffd80320000 - 0x00007ffd80345000 	C:\WINDOWS\SYSTEM32\dhcpcsvc.DLL
0x00007ffd88fc0000 - 0x00007ffd88ff6000 	C:\WINDOWS\SYSTEM32\ntmarta.dll
0x00007ffd88850000 - 0x00007ffd88982000 	C:\WINDOWS\SYSTEM32\DNSAPI.dll
0x00007ffd80e00000 - 0x00007ffd80e0b000 	C:\Windows\System32\rasadhlp.dll
0x00007ffd7f440000 - 0x00007ffd7f4c6000 	C:\WINDOWS\System32\fwpuclnt.dll
0x00007ffd5bb70000 - 0x00007ffd5bb79000 	C:\Users\Tam\.vscode\extensions\redhat.java-1.54.0-win32-x64\jre\21.0.10-win32-x86_64\bin\extnet.dll
0x00007ffd5bb50000 - 0x00007ffd5bb5e000 	C:\Users\Tam\.vscode\extensions\redhat.java-1.54.0-win32-x64\jre\21.0.10-win32-x86_64\bin\sunmscapi.dll
0x00007ffd8ae80000 - 0x00007ffd8aff7000 	C:\WINDOWS\System32\CRYPT32.dll
0x00007ffd89910000 - 0x00007ffd89940000 	C:\WINDOWS\SYSTEM32\ncrypt.dll
0x00007ffd898c0000 - 0x00007ffd898ff000 	C:\WINDOWS\SYSTEM32\NTASN1.dll

JVMTI agents:
c:\Users\Tam\.vscode\extensions\redhat.java-1.54.0-win32-x64\lombok\lombok-1.18.39-4050.jar path:c:\Users\Tam\.vscode\extensions\redhat.java-1.54.0-win32-x64\jre\21.0.10-win32-x86_64\bin\instrument.dll, loaded, initialized, instrumentlib options:none

dbghelp: loaded successfully - version: 4.0.5 - missing functions: none
symbol engine: initialized successfully - sym options: 0x614 - pdb path: .;c:\Users\Tam\.vscode\extensions\redhat.java-1.54.0-win32-x64\jre\21.0.10-win32-x86_64\bin;C:\WINDOWS\SYSTEM32;C:\WINDOWS\WinSxS\amd64_microsoft.windows.common-controls_6595b64144ccf1df_6.0.26100.8115_none_3e075c82e3354f9c;c:\Users\Tam\.vscode\extensions\redhat.java-1.54.0-win32-x64\jre\21.0.10-win32-x86_64\bin\server;C:\Users\Tam\AppData\Roaming\Code\User\globalStorage\redhat.java\1.54.0\config_win\org.eclipse.equinox.launcher\org.eclipse.equinox.launcher.win32.win32.x86_64_1.3.0.v20260203-2149;C:\Users\Tam\AppData\Local\Temp\jna-83840

VM Arguments:
jvm_args: --add-modules=ALL-SYSTEM --add-opens=java.base/java.util=ALL-UNNAMED --add-opens=java.base/java.lang=ALL-UNNAMED --add-opens=java.base/sun.nio.fs=ALL-UNNAMED -Declipse.application=org.eclipse.jdt.ls.core.id1 -Dosgi.bundles.defaultStartLevel=4 -Declipse.product=org.eclipse.jdt.ls.core.product -Djava.import.generatesMetadataFilesAtProjectRoot=false -DDetectVMInstallationsJob.disabled=true -Dfile.encoding=utf8 -XX:+UseParallelGC -XX:GCTimeRatio=4 -XX:AdaptiveSizePolicyWeight=90 -Dsun.zip.disableMemoryMapping=true -Xmx2G -Xms100m -Xlog:disable -javaagent:c:\Users\Tam\.vscode\extensions\redhat.java-1.54.0-win32-x64\lombok\lombok-1.18.39-4050.jar -XX:+HeapDumpOnOutOfMemoryError -XX:HeapDumpPath=c:\Users\Tam\AppData\Roaming\Code\User\workspaceStorage\1d7532827261c6b6800ebf5311da248f\redhat.java -Daether.dependencyCollector.impl=bf 
java_command: c:\Users\Tam\.vscode\extensions\redhat.java-1.54.0-win32-x64\server\plugins\org.eclipse.equinox.launcher_1.7.100.v20251111-0406.jar -configuration c:\Users\Tam\AppData\Roaming\Code\User\globalStorage\redhat.java\1.54.0\config_win -data c:\Users\Tam\AppData\Roaming\Code\User\workspaceStorage\1d7532827261c6b6800ebf5311da248f\redhat.java\jdt_ws --pipe=\\.\pipe\lsp-5817a66eed074fa954381da629f43b98-sock
java_class_path (initial): c:\Users\Tam\.vscode\extensions\redhat.java-1.54.0-win32-x64\server\plugins\org.eclipse.equinox.launcher_1.7.100.v20251111-0406.jar
Launcher Type: SUN_STANDARD

[Global flags]
    uintx AdaptiveSizePolicyWeight                 = 90                                        {product} {command line}
     intx CICompilerCount                          = 4                                         {product} {ergonomic}
    uintx GCTimeRatio                              = 4                                         {product} {command line}
     bool HeapDumpOnOutOfMemoryError               = true                                   {manageable} {command line}
    ccstr HeapDumpPath                             = c:\Users\Tam\AppData\Roaming\Code\User\workspaceStorage\1d7532827261c6b6800ebf5311da248f\redhat.java         {manageable} {command line}
   size_t InitialHeapSize                          = 104857600                                 {product} {command line}
   size_t MaxHeapSize                              = 2147483648                                {product} {command line}
   size_t MaxNewSize                               = 715653120                                 {product} {ergonomic}
   size_t MinHeapDeltaBytes                        = 524288                                    {product} {ergonomic}
   size_t MinHeapSize                              = 104857600                                 {product} {command line}
   size_t NewSize                                  = 34603008                                  {product} {ergonomic}
    uintx NonNMethodCodeHeapSize                   = 5839372                                {pd product} {ergonomic}
    uintx NonProfiledCodeHeapSize                  = 122909434                              {pd product} {ergonomic}
   size_t OldSize                                  = 70254592                                  {product} {ergonomic}
    uintx ProfiledCodeHeapSize                     = 122909434                              {pd product} {ergonomic}
    uintx ReservedCodeCacheSize                    = 251658240                              {pd product} {ergonomic}
     bool SegmentedCodeCache                       = true                                      {product} {ergonomic}
   size_t SoftMaxHeapSize                          = 2147483648                             {manageable} {ergonomic}
     bool UseCompressedOops                        = true                           {product lp64_product} {ergonomic}
     bool UseLargePagesIndividualAllocation        = false                                  {pd product} {ergonomic}
     bool UseParallelGC                            = true                                      {product} {command line}

Logging:
Log output configuration:
 #0: stdout all=off uptime,level,tags foldmultilines=false
 #1: stderr all=off uptime,level,tags foldmultilines=false

Release file:
JAVA_VERSION="21.0.10" 
MODULES="java.base java.compiler java.datatransfer java.xml java.prefs java.desktop java.instrument java.logging java.management java.security.sasl java.naming java.rmi java.management.rmi java.net.http java.scripting java.security.jgss java.transaction.xa java.sql java.sql.rowset java.xml.crypto java.se java.smartcardio jdk.accessibility jdk.internal.jvmstat jdk.attach jdk.charsets jdk.internal.opt jdk.zipfs jdk.compiler jdk.crypto.ec jdk.crypto.cryptoki jdk.crypto.mscapi jdk.dynalink jdk.internal.ed jdk.editpad jdk.hotspot.agent jdk.httpserver jdk.internal.le jdk.internal.vm.ci jdk.internal.vm.compiler jdk.internal.vm.compiler.management jdk.jartool jdk.javadoc jdk.jcmd jdk.management jdk.management.agent jdk.jconsole jdk.jdeps jdk.jdwp.agent jdk.jdi jdk.jfr jdk.jshell jdk.jsobject jdk.jstatd jdk.localedata jdk.management.jfr jdk.naming.dns jdk.naming.rmi jdk.net jdk.nio.mapmode jdk.random jdk.sctp jdk.security.auth jdk.security.jgss jdk.unsupported jdk.unsupported.desktop jdk.xml.dom" 

Environment Variables:
PATH=C:\Program Files\Microsoft VS Code;C:\oraclexe\app\oracle\product\11.2.0\server\bin;E:\bin\;C:\WINDOWS\system32;C:\WINDOWS;C:\WINDOWS\System32\Wbem;C:\WINDOWS\System32\WindowsPowerShell\v1.0\;C:\WINDOWS\System32\OpenSSH\;C:\Program Files\NVIDIA Corporation\NVIDIA NvDLISR;C:\Program Files\Microsoft VS Code\bin;D:\MinGW\bin;C:\WINDOWS\system32;C:\WINDOWS;C:\WINDOWS\System32\Wbem;C:\WINDOWS\System32\WindowsPowerShell\v1.0\;C:\WINDOWS\System32\OpenSSH\;C:\Program Files\Azure Data Studio\bin;C:\Program Files\Git\cmd;C:\Program Files\MongoDB\Server\6.0\bin\mongod.cfg;C:\Program Files\MongoDB\Tools\100\bin;C:\Program Files\Docker\Docker\resources\bin;C:\Users\Tam\AppData\Roaming\nvm;C:\Program Files\nodejs;C:\Program Files\Microsoft SQL Server\Client SDK\ODBC\170\Tools\Binn\;C:\Program Files (x86)\Microsoft SQL Server\150\Tools\Binn\;C:\Program Files\Microsoft SQL Server\150\Tools\Binn\;C:\Program Files\Microsoft SQL Server\150\DTS\Binn\;C:\Program Files (x86)\Microsoft SQL Server\160\DTS\Binn\;C:\Program Files\nodejs\;C:\Program Files (x86)\Windows Kits\10\Windows Performance Toolkit\;C:\Program Files\apache-maven-3.9.9\bin;C:\Program Files\Gradle\gradle-8.11.1\bin;C:\gradle-8.12;C:\Users\Tam\AppData\Local\Google\Cloud SDK\google-cloud-sdk\bin;C:\Program Files (x86)\NVIDIA Corporation\PhysX\Common;C:\Program Files\NVIDIA Corporation\NVIDIA App\NvDLISR;C:\Program Files\JetBrains\IntelliJ IDEA Ultimate 2023.3.1\bin;C:\Program Files\JetBrains\WebStorm 2024.1.3\bin;C:\Program Files\dotnet\;D:\AndroidStudioSDK\tools\bin;D:\AndroidStudioSDK\tools;D:\AndroidStudioSDK\emulator;D:\AndroidStudioSDK\platform-tools;D:\Redis\;C:\Program Files\MySQL\MySQL Shell 8.0\bin\;C:\Users\Tam\AppData\Local\Microsoft\WindowsApps;C:\Program Files\Azure Data Studio\bin;C:\Users\Tam\AppData\Local\Programs\mongosh\;C:\Program Files\MongoDB\Server\6.0\bin;C:\Users\Tam\AppData\Roaming\nvm;C:\Program Files\nodejs;C:\Program Files\JetBrains\WebStorm 2024.1.3\bin;C:\Users\Tam\AppData\Roaming\npm;C:\Program Files\MySQL\MySQL Server 8.0\bin;C:\Users\Tam\AppData\Local\Programs\Python\Launcher\;C:\Users\Tam\AppData\Local\Programs\Python\Python312;C:\Users\Tam\AppData\Local\Programs\Python\Python312\Scripts;C:\Program Files\Java\jdk-21\bin;D:\apache\apache-maven-3.9.9\bin;C:\Users\Tam\AppData\Local\Google\Cloud SDK\google-cloud-sdk\bin;C:\Program Files\PostgreSQL\17\bin;;C:\Users\Tam\AppData\Local\Microsoft\WindowsApps;C:\Users\Tam\.dotnet\tools;D:\JetBrains\IntelliJ IDEA 2025.3.3\bin
USERNAME=Tam
OS=Windows_NT
PROCESSOR_IDENTIFIER=Intel64 Family 6 Model 141 Stepping 1, GenuineIntel
TMP=C:\Users\Tam\AppData\Local\Temp
TEMP=C:\Users\Tam\AppData\Local\Temp




Periodic native trim disabled

---------------  S Y S T E M  ---------------

OS:
 Windows 11 , 64 bit Build 26100 (10.0.26100.8246)
OS uptime: 0 days 0:24 hours
Hyper-V role detected

CPU: total 12 (initial active 12) (6 cores per cpu, 2 threads per core) family 6 model 141 stepping 1 microcode 0x3c, cx8, cmov, fxsr, ht, mmx, 3dnowpref, sse, sse2, sse3, ssse3, sse4.1, sse4.2, popcnt, lzcnt, tsc, tscinvbit, avx, avx2, aes, erms, clmul, bmi1, bmi2, adx, avx512f, avx512dq, avx512cd, avx512bw, avx512vl, sha, fma, vzeroupper, avx512_vpopcntdq, avx512_vpclmulqdq, avx512_vaes, avx512_vnni, clflush, clflushopt, clwb, avx512_vbmi2, avx512_vbmi, hv, rdtscp, rdpid, fsrm, gfni, avx512_bitalg, f16c, cet_ibt, cet_ss, avx512_ifma
Processor Information for the first 12 processors :
  Max Mhz: 2688, Current Mhz: 2688, Mhz Limit: 2688

Memory: 4k page, system-wide physical 24355M (1162M free)
TotalPageFile size 32547M (AvailPageFile size 15M)
current process WorkingSet (physical memory assigned to process): 1609M, peak: 1620M
current process commit charge ("private bytes"): 1531M, peak: 1537M

vm_info: OpenJDK 64-Bit Server VM (21.0.10+7-LTS) for windows-amd64 JRE (21.0.10+7-LTS), built on 2026-01-20T00:00:00Z by "admin" with MS VC++ 17.12 (VS2022)

END.
